Archive member included to satisfy reference by file (symbol)

D:/STM32CubeIDE_1.16.1/STM32CubeIDE/plugins/com.st.stm32cube.ide.mcu.externaltools.gnu-tools-for-stm32.12.3.rel1.win32_1.0.200.202406191623/tools/bin/../lib/gcc/arm-none-eabi/12.3.1/../../../../arm-none-eabi/lib/thumb/v7e-m/nofp\libc_nano.a(libc_a-exit.o)
                              D:/STM32CubeIDE_1.16.1/STM32CubeIDE/plugins/com.st.stm32cube.ide.mcu.externaltools.gnu-tools-for-stm32.12.3.rel1.win32_1.0.200.202406191623/tools/bin/../lib/gcc/arm-none-eabi/12.3.1/../../../../arm-none-eabi/lib/thumb/v7e-m/nofp/crt0.o (exit)
D:/STM32CubeIDE_1.16.1/STM32CubeIDE/plugins/com.st.stm32cube.ide.mcu.externaltools.gnu-tools-for-stm32.12.3.rel1.win32_1.0.200.202406191623/tools/bin/../lib/gcc/arm-none-eabi/12.3.1/../../../../arm-none-eabi/lib/thumb/v7e-m/nofp\libc_nano.a(libc_a-nano-vfprintf_float.o)
                              (_printf_float)
D:/STM32CubeIDE_1.16.1/STM32CubeIDE/plugins/com.st.stm32cube.ide.mcu.externaltools.gnu-tools-for-stm32.12.3.rel1.win32_1.0.200.202406191623/tools/bin/../lib/gcc/arm-none-eabi/12.3.1/../../../../arm-none-eabi/lib/thumb/v7e-m/nofp\libc_nano.a(libc_a-nano-vfprintf_i.o)
                              D:/STM32CubeIDE_1.16.1/STM32CubeIDE/plugins/com.st.stm32cube.ide.mcu.externaltools.gnu-tools-for-stm32.12.3.rel1.win32_1.0.200.202406191623/tools/bin/../lib/gcc/arm-none-eabi/12.3.1/../../../../arm-none-eabi/lib/thumb/v7e-m/nofp\libc_nano.a(libc_a-nano-vfprintf_float.o) (_printf_common)
D:/STM32CubeIDE_1.16.1/STM32CubeIDE/plugins/com.st.stm32cube.ide.mcu.externaltools.gnu-tools-for-stm32.12.3.rel1.win32_1.0.200.202406191623/tools/bin/../lib/gcc/arm-none-eabi/12.3.1/../../../../arm-none-eabi/lib/thumb/v7e-m/nofp\libc_nano.a(libc_a-findfp.o)
                              D:/STM32CubeIDE_1.16.1/STM32CubeIDE/plugins/com.st.stm32cube.ide.mcu.externaltools.gnu-tools-for-stm32.12.3.rel1.win32_1.0.200.202406191623/tools/bin/../lib/gcc/arm-none-eabi/12.3.1/../../../../arm-none-eabi/lib/thumb/v7e-m/nofp\libc_nano.a(libc_a-exit.o) (__stdio_exit_handler)
D:/STM32CubeIDE_1.16.1/STM32CubeIDE/plugins/com.st.stm32cube.ide.mcu.externaltools.gnu-tools-for-stm32.12.3.rel1.win32_1.0.200.202406191623/tools/bin/../lib/gcc/arm-none-eabi/12.3.1/../../../../arm-none-eabi/lib/thumb/v7e-m/nofp\libc_nano.a(libc_a-fwalk.o)
                              D:/STM32CubeIDE_1.16.1/STM32CubeIDE/plugins/com.st.stm32cube.ide.mcu.externaltools.gnu-tools-for-stm32.12.3.rel1.win32_1.0.200.202406191623/tools/bin/../lib/gcc/arm-none-eabi/12.3.1/../../../../arm-none-eabi/lib/thumb/v7e-m/nofp\libc_nano.a(libc_a-findfp.o) (_fwalk_sglue)
D:/STM32CubeIDE_1.16.1/STM32CubeIDE/plugins/com.st.stm32cube.ide.mcu.externaltools.gnu-tools-for-stm32.12.3.rel1.win32_1.0.200.202406191623/tools/bin/../lib/gcc/arm-none-eabi/12.3.1/../../../../arm-none-eabi/lib/thumb/v7e-m/nofp\libc_nano.a(libc_a-printf.o)
                              ./Src/007_SPI_Rx_Master_IT.o (printf)
D:/STM32CubeIDE_1.16.1/STM32CubeIDE/plugins/com.st.stm32cube.ide.mcu.externaltools.gnu-tools-for-stm32.12.3.rel1.win32_1.0.200.202406191623/tools/bin/../lib/gcc/arm-none-eabi/12.3.1/../../../../arm-none-eabi/lib/thumb/v7e-m/nofp\libc_nano.a(libc_a-stdio.o)
                              D:/STM32CubeIDE_1.16.1/STM32CubeIDE/plugins/com.st.stm32cube.ide.mcu.externaltools.gnu-tools-for-stm32.12.3.rel1.win32_1.0.200.202406191623/tools/bin/../lib/gcc/arm-none-eabi/12.3.1/../../../../arm-none-eabi/lib/thumb/v7e-m/nofp\libc_nano.a(libc_a-findfp.o) (__sread)
D:/STM32CubeIDE_1.16.1/STM32CubeIDE/plugins/com.st.stm32cube.ide.mcu.externaltools.gnu-tools-for-stm32.12.3.rel1.win32_1.0.200.202406191623/tools/bin/../lib/gcc/arm-none-eabi/12.3.1/../../../../arm-none-eabi/lib/thumb/v7e-m/nofp\libc_nano.a(libc_a-memset.o)
                              D:/STM32CubeIDE_1.16.1/STM32CubeIDE/plugins/com.st.stm32cube.ide.mcu.externaltools.gnu-tools-for-stm32.12.3.rel1.win32_1.0.200.202406191623/tools/bin/../lib/gcc/arm-none-eabi/12.3.1/../../../../arm-none-eabi/lib/thumb/v7e-m/nofp/crt0.o (memset)
D:/STM32CubeIDE_1.16.1/STM32CubeIDE/plugins/com.st.stm32cube.ide.mcu.externaltools.gnu-tools-for-stm32.12.3.rel1.win32_1.0.200.202406191623/tools/bin/../lib/gcc/arm-none-eabi/12.3.1/../../../../arm-none-eabi/lib/thumb/v7e-m/nofp\libc_nano.a(libc_a-localeconv.o)
                              D:/STM32CubeIDE_1.16.1/STM32CubeIDE/plugins/com.st.stm32cube.ide.mcu.externaltools.gnu-tools-for-stm32.12.3.rel1.win32_1.0.200.202406191623/tools/bin/../lib/gcc/arm-none-eabi/12.3.1/../../../../arm-none-eabi/lib/thumb/v7e-m/nofp\libc_nano.a(libc_a-nano-vfprintf_float.o) (_localeconv_r)
D:/STM32CubeIDE_1.16.1/STM32CubeIDE/plugins/com.st.stm32cube.ide.mcu.externaltools.gnu-tools-for-stm32.12.3.rel1.win32_1.0.200.202406191623/tools/bin/../lib/gcc/arm-none-eabi/12.3.1/../../../../arm-none-eabi/lib/thumb/v7e-m/nofp\libc_nano.a(libc_a-closer.o)
[...]
Memory Configuration

Name             Origin             Length             Attributes
RAM              0x20000000         0x00080000         xrw
FLASH            0x08000000         0x00200000         xr
*default*        0x00000000         0xffffffff

Linker script and memory map

LOAD D:/STM32CubeIDE_1.16.1/STM32CubeIDE/plugins/com.st.stm32cube.ide.mcu.externaltools.gnu-tools-for-stm32.12.3.rel1.win32_1.0.200.202406191623/tools/bin/../lib/gcc/arm-none-eabi/12.3.1/thumb/v7e-m/nofp/crti.o
LOAD D:/STM32CubeIDE_1.16.1/STM32CubeIDE/plugins/com.st.stm32cube.ide.mcu.externaltools.gnu-tools-for-stm32.12.3.rel1.win32_1.0.200.202406191623/tools/bin/../lib/gcc/arm-none-eabi/12.3.1/thumb/v7e-m/nofp/crtbegin.o
LOAD D:/STM32CubeIDE_1.16.1/STM32CubeIDE/plugins/com.st.stm32cube.ide.mcu.externaltools.gnu-tools-for-stm32.12.3.rel1.win32_1.0.200.202406191623/tools/bin/../lib/gcc/arm-none-eabi/12.3.1/../../../../arm-none-eabi/lib/thumb/v7e-m/nofp/crt0.o
LOAD ./Src/007_SPI_Rx_Master_IT.o
LOAD ./Src/syscalls.o
LOAD ./Src/sysmem.o
LOAD ./Startup/startup_stm32f767zitx.o
LOAD ./drivers/Src/stm32f767xx_dwt_driver.o
LOAD ./drivers/Src/stm32f767xx_gpio_driver.o
LOAD ./drivers/Src/stm32f767xx_spi_driver.o
START GROUP
LOAD D:/STM32CubeIDE_1.16.1/STM32CubeIDE/plugins/com.st.stm32cube.ide.mcu.externaltools.gnu-tools-for-stm32.12.3.rel1.win32_1.0.200.202406191623/tools/bin/../lib/gcc/arm-none-eabi/12.3.1/../../../../arm-none-eabi/lib/thumb/v7e-m/nofp\libc_nano.a
LOAD D:/STM32CubeIDE_1.16.1/STM32CubeIDE/plugins/com.st.stm32cube.ide.mcu.externaltools.gnu-tools-for-stm32.12.3.rel1.win32_1.0.200.202406191623/tools/bin/../lib/gcc/arm-none-eabi/12.3.1/../../../../arm-none-eabi/lib/thumb/v7e-m/nofp\libm.a
END GROUP
START GROUP
LOAD D:/STM32CubeIDE_1.16.1/STM32CubeIDE/plugins/com.st.stm32cube.ide.mcu.externaltools.gnu-tools-for-stm32.12.3.rel1.win32_1.0.200.202406191623/tools/bin/../lib/gcc/arm-none-eabi/12.3.1/thumb/v7e-m/nofp\libgcc.a
LOAD D:/STM32CubeIDE_1.16.1/STM32CubeIDE/plugins/com.st.stm32cube.ide.mcu.externaltools.gnu-tools-for-stm32.12.3.rel1.win32_1.0.200.202406191623/tools/bin/../lib/gcc/arm-none-eabi/12.3.1/../../../../arm-none-eabi/lib/thumb/v7e-m/nofp\libc_nano.a
END GROUP
START GROUP
LOAD D:/STM32CubeIDE_1.16.1/STM32CubeIDE/plugins/com.st.stm32cube.ide.mcu.externaltools.gnu-tools-for-stm32.12.3.rel1.win32_1.0.200.202406191623/tools/bin/../lib/gcc/arm-none-eabi/12.3.1/thumb/v7e-m/nofp\libgcc.a
LOAD D:/STM32CubeIDE_1.16.1/STM32CubeIDE/plugins/com.st.stm32cube.ide.mcu.externaltools.gnu-tools-for-stm32.12.3.rel1.win32_1.0.200.202406191623/tools/bin/../lib/gcc/arm-none-eabi/12.3.1/../../../../arm-none-eabi/lib/thumb/v7e-m/nofp\libc_nano.a
LOAD D:/STM32CubeIDE_1.16.1/STM32CubeIDE/plugins/com.st.stm32cube.ide.mcu.externaltools.gnu-tools-for-stm32.12.3.rel1.win32_1.0.200.202406191623/tools/bin/../lib/gcc/arm-none-eabi/12.3.1/../../../../arm-none-eabi/lib/thumb/v7e-m/nofp\libnosys.a
END GROUP
START GROUP
LOAD D:/STM32CubeIDE_1.16.1/STM32CubeIDE/plugins/com.st.stm32cube.ide.mcu.externaltools.gnu-tools-for-stm32.12.3.rel1.win32_1.0.200.202406191623/tools/bin/../lib/gcc/arm-none-eabi/12.3.1/thumb/v7e-m/nofp\libgcc.a
LOAD D:/STM32CubeIDE_1.16.1/STM32CubeIDE/plugins/com.st.stm32cube.ide.mcu.externaltools.gnu-tools-for-stm32.12.3.rel1.win32_1.0.200.202406191623/tools/bin/../lib/gcc/arm-none-eabi/12.3.1/../../../../arm-none-eabi/lib/thumb/v7e-m/nofp\libc_nano.a
LOAD D:/STM32CubeIDE_1.16.1/STM32CubeIDE/plugins/com.st.stm32cube.ide.mcu.externaltools.gnu-tools-for-stm32.12.3.rel1.win32_1.0.200.202406191623/tools/bin/../lib/gcc/arm-none-eabi/12.3.1/../../../../arm-none-eabi/lib/thumb/v7e-m/nofp\libnosys.a
END GROUP
LOAD D:/STM32CubeIDE_1.16.1/STM32CubeIDE/plugins/com.st.stm32cube.ide.mcu.externaltools.gnu-tools-for-stm32.12.3.rel1.win32_1.0.200.202406191623/tools/bin/../lib/gcc/arm-none-eabi/12.3.1/thumb/v7e-m/nofp/crtend.o
LOAD D:/STM32CubeIDE_1.16.1/STM32CubeIDE/plugins/com.st.stm32cube.ide.mcu.externaltools.gnu-tools-for-stm32.12.3.rel1.win32_1.0.200.202406191623/tools/bin/../lib/gcc/arm-none-eabi/12.3.1/thumb/v7e-m/nofp/crtn.o
                0x20080000                        _estack = (ORIGIN (RAM) + LENGTH (RAM))
                0x00000200                        _Min_Heap_Size = 0x200
                0x00000400                        _Min_Stack_Size = 0x400

.isr_vector     0x08000000      0x1f8
                0x08000000                        . = ALIGN (0x4)
 *(.isr_vector)
 .isr_vector    0x08000000      0x1f8 ./Startup/startup_stm32f767zitx.o
                0x08000000                g_pfnVectors
                0x080001f8                        . = ALIGN (0x4)

.text           0x08000200     0x4684
                0x08000200                        . = ALIGN (0x4)
 *(.text)
 .text          0x08000200       0x40 D:/STM32CubeIDE_1.16.1/STM32CubeIDE/plugins/com.st.stm32cube.ide.mcu.externaltools.gnu-tools-for-stm32.12.3.rel1.win32_1.0.200.202406191623/tools/bin/../lib/gcc/arm-none-eabi/12.3.1/thumb/v7e-m/nofp/crtbegin.o
 .text          0x08000240       0xa0 D:/STM32CubeIDE_1.16.1/STM32CubeIDE/plugins/com.st.stm32cube.ide.mcu.externaltools.gnu-tools-for-stm32.12.3.rel1.win32_1.0.200.202406191623/tools/bin/../lib/gcc/arm-none-eabi/12.3.1/../../../../arm-none-eabi/lib/thumb/v7e-m/nofp\libc_nano.a(libc_a-memchr.o)
                0x08000240                memchr
 .text          0x080002e0       0x10 D:/STM32CubeIDE_1.16.1/STM32CubeIDE/plugins/com.st.stm32cube.ide.mcu.externaltools.gnu-tools-for-stm32.12.3.rel1.win32_1.0.200.202406191623/tools/bin/../lib/gcc/arm-none-eabi/12.3.1/../../../../arm-none-eabi/lib/thumb/v7e-m/nofp\libc_nano.a(libc_a-strlen.o)
                0x080002e0                strlen
 .text          0x080002f0      0x378 D:/STM32CubeIDE_1.16.1/STM32CubeIDE/plugins/com.st.stm32cube.ide.mcu.externaltools.gnu-tools-for-stm32.12.3.rel1.win32_1.0.200.202406191623/tools/bin/../lib/gcc/arm-none-eabi/12.3.1/thumb/v7e-m/nofp\libgcc.a(_arm_addsubdf3.o)
                0x080002f0                __aeabi_drsub
                0x080002f8                __aeabi_dsub
                0x080002f8                __subdf3
                0x080002fc                __aeabi_dadd
                0x080002fc                __adddf3
                0x08000574                __floatunsidf
                0x08000574                __aeabi_ui2d
                0x08000594                __floatsidf
                0x08000594                __aeabi_i2d
                0x080005b8                __aeabi_f2d
                0x080005b8                __extendsfdf2
                0x080005fc                __floatundidf
                0x080005fc                __aeabi_ul2d
                0x0800060c                __floatdidf
                0x0800060c                __aeabi_l2d
 .text          0x08000668      0x424 D:/STM32CubeIDE_1.16.1/STM32CubeIDE/plugins/com.st.stm32cube.ide.mcu.externaltools.gnu-tools-for-stm32.12.3.rel1.win32_1.0.200.202406191623/tools/bin/../lib/gcc/arm-none-eabi/12.3.1/thumb/v7e-m/nofp\libgcc.a(_arm_muldivdf3.o)
                0x08000668                __aeabi_dmul
                0x08000668                __muldf3
                0x080008bc                __divdf3
                0x080008bc                __aeabi_ddiv
 .text          0x08000a8c      0x110 D:/STM32CubeIDE_1.16.1/STM32CubeIDE/plugins/com.st.stm32cube.ide.mcu.externaltools.gnu-tools-for-stm32.12.3.rel1.win32_1.0.200.202406191623/tools/bin/../lib/gcc/arm-none-eabi/12.3.1/thumb/v7e-m/nofp\libgcc.a(_arm_cmpdf2.o)
                0x08000a8c                __gtdf2
                0x08000a8c                __gedf2
                0x08000a94                __ltdf2
                0x08000a94                __ledf2
                0x08000a9c                __nedf2
                0x08000a9c                __eqdf2
                0x08000a9c                __cmpdf2
                0x08000b18                __aeabi_cdrcmple
                0x08000b28                __aeabi_cdcmpeq
                0x08000b28                __aeabi_cdcmple
                0x08000b38                __aeabi_dcmpeq
                0x08000b4c                __aeabi_dcmplt
                0x08000b60                __aeabi_dcmple
                0x08000b74                __aeabi_dcmpge
                0x08000b88                __aeabi_dcmpgt
 .text          0x08000b9c       0x2c D:/STM32CubeIDE_1.16.1/STM32CubeIDE/plugins/com.st.stm32cube.ide.mcu.externaltools.gnu-tools-for-stm32.12.3.rel1.win32_1.0.200.202406191623/tools/bin/../lib/gcc/arm-none-eabi/12.3.1/thumb/v7e-m/nofp\libgcc.a(_arm_unorddf2.o)
                0x08000b9c                __unorddf2
                0x08000b9c                __aeabi_dcmpun
 .text          0x08000bc8       0x50 D:/STM32CubeIDE_1.16.1/STM32CubeIDE/plugins/com.st.stm32cube.ide.mcu.externaltools.gnu-tools-for-stm32.12.3.rel1.win32_1.0.200.202406191623/tools/bin/../lib/gcc/arm-none-eabi/12.3.1/thumb/v7e-m/nofp\libgcc.a(_arm_fixdfsi.o)
                0x08000bc8                __aeabi_d2iz
                0x08000bc8                __fixdfsi
 *(.text*)
 .text.SPI2_GPIOInits
                0x08000c18       0x5c ./Src/007_SPI_Rx_Master_IT.o
                0x08000c18                SPI2_GPIOInits
 .text.SPI2_Inits
                0x08000c74       0x48 ./Src/007_SPI_Rx_Master_IT.o
                0x08000c74                SPI2_Inits
 .text.Slave_GPIO_InterruptPinInit
                0x08000cbc       0x44 ./Src/007_SPI_Rx_Master_IT.o
                0x08000cbc                Slave_GPIO_InterruptPinInit
 .text.main     0x08000d00       0xcc ./Src/007_SPI_Rx_Master_IT.o
                0x08000d00                main
 .text.SPI2_IRQHandler
                0x08000dcc       0x14 ./Src/007_SPI_Rx_Master_IT.o
                0x08000dcc                SPI2_IRQHandler
 .text.EXTI9_5_IRQHandler
                0x08000de0       0x18 ./Src/007_SPI_Rx_Master_IT.o
                0x08000de0                EXTI9_5_IRQHandler
 .text.ITM_SendChar
                0x08000df8       0x4c ./Src/syscalls.o
                0x08000df8                ITM_SendChar
 .text._getpid  0x08000e44        0xe ./Src/syscalls.o
                0x08000e44                _getpid
 .text._kill    0x08000e52       0x20 ./Src/syscalls.o
                0x08000e52                _kill
 .text._exit    0x08000e72       0x16 ./Src/syscalls.o
                0x08000e72                _exit
 .text._read    0x08000e88       0x3a ./Src/syscalls.o
                0x08000e88                _read
 .text._write   0x08000ec2       0x38 ./Src/syscalls.o
                0x08000ec2                _write
 .text._close   0x08000efa       0x16 ./Src/syscalls.o
                0x08000efa                _close
 .text._fstat   0x08000f10       0x1e ./Src/syscalls.o
                0x08000f10                _fstat
 .text._isatty  0x08000f2e       0x14 ./Src/syscalls.o
                0x08000f2e                _isatty
 .text._lseek   0x08000f42       0x18 ./Src/syscalls.o
                0x08000f42                _lseek
 *fill*         0x08000f5a        0x2 
 .text._sbrk    0x08000f5c       0x6c ./Src/sysmem.o
                0x08000f5c                _sbrk
 .text.Reset_Handler
                0x08000fc8       0x50 ./Startup/startup_stm32f767zitx.o
                0x08000fc8                Reset_Handler
 .text.Default_Handler
                0x08001018        0x2 ./Startup/startup_stm32f767zitx.o
                0x08001018                HASH_RNG_IRQHandler
                0x08001018                EXTI2_IRQHandler
                0x08001018                TIM8_CC_IRQHandler
                0x08001018                DebugMon_Handler
                0x08001018                UART8_IRQHandler
                0x08001018                LP_Timer1_IRQHandler
                0x08001018                SPI4_IRQHandler
                0x08001018                TIM1_CC_IRQHandler
                0x08001018                QuadSPI_IRQHandler
                0x08001018                DMA2_Stream5_IRQHandler
                0x08001018                HardFault_Handler
                0x08001018                JPEG_IRQHandler
                0x08001018                DSIHOST_IRQHandler
                0x08001018                DMA1_Stream5_IRQHandler
                0x08001018                SysTick_Handler
                0x08001018                CAN3_RX1_IRQHandler
                0x08001018                PVD_IRQHandler
                0x08001018                TAMP_STAMP_IRQHandler
                0x08001018                PendSV_Handler
                0x08001018                NMI_Handler
                0x08001018                CAN2_RX1_IRQHandler
                0x08001018                EXTI3_IRQHandler
                0x08001018                TIM8_TRG_COM_TIM14_IRQHandler
                0x08001018                DFSDM1_FLT1_IRQHandler
                0x08001018                TIM1_UP_TIM10_IRQHandler
                0x08001018                TIM8_UP_TIM13_IRQHandler
                0x08001018                I2C3_ER_IRQHandler
                0x08001018                DFSDM1_FLT2_IRQHandler
                0x08001018                LCD_TFT_IRQHandler
                0x08001018                EXTI0_IRQHandler
                0x08001018                I2C2_EV_IRQHandler
                0x08001018                DMA1_Stream2_IRQHandler
                0x08001018                CAN1_RX0_IRQHandler
                0x08001018                FPU_IRQHandler
                0x08001018                OTG_HS_WKUP_IRQHandler
                0x08001018                CAN3_SCE_IRQHandler
                0x08001018                UsageFault_Handler
                0x08001018                CAN2_SCE_IRQHandler
                0x08001018                DMA2_Stream2_IRQHandler
                0x08001018                SPI1_IRQHandler
                0x08001018                TIM6_DAC_IRQHandler
                0x08001018                TIM1_BRK_TIM9_IRQHandler
                0x08001018                DCMI_IRQHandler
                0x08001018                CAN2_RX0_IRQHandler
                0x08001018                DMA2_Stream3_IRQHandler
                0x08001018                RTC_ALARM_IRQHandler
                0x08001018                SAI2_IRQHandler
                0x08001018                DFSDM1_FLT3_IRQHandler
                0x08001018                USART6_IRQHandler
                0x08001018                CAN3_RX0_IRQHandler
                0x08001018                USART3_IRQHandler
                0x08001018                CRYP_IRQHandler
                0x08001018                CAN1_RX1_IRQHandler
                0x08001018                UART5_IRQHandler
                0x08001018                DMA2_Stream0_IRQHandler
                0x08001018                TIM4_IRQHandler
                0x08001018                I2C1_EV_IRQHandler
                0x08001018                DMA1_Stream6_IRQHandler
                0x08001018                DMA1_Stream1_IRQHandler
                0x08001018                UART4_IRQHandler
                0x08001018                LCD_TFT_1_IRQHandler
                0x08001018                TIM3_IRQHandler
                0x08001018                RCC_IRQHandler
                0x08001018                TIM8_BRK_TIM12_IRQHandler
                0x08001018                Default_Handler
                0x08001018                EXTI15_10_IRQHandler
                0x08001018                ADC_IRQHandler
                0x08001018                DMA1_Stream7_IRQHandler
                0x08001018                SPI5_IRQHandler
                0x08001018                TIM7_IRQHandler
                0x08001018                SDMMC1_IRQHandler
                0x08001018                CAN2_TX_IRQHandler
                0x08001018                TIM5_IRQHandler
                0x08001018                DMA2_Stream7_IRQHandler
                0x08001018                I2C3_EV_IRQHandler
                0x08001018                RTC_WKUP_IRQHandler
                0x08001018                ETH_WKUP_IRQHandler
                0x08001018                OTG_HS_EP1_IN_IRQHandler
                0x08001018                MemManage_Handler
                0x08001018                DMA1_Stream0_IRQHandler
                0x08001018                CAN1_TX_IRQHandler
                0x08001018                SVC_Handler
                0x08001018                EXTI4_IRQHandler
                0x08001018                ETH_IRQHandler
                0x08001018                OTG_HS_EP1_OUT_IRQHandler
                0x08001018                WWDG_IRQHandler
                0x08001018                SPI6_IRQHandler
                0x08001018                MDIOS_IRQHandler
                0x08001018                I2C4_EV_IRQHandler
                0x08001018                CAN3_TX_IRQHandler
                0x08001018                TIM2_IRQHandler
                0x08001018                OTG_FS_WKUP_IRQHandler
                0x08001018                TIM1_TRG_COM_TIM11_IRQHandler
                0x08001018                OTG_HS_IRQHandler
                0x08001018                DMA2D_IRQHandler
                0x08001018                EXTI1_IRQHandler
                0x08001018                SDMMC2_IRQHandler
                0x08001018                UART7_IRQHandler
                0x08001018                USART2_IRQHandler
                0x08001018                DFSDM1_FLT0_IRQHandler
                0x08001018                I2C2_ER_IRQHandler
                0x08001018                SPDIFRX_IRQHandler
                0x08001018                DMA2_Stream1_IRQHandler
                0x08001018                CAN1_SCE_IRQHandler
                0x08001018                FLASH_IRQHandler
                0x08001018                DMA2_Stream4_IRQHandler
                0x08001018                BusFault_Handler
                0x08001018                USART1_IRQHandler
                0x08001018                OTG_FS_IRQHandler
                0x08001018                SPI3_IRQHandler
                0x08001018                DMA1_Stream4_IRQHandler
                0x08001018                I2C1_ER_IRQHandler
                0x08001018                FMC_IRQHandler
                0x08001018                I2C4_ER_IRQHandler
                0x08001018                DMA2_Stream6_IRQHandler
                0x08001018                SAI1_IRQHandler
                0x08001018                DMA1_Stream3_IRQHandler
 *fill*         0x0800101a        0x2 
 .text.GPIO_PeriClkControl
                0x0800101c      0x230 ./drivers/Src/stm32f767xx_gpio_driver.o
                0x0800101c                GPIO_PeriClkControl
 .text.GPIO_Init
                0x0800124c      0x3a8 ./drivers/Src/stm32f767xx_gpio_driver.o
                0x0800124c                GPIO_Init
 .text.GPIO_IRQConfig
                0x080015f4      0x1bc ./drivers/Src/stm32f767xx_gpio_driver.o
                0x080015f4                GPIO_IRQConfig
 .text.GPIO_IRQHandling
                0x080017b0       0x40 ./drivers/Src/stm32f767xx_gpio_driver.o
                0x080017b0                GPIO_IRQHandling
 .text.SPI_PeriClkControl
                0x080017f0      0x140 ./drivers/Src/stm32f767xx_spi_driver.o
                0x080017f0                SPI_PeriClkControl
 .text.SPI_Init
                0x08001930       0xb4 ./drivers/Src/stm32f767xx_spi_driver.o
                0x08001930                SPI_Init
 .text.SPI_GetFlagStatus
                0x080019e4       0x26 ./drivers/Src/stm32f767xx_spi_driver.o
                0x080019e4                SPI_GetFlagStatus
 .text.SPI_GetDataLength
                0x08001a0a       0x20 ./drivers/Src/stm32f767xx_spi_driver.o
                0x08001a0a                SPI_GetDataLength
 .text.SPI_PeripheralControl
                0x08001a2a       0x36 ./drivers/Src/stm32f767xx_spi_driver.o
                0x08001a2a                SPI_PeripheralControl
 .text.SPI_SSOEConfig
                0x08001a60       0x36 ./drivers/Src/stm32f767xx_spi_driver.o
                0x08001a60                SPI_SSOEConfig
 *fill*         0x08001a96        0x2 
 .text.SPI_IRQConfig
                0x08001a98      0x1bc ./drivers/Src/stm32f767xx_spi_driver.o
                0x08001a98                SPI_IRQConfig
 .text.SPI_SendDataIT
                0x08001c54       0x46 ./drivers/Src/stm32f767xx_spi_driver.o
                0x08001c54                SPI_SendDataIT
 .text.SPI_ReceiveDataIT
                0x08001c9a       0x46 ./drivers/Src/stm32f767xx_spi_driver.o
                0x08001c9a                SPI_ReceiveDataIT
 .text.SPI_IRQHandling
                0x08001ce0       0x9a ./drivers/Src/stm32f767xx_spi_driver.o
                0x08001ce0                SPI_IRQHandling
 .text.spi_txe_handle_interrupt
                0x08001d7a       0x92 ./drivers/Src/stm32f767xx_spi_driver.o
 .text.spi_rxne_handle_interrupt
                0x08001e0c       0x96 ./drivers/Src/stm32f767xx_spi_driver.o
 .text.spi_ovr_handle_interrupt
                0x08001ea2       0x30 ./drivers/Src/stm32f767xx_spi_driver.o
 .text.SPICloseTransmission
                0x08001ed2       0x34 ./drivers/Src/stm32f767xx_spi_driver.o
                0x08001ed2                SPICloseTransmission
 .text.SPICloseReception
                0x08001f06       0x34 ./drivers/Src/stm32f767xx_spi_driver.o
                0x08001f06                SPICloseReception
 .text.SPIApplicationEventCallback
                0x08001f3a       0x16 ./drivers/Src/stm32f767xx_spi_driver.o
                0x08001f3a                SPIApplicationEventCallback
 .text.__cvt    0x08001f50       0xc8 D:/STM32CubeIDE_1.16.1/STM32CubeIDE/plugins/com.st.stm32cube.ide.mcu.externaltools.gnu-tools-for-stm32.12.3.rel1.win32_1.0.200.202406191623/tools/bin/../lib/gcc/arm-none-eabi/12.3.1/../../../../arm-none-eabi/lib/thumb/v7e-m/nofp\libc_nano.a(libc_a-nano-vfprintf_float.o)
                0x08001f50                __cvt
 .text.__exponent
                0x08002018       0x74 D:/STM32CubeIDE_1.16.1/STM32CubeIDE/plugins/com.st.stm32cube.ide.mcu.externaltools.gnu-tools-for-stm32.12.3.rel1.win32_1.0.200.202406191623/tools/bin/../lib/gcc/arm-none-eabi/12.3.1/../../../../arm-none-eabi/lib/thumb/v7e-m/nofp\libc_nano.a(libc_a-nano-vfprintf_float.o)
                0x08002018                __exponent
 .text._printf_float
                0x0800208c      0x458 D:/STM32CubeIDE_1.16.1/STM32CubeIDE/plugins/com.st.stm32cube.ide.mcu.externaltools.gnu-tools-for-stm32.12.3.rel1.win32_1.0.200.202406191623/tools/bin/../lib/gcc/arm-none-eabi/12.3.1/../../../../arm-none-eabi/lib/thumb/v7e-m/nofp\libc_nano.a(libc_a-nano-vfprintf_float.o)
                0x0800208c                _printf_float
 .text._printf_common
                0x080024e4       0xda D:/STM32CubeIDE_1.16.1/STM32CubeIDE/plugins/com.st.stm32cube.ide.mcu.externaltools.gnu-tools-for-stm32.12.3.rel1.win32_1.0.200.202406191623/tools/bin/../lib/gcc/arm-none-eabi/12.3.1/../../../../arm-none-eabi/lib/thumb/v7e-m/nofp\libc_nano.a(libc_a-nano-vfprintf_i.o)
                0x080024e4                _printf_common
 *fill*         0x080025be        0x2 
 .text._printf_i
                0x080025c0      0x240 D:/STM32CubeIDE_1.16.1/STM32CubeIDE/plugins/com.st.stm32cube.ide.mcu.externaltools.gnu-tools-for-stm32.12.3.rel1.win32_1.0.200.202406191623/tools/bin/../lib/gcc/arm-none-eabi/12.3.1/../../../../arm-none-eabi/lib/thumb/v7e-m/nofp\libc_nano.a(libc_a-nano-vfprintf_i.o)
                0x080025c0                _printf_i
 .text.std      0x08002800       0x6c D:/STM32CubeIDE_1.16.1/STM32CubeIDE/plugins/com.st.stm32cube.ide.mcu.externaltools.gnu-tools-for-stm32.12.3.rel1.win32_1.0.200.202406191623/tools/bin/../lib/gcc/arm-none-eabi/12.3.1/../../../../arm-none-eabi/lib/thumb/v7e-m/nofp\libc_nano.a(libc_a-findfp.o)
 .text.stdio_exit_handler
                0x0800286c       0x18 D:/STM32CubeIDE_1.16.1/STM32CubeIDE/plugins/com.st.stm32cube.ide.mcu.externaltools.gnu-tools-for-stm32.12.3.rel1.win32_1.0.200.202406191623/tools/bin/../lib/gcc/arm-none-eabi/12.3.1/../../../../arm-none-eabi/lib/thumb/v7e-m/nofp\libc_nano.a(libc_a-findfp.o)
 .text.cleanup_stdio
                0x08002884       0x40 D:/STM32CubeIDE_1.16.1/STM32CubeIDE/plugins/com.st.stm32cube.ide.mcu.externaltools.gnu-tools-for-stm32.12.3.rel1.win32_1.0.200.202406191623/tools/bin/../lib/gcc/arm-none-eabi/12.3.1/../../../../arm-none-eabi/lib/thumb/v7e-m/nofp\libc_nano.a(libc_a-findfp.o)
 .text.global_stdio_init.part.0
                0x080028c4       0x3c D:/STM32CubeIDE_1.16.1/STM32CubeIDE/plugins/com.st.stm32cube.ide.mcu.externaltools.gnu-tools-for-stm32.12.3.rel1.win32_1.0.200.202406191623/tools/bin/../lib/gcc/arm-none-eabi/12.3.1/../../../../arm-none-eabi/lib/thumb/v7e-m/nofp\libc_nano.a(libc_a-findfp.o)
 .text.__sfp_lock_acquire
                0x08002900        0xc D:/STM32CubeIDE_1.16.1/STM32CubeIDE/plugins/com.st.stm32cube.ide.mcu.externaltools.gnu-tools-for-stm32.12.3.rel1.win32_1.0.200.202406191623/tools/bin/../lib/gcc/arm-none-eabi/12.3.1/../../../../arm-none-eabi/lib/thumb/v7e-m/nofp\libc_nano.a(libc_a-findfp.o)
                0x08002900                __sfp_lock_acquire
 .text.__sfp_lock_release
                0x0800290c        0xc D:/STM32CubeIDE_1.16.1/STM32CubeIDE/plugins/com.st.stm32cube.ide.mcu.externaltools.gnu-tools-for-stm32.12.3.rel1.win32_1.0.200.202406191623/tools/bin/../lib/gcc/arm-none-eabi/12.3.1/../../../../arm-none-eabi/lib/thumb/v7e-m/nofp\libc_nano.a(libc_a-findfp.o)
                0x0800290c                __sfp_lock_release
 .text.__sinit  0x08002918       0x30 D:/STM32CubeIDE_1.16.1/STM32CubeIDE/plugins/com.st.stm32cube.ide.mcu.externaltools.gnu-tools-for-stm32.12.3.rel1.win32_1.0.200.202406191623/tools/bin/../lib/gcc/arm-none-eabi/12.3.1/../../../../arm-none-eabi/lib/thumb/v7e-m/nofp\libc_nano.a(libc_a-findfp.o)
                0x08002918                __sinit
 .text._fwalk_sglue
                0x08002948       0x3c D:/STM32CubeIDE_1.16.1/STM32CubeIDE/plugins/com.st.stm32cube.ide.mcu.externaltools.gnu-tools-for-stm32.12.3.rel1.win32_1.0.200.202406191623/tools/bin/../lib/gcc/arm-none-eabi/12.3.1/../../../../arm-none-eabi/lib/thumb/v7e-m/nofp\libc_nano.a(libc_a-fwalk.o)
                0x08002948                _fwalk_sglue
 .text.printf   0x08002984       0x24 D:/STM32CubeIDE_1.16.1/STM32CubeIDE/plugins/com.st.stm32cube.ide.mcu.externaltools.gnu-tools-for-stm32.12.3.rel1.win32_1.0.200.202406191623/tools/bin/../lib/gcc/arm-none-eabi/12.3.1/../../../../arm-none-eabi/lib/thumb/v7e-m/nofp\libc_nano.a(libc_a-printf.o)
                0x08002984                iprintf
                0x08002984                printf
 .text.__sread  0x080029a8       0x22 D:/STM32CubeIDE_1.16.1/STM32CubeIDE/plugins/com.st.stm32cube.ide.mcu.externaltools.gnu-tools-for-stm32.12.3.rel1.win32_1.0.200.202406191623/tools/bin/../lib/gcc/arm-none-eabi/12.3.1/../../../../arm-none-eabi/lib/thumb/v7e-m/nofp\libc_nano.a(libc_a-stdio.o)
                0x080029a8                __sread
 .text.__swrite
                0x080029ca       0x38 D:/STM32CubeIDE_1.16.1/STM32CubeIDE/plugins/com.st.stm32cube.ide.mcu.externaltools.gnu-tools-for-stm32.12.3.rel1.win32_1.0.200.202406191623/tools/bin/../lib/gcc/arm-none-eabi/12.3.1/../../../../arm-none-eabi/lib/thumb/v7e-m/nofp\libc_nano.a(libc_a-stdio.o)
                0x080029ca                __swrite
 .text.__sseek  0x08002a02       0x24 D:/STM32CubeIDE_1.16.1/STM32CubeIDE/plugins/com.st.stm32cube.ide.mcu.externaltools.gnu-tools-for-stm32.12.3.rel1.win32_1.0.200.202406191623/tools/bin/../lib/gcc/arm-none-eabi/12.3.1/../../../../arm-none-eabi/lib/thumb/v7e-m/nofp\libc_nano.a(libc_a-stdio.o)
                0x08002a02                __sseek
 .text.__sclose
                0x08002a26        0x8 D:/STM32CubeIDE_1.16.1/STM32CubeIDE/plugins/com.st.stm32cube.ide.mcu.externaltools.gnu-tools-for-stm32.12.3.rel1.win32_1.0.200.202406191623/tools/bin/../lib/gcc/arm-none-eabi/12.3.1/../../../../arm-none-eabi/lib/thumb/v7e-m/nofp\libc_nano.a(libc_a-stdio.o)
                0x08002a26                __sclose
 .text.memset   0x08002a2e       0x10 D:/STM32CubeIDE_1.16.1/STM32CubeIDE/plugins/com.st.stm32cube.ide.mcu.externaltools.gnu-tools-for-stm32.12.3.rel1.win32_1.0.200.202406191623/tools/bin/../lib/gcc/arm-none-eabi/12.3.1/../../../../arm-none-eabi/lib/thumb/v7e-m/nofp\libc_nano.a(libc_a-memset.o)
                0x08002a2e                memset
 *fill*         0x08002a3e        0x2 
 .text._localeconv_r
                0x08002a40        0x8 D:/STM32CubeIDE_1.16.1/STM32CubeIDE/plugins/com.st.stm32cube.ide.mcu.externaltools.gnu-tools-for-stm32.12.3.rel1.win32_1.0.200.202406191623/tools/bin/../lib/gcc/arm-none-eabi/12.3.1/../../../../arm-none-eabi/lib/thumb/v7e-m/nofp\libc_nano.a(libc_a-localeconv.o)
                0x08002a40                _localeconv_r
 .text._close_r
                0x08002a48       0x20 D:/STM32CubeIDE_1.16.1/STM32CubeIDE/plugins/com.st.stm32cube.ide.mcu.externaltools.gnu-tools-for-stm32.12.3.rel1.win32_1.0.200.202406191623/tools/bin/../lib/gcc/arm-none-eabi/12.3.1/../../../../arm-none-eabi/lib/thumb/v7e-m/nofp\libc_nano.a(libc_a-closer.o)
                0x08002a48                _close_r
 .text._lseek_r
                0x08002a68       0x24 D:/STM32CubeIDE_1.16.1/STM32CubeIDE/plugins/com.st.stm32cube.ide.mcu.externaltools.gnu-tools-for-stm32.12.3.rel1.win32_1.0.200.202406191623/tools/bin/../lib/gcc/arm-none-eabi/12.3.1/../../../../arm-none-eabi/lib/thumb/v7e-m/nofp\libc_nano.a(libc_a-lseekr.o)
                0x08002a68                _lseek_r
 .text._read_r  0x08002a8c       0x24 D:/STM32CubeIDE_1.16.1/STM32CubeIDE/plugins/com.st.stm32cube.ide.mcu.externaltools.gnu-tools-for-stm32.12.3.rel1.win32_1.0.200.202406191623/tools/bin/../lib/gcc/arm-none-eabi/12.3.1/../../../../arm-none-eabi/lib/thumb/v7e-m/nofp\libc_nano.a(libc_a-readr.o)
                0x08002a8c                _read_r
 .text._write_r
                0x08002ab0       0x24 D:/STM32CubeIDE_1.16.1/STM32CubeIDE/plugins/com.st.stm32cube.ide.mcu.externaltools.gnu-tools-for-stm32.12.3.rel1.win32_1.0.200.202406191623/tools/bin/../lib/gcc/arm-none-eabi/12.3.1/../../../../arm-none-eabi/lib/thumb/v7e-m/nofp\libc_nano.a(libc_a-writer.o)
                0x08002ab0                _write_r
 .text.__errno  0x08002ad4        0xc D:/STM32CubeIDE_1.16.1/STM32CubeIDE/plugins/com.st.stm32cube.ide.mcu.externaltools.gnu-tools-for-stm32.12.3.rel1.win32_1.0.200.202406191623/tools/bin/../lib/gcc/arm-none-eabi/12.3.1/../../../../arm-none-eabi/lib/thumb/v7e-m/nofp\libc_nano.a(libc_a-errno.o)
                0x08002ad4                __errno
 .text.__libc_init_array
                0x08002ae0       0x48 D:/STM32CubeIDE_1.16.1/STM32CubeIDE/plugins/com.st.stm32cube.ide.mcu.externaltools.gnu-tools-for-stm32.12.3.rel1.win32_1.0.200.202406191623/tools/bin/../lib/gcc/arm-none-eabi/12.3.1/../../../../arm-none-eabi/lib/thumb/v7e-m/nofp\libc_nano.a(libc_a-init.o)
                0x08002ae0                __libc_init_array
 .text.__retarget_lock_init_recursive
                0x08002b28        0x2 D:/STM32CubeIDE_1.16.1/STM32CubeIDE/plugins/com.st.stm32cube.ide.mcu.externaltools.gnu-tools-for-stm32.12.3.rel1.win32_1.0.200.202406191623/tools/bin/../lib/gcc/arm-none-eabi/12.3.1/../../../../arm-none-eabi/lib/thumb/v7e-m/nofp\libc_nano.a(libc_a-lock.o)
                0x08002b28                __retarget_lock_init_recursive
 .text.__retarget_lock_acquire_recursive
                0x08002b2a        0x2 D:/STM32CubeIDE_1.16.1/STM32CubeIDE/plugins/com.st.stm32cube.ide.mcu.externaltools.gnu-tools-for-stm32.12.3.rel1.win32_1.0.200.202406191623/tools/bin/../lib/gcc/arm-none-eabi/12.3.1/../../../../arm-none-eabi/lib/thumb/v7e-m/nofp\libc_nano.a(libc_a-lock.o)
                0x08002b2a                __retarget_lock_acquire_recursive
 .text.__retarget_lock_release_recursive
                0x08002b2c        0x2 D:/STM32CubeIDE_1.16.1/STM32CubeIDE/plugins/com.st.stm32cube.ide.mcu.externaltools.gnu-tools-for-stm32.12.3.rel1.win32_1.0.200.202406191623/tools/bin/../lib/gcc/arm-none-eabi/12.3.1/../../../../arm-none-eabi/lib/thumb/v7e-m/nofp\libc_nano.a(libc_a-lock.o)
                0x08002b2c                __retarget_lock_release_recursive
 .text.quorem   0x08002b2e      0x110 D:/STM32CubeIDE_1.16.1/STM32CubeIDE/plugins/com.st.stm32cube.ide.mcu.externaltools.gnu-tools-for-stm32.12.3.rel1.win32_1.0.200.202406191623/tools/bin/../lib/gcc/arm-none-eabi/12.3.1/../../../../arm-none-eabi/lib/thumb/v7e-m/nofp\libc_nano.a(libc_a-dtoa.o)
 *fill*         0x08002c3e        0x2 
 .text._dtoa_r  0x08002c40      0xb90 D:/STM32CubeIDE_1.16.1/STM32CubeIDE/plugins/com.st.stm32cube.ide.mcu.externaltools.gnu-tools-for-stm32.12.3.rel1.win32_1.0.200.202406191623/tools/bin/../lib/gcc/arm-none-eabi/12.3.1/../../../../arm-none-eabi/lib/thumb/v7e-m/nofp\libc_nano.a(libc_a-dtoa.o)
                0x08002c40                _dtoa_r
 .text._free_r  0x080037d0       0x94 D:/STM32CubeIDE_1.16.1/STM32CubeIDE/plugins/com.st.stm32cube.ide.mcu.externaltools.gnu-tools-for-stm32.12.3.rel1.win32_1.0.200.202406191623/tools/bin/../lib/gcc/arm-none-eabi/12.3.1/../../../../arm-none-eabi/lib/thumb/v7e-m/nofp\libc_nano.a(libc_a-freer.o)
                0x080037d0                _free_r
 .text.malloc   0x08003864       0x10 D:/STM32CubeIDE_1.16.1/STM32CubeIDE/plugins/com.st.stm32cube.ide.mcu.externaltools.gnu-tools-for-stm32.12.3.rel1.win32_1.0.200.202406191623/tools/bin/../lib/gcc/arm-none-eabi/12.3.1/../../../../arm-none-eabi/lib/thumb/v7e-m/nofp\libc_nano.a(libc_a-malloc.o)
                0x08003864                malloc
 .text.sbrk_aligned
                0x08003874       0x44 D:/STM32CubeIDE_1.16.1/STM32CubeIDE/plugins/com.st.stm32cube.ide.mcu.externaltools.gnu-tools-for-stm32.12.3.rel1.win32_1.0.200.202406191623/tools/bin/../lib/gcc/arm-none-eabi/12.3.1/../../../../arm-none-eabi/lib/thumb/v7e-m/nofp\libc_nano.a(libc_a-mallocr.o)
 .text._malloc_r
                0x080038b8      0x100 D:/STM32CubeIDE_1.16.1/STM32CubeIDE/plugins/com.st.stm32cube.ide.mcu.externaltools.gnu-tools-for-stm32.12.3.rel1.win32_1.0.200.202406191623/tools/bin/../lib/gcc/arm-none-eabi/12.3.1/../../../../arm-none-eabi/lib/thumb/v7e-m/nofp\libc_nano.a(libc_a-mallocr.o)
                0x080038b8                _malloc_r
 .text.__malloc_lock
                0x080039b8        0xc D:/STM32CubeIDE_1.16.1/STM32CubeIDE/plugins/com.st.stm32cube.ide.mcu.externaltools.gnu-tools-for-stm32.12.3.rel1.win32_1.0.200.202406191623/tools/bin/../lib/gcc/arm-none-eabi/12.3.1/../../../../arm-none-eabi/lib/thumb/v7e-m/nofp\libc_nano.a(libc_a-mlock.o)
                0x080039b8                __malloc_lock
 .text.__malloc_unlock
                0x080039c4        0xc D:/STM32CubeIDE_1.16.1/STM32CubeIDE/plugins/com.st.stm32cube.ide.mcu.externaltools.gnu-tools-for-stm32.12.3.rel1.win32_1.0.200.202406191623/tools/bin/../lib/gcc/arm-none-eabi/12.3.1/../../../../arm-none-eabi/lib/thumb/v7e-m/nofp\libc_nano.a(libc_a-mlock.o)
                0x080039c4                __malloc_unlock
 .text._Balloc  0x080039d0       0x80 D:/STM32CubeIDE_1.16.1/STM32CubeIDE/plugins/com.st.stm32cube.ide.mcu.externaltools.gnu-tools-for-stm32.12.3.rel1.win32_1.0.200.202406191623/tools/bin/../lib/gcc/arm-none-eabi/12.3.1/../../../../arm-none-eabi/lib/thumb/v7e-m/nofp\libc_nano.a(libc_a-mprec.o)
                0x080039d0                _Balloc
 .text._Bfree   0x08003a50       0x44 D:/STM32CubeIDE_1.16.1/STM32CubeIDE/plugins/com.st.stm32cube.ide.mcu.externaltools.gnu-tools-for-stm32.12.3.rel1.win32_1.0.200.202406191623/tools/bin/../lib/gcc/arm-none-eabi/12.3.1/../../../../arm-none-eabi/lib/thumb/v7e-m/nofp\libc_nano.a(libc_a-mprec.o)
                0x08003a50                _Bfree
 .text.__multadd
                0x08003a94       0x8c D:/STM32CubeIDE_1.16.1/STM32CubeIDE/plugins/com.st.stm32cube.ide.mcu.externaltools.gnu-tools-for-stm32.12.3.rel1.win32_1.0.200.202406191623/tools/bin/../lib/gcc/arm-none-eabi/12.3.1/../../../../arm-none-eabi/lib/thumb/v7e-m/nofp\libc_nano.a(libc_a-mprec.o)
                0x08003a94                __multadd
 .text.__hi0bits
                0x08003b20       0x3e D:/STM32CubeIDE_1.16.1/STM32CubeIDE/plugins/com.st.stm32cube.ide.mcu.externaltools.gnu-tools-for-stm32.12.3.rel1.win32_1.0.200.202406191623/tools/bin/../lib/gcc/arm-none-eabi/12.3.1/../../../../arm-none-eabi/lib/thumb/v7e-m/nofp\libc_nano.a(libc_a-mprec.o)
                0x08003b20                __hi0bits
 .text.__lo0bits
                0x08003b5e       0x5a D:/STM32CubeIDE_1.16.1/STM32CubeIDE/plugins/com.st.stm32cube.ide.mcu.externaltools.gnu-tools-for-stm32.12.3.rel1.win32_1.0.200.202406191623/tools/bin/../lib/gcc/arm-none-eabi/12.3.1/../../../../arm-none-eabi/lib/thumb/v7e-m/nofp\libc_nano.a(libc_a-mprec.o)
                0x08003b5e                __lo0bits
 .text.__i2b    0x08003bb8       0x2c D:/STM32CubeIDE_1.16.1/STM32CubeIDE/plugins/com.st.stm32cube.ide.mcu.externaltools.gnu-tools-for-stm32.12.3.rel1.win32_1.0.200.202406191623/tools/bin/../lib/gcc/arm-none-eabi/12.3.1/../../../../arm-none-eabi/lib/thumb/v7e-m/nofp\libc_nano.a(libc_a-mprec.o)
                0x08003bb8                __i2b
 .text.__multiply
                0x08003be4      0x154 D:/STM32CubeIDE_1.16.1/STM32CubeIDE/plugins/com.st.stm32cube.ide.mcu.externaltools.gnu-tools-for-stm32.12.3.rel1.win32_1.0.200.202406191623/tools/bin/../lib/gcc/arm-none-eabi/12.3.1/../../../../arm-none-eabi/lib/thumb/v7e-m/nofp\libc_nano.a(libc_a-mprec.o)
                0x08003be4                __multiply
 .text.__pow5mult
                0x08003d38       0xb4 D:/STM32CubeIDE_1.16.1/STM32CubeIDE/plugins/com.st.stm32cube.ide.mcu.externaltools.gnu-tools-for-stm32.12.3.rel1.win32_1.0.200.202406191623/tools/bin/../lib/gcc/arm-none-eabi/12.3.1/../../../../arm-none-eabi/lib/thumb/v7e-m/nofp\libc_nano.a(libc_a-mprec.o)
                0x08003d38                __pow5mult
 .text.__lshift
                0x08003dec       0xd8 D:/STM32CubeIDE_1.16.1/STM32CubeIDE/plugins/com.st.stm32cube.ide.mcu.externaltools.gnu-tools-for-stm32.12.3.rel1.win32_1.0.200.202406191623/tools/bin/../lib/gcc/arm-none-eabi/12.3.1/../../../../arm-none-eabi/lib/thumb/v7e-m/nofp\libc_nano.a(libc_a-mprec.o)
                0x08003dec                __lshift
 .text.__mcmp   0x08003ec4       0x36 D:/STM32CubeIDE_1.16.1/STM32CubeIDE/plugins/com.st.stm32cube.ide.mcu.externaltools.gnu-tools-for-stm32.12.3.rel1.win32_1.0.200.202406191623/tools/bin/../lib/gcc/arm-none-eabi/12.3.1/../../../../arm-none-eabi/lib/thumb/v7e-m/nofp\libc_nano.a(libc_a-mprec.o)
                0x08003ec4                __mcmp
 *fill*         0x08003efa        0x2 
 .text.__mdiff  0x08003efc      0x124 D:/STM32CubeIDE_1.16.1/STM32CubeIDE/plugins/com.st.stm32cube.ide.mcu.externaltools.gnu-tools-for-stm32.12.3.rel1.win32_1.0.200.202406191623/tools/bin/../lib/gcc/arm-none-eabi/12.3.1/../../../../arm-none-eabi/lib/thumb/v7e-m/nofp\libc_nano.a(libc_a-mprec.o)
                0x08003efc                __mdiff
 .text.__d2b    0x08004020       0xb0 D:/STM32CubeIDE_1.16.1/STM32CubeIDE/plugins/com.st.stm32cube.ide.mcu.externaltools.gnu-tools-for-stm32.12.3.rel1.win32_1.0.200.202406191623/tools/bin/../lib/gcc/arm-none-eabi/12.3.1/../../../../arm-none-eabi/lib/thumb/v7e-m/nofp\libc_nano.a(libc_a-mprec.o)
                0x08004020                __d2b
 .text.__sfputc_r
                0x080040d0       0x2a D:/STM32CubeIDE_1.16.1/STM32CubeIDE/plugins/com.st.stm32cube.ide.mcu.externaltools.gnu-tools-for-stm32.12.3.rel1.win32_1.0.200.202406191623/tools/bin/../lib/gcc/arm-none-eabi/12.3.1/../../../../arm-none-eabi/lib/thumb/v7e-m/nofp\libc_nano.a(libc_a-nano-vfprintf.o)
 .text.__sfputs_r
                0x080040fa       0x24 D:/STM32CubeIDE_1.16.1/STM32CubeIDE/plugins/com.st.stm32cube.ide.mcu.externaltools.gnu-tools-for-stm32.12.3.rel1.win32_1.0.200.202406191623/tools/bin/../lib/gcc/arm-none-eabi/12.3.1/../../../../arm-none-eabi/lib/thumb/v7e-m/nofp\libc_nano.a(libc_a-nano-vfprintf.o)
                0x080040fa                __sfputs_r
 *fill*         0x0800411e        0x2 
 .text._vfprintf_r
                0x08004120      0x230 D:/STM32CubeIDE_1.16.1/STM32CubeIDE/plugins/com.st.stm32cube.ide.mcu.externaltools.gnu-tools-for-stm32.12.3.rel1.win32_1.0.200.202406191623/tools/bin/../lib/gcc/arm-none-eabi/12.3.1/../../../../arm-none-eabi/lib/thumb/v7e-m/nofp\libc_nano.a(libc_a-nano-vfprintf.o)
                0x08004120                _vfprintf_r
                0x08004120                _vfiprintf_r
 .text.__sflush_r
                0x08004350      0x100 D:/STM32CubeIDE_1.16.1/STM32CubeIDE/plugins/com.st.stm32cube.ide.mcu.externaltools.gnu-tools-for-stm32.12.3.rel1.win32_1.0.200.202406191623/tools/bin/../lib/gcc/arm-none-eabi/12.3.1/../../../../arm-none-eabi/lib/thumb/v7e-m/nofp\libc_nano.a(libc_a-fflush.o)
                0x08004350                __sflush_r
 .text._fflush_r
                0x08004450       0x50 D:/STM32CubeIDE_1.16.1/STM32CubeIDE/plugins/com.st.stm32cube.ide.mcu.externaltools.gnu-tools-for-stm32.12.3.rel1.win32_1.0.200.202406191623/tools/bin/../lib/gcc/arm-none-eabi/12.3.1/../../../../arm-none-eabi/lib/thumb/v7e-m/nofp\libc_nano.a(libc_a-fflush.o)
                0x08004450                _fflush_r
 .text.__swbuf_r
                0x080044a0       0x7c D:/STM32CubeIDE_1.16.1/STM32CubeIDE/plugins/com.st.stm32cube.ide.mcu.externaltools.gnu-tools-for-stm32.12.3.rel1.win32_1.0.200.202406191623/tools/bin/../lib/gcc/arm-none-eabi/12.3.1/../../../../arm-none-eabi/lib/thumb/v7e-m/nofp\libc_nano.a(libc_a-wbuf.o)
                0x080044a0                __swbuf_r
 .text.__swsetup_r
                0x0800451c       0xac D:/STM32CubeIDE_1.16.1/STM32CubeIDE/plugins/com.st.stm32cube.ide.mcu.externaltools.gnu-tools-for-stm32.12.3.rel1.win32_1.0.200.202406191623/tools/bin/../lib/gcc/arm-none-eabi/12.3.1/../../../../arm-none-eabi/lib/thumb/v7e-m/nofp\libc_nano.a(libc_a-wsetup.o)
                0x0800451c                __swsetup_r
 .text._sbrk_r  0x080045c8       0x20 D:/STM32CubeIDE_1.16.1/STM32CubeIDE/plugins/com.st.stm32cube.ide.mcu.externaltools.gnu-tools-for-stm32.12.3.rel1.win32_1.0.200.202406191623/tools/bin/../lib/gcc/arm-none-eabi/12.3.1/../../../../arm-none-eabi/lib/thumb/v7e-m/nofp\libc_nano.a(libc_a-sbrkr.o)
                0x080045c8                _sbrk_r
 .text.memcpy   0x080045e8       0x1c D:/STM32CubeIDE_1.16.1/STM32CubeIDE/plugins/com.st.stm32cube.ide.mcu.externaltools.gnu-tools-for-stm32.12.3.rel1.win32_1.0.200.202406191623/tools/bin/../lib/gcc/arm-none-eabi/12.3.1/../../../../arm-none-eabi/lib/thumb/v7e-m/nofp\libc_nano.a(libc_a-memcpy-stub.o)
                0x080045e8                memcpy
 .text.__assert_func
                0x08004604       0x3c D:/STM32CubeIDE_1.16.1/STM32CubeIDE/plugins/com.st.stm32cube.ide.mcu.externaltools.gnu-tools-for-stm32.12.3.rel1.win32_1.0.200.202406191623/tools/bin/../lib/gcc/arm-none-eabi/12.3.1/../../../../arm-none-eabi/lib/thumb/v7e-m/nofp\libc_nano.a(libc_a-assert.o)
                0x08004604                __assert_func
 .text._calloc_r
                0x08004640       0x28 D:/STM32CubeIDE_1.16.1/STM32CubeIDE/plugins/com.st.stm32cube.ide.mcu.externaltools.gnu-tools-for-stm32.12.3.rel1.win32_1.0.200.202406191623/tools/bin/../lib/gcc/arm-none-eabi/12.3.1/../../../../arm-none-eabi/lib/thumb/v7e-m/nofp\libc_nano.a(libc_a-callocr.o)
                0x08004640                _calloc_r
 .text.__ascii_mbtowc
                0x08004668       0x24 D:/STM32CubeIDE_1.16.1/STM32CubeIDE/plugins/com.st.stm32cube.ide.mcu.externaltools.gnu-tools-for-stm32.12.3.rel1.win32_1.0.200.202406191623/tools/bin/../lib/gcc/arm-none-eabi/12.3.1/../../../../arm-none-eabi/lib/thumb/v7e-m/nofp\libc_nano.a(libc_a-mbtowc_r.o)
                0x08004668                __ascii_mbtowc
 .text.__ascii_wctomb
                0x0800468c       0x1a D:/STM32CubeIDE_1.16.1/STM32CubeIDE/plugins/com.st.stm32cube.ide.mcu.externaltools.gnu-tools-for-stm32.12.3.rel1.win32_1.0.200.202406191623/tools/bin/../lib/gcc/arm-none-eabi/12.3.1/../../../../arm-none-eabi/lib/thumb/v7e-m/nofp\libc_nano.a(libc_a-wctomb_r.o)
                0x0800468c                __ascii_wctomb
 *fill*         0x080046a6        0x2 
 .text.fprintf  0x080046a8       0x24 D:/STM32CubeIDE_1.16.1/STM32CubeIDE/plugins/com.st.stm32cube.ide.mcu.externaltools.gnu-tools-for-stm32.12.3.rel1.win32_1.0.200.202406191623/tools/bin/../lib/gcc/arm-none-eabi/12.3.1/../../../../arm-none-eabi/lib/thumb/v7e-m/nofp\libc_nano.a(libc_a-fprintf.o)
                0x080046a8                fiprintf
                0x080046a8                fprintf
 .text.__swhatbuf_r
                0x080046cc       0x4c D:/STM32CubeIDE_1.16.1/STM32CubeIDE/plugins/com.st.stm32cube.ide.mcu.externaltools.gnu-tools-for-stm32.12.3.rel1.win32_1.0.200.202406191623/tools/bin/../lib/gcc/arm-none-eabi/12.3.1/../../../../arm-none-eabi/lib/thumb/v7e-m/nofp\libc_nano.a(libc_a-makebuf.o)
                0x080046cc                __swhatbuf_r
 .text.__smakebuf_r
                0x08004718       0x78 D:/STM32CubeIDE_1.16.1/STM32CubeIDE/plugins/com.st.stm32cube.ide.mcu.externaltools.gnu-tools-for-stm32.12.3.rel1.win32_1.0.200.202406191623/tools/bin/../lib/gcc/arm-none-eabi/12.3.1/../../../../arm-none-eabi/lib/thumb/v7e-m/nofp\libc_nano.a(libc_a-makebuf.o)
                0x08004718                __smakebuf_r
 .text._fstat_r
                0x08004790       0x24 D:/STM32CubeIDE_1.16.1/STM32CubeIDE/plugins/com.st.stm32cube.ide.mcu.externaltools.gnu-tools-for-stm32.12.3.rel1.win32_1.0.200.202406191623/tools/bin/../lib/gcc/arm-none-eabi/12.3.1/../../../../arm-none-eabi/lib/thumb/v7e-m/nofp\libc_nano.a(libc_a-fstatr.o)
                0x08004790                _fstat_r
 .text._isatty_r
                0x080047b4       0x20 D:/STM32CubeIDE_1.16.1/STM32CubeIDE/plugins/com.st.stm32cube.ide.mcu.externaltools.gnu-tools-for-stm32.12.3.rel1.win32_1.0.200.202406191623/tools/bin/../lib/gcc/arm-none-eabi/12.3.1/../../../../arm-none-eabi/lib/thumb/v7e-m/nofp\libc_nano.a(libc_a-isattyr.o)
                0x080047b4                _isatty_r
 .text.abort    0x080047d4        0xe D:/STM32CubeIDE_1.16.1/STM32CubeIDE/plugins/com.st.stm32cube.ide.mcu.externaltools.gnu-tools-for-stm32.12.3.rel1.win32_1.0.200.202406191623/tools/bin/../lib/gcc/arm-none-eabi/12.3.1/../../../../arm-none-eabi/lib/thumb/v7e-m/nofp\libc_nano.a(libc_a-abort.o)
                0x080047d4                abort
 .text._raise_r
                0x080047e2       0x50 D:/STM32CubeIDE_1.16.1/STM32CubeIDE/plugins/com.st.stm32cube.ide.mcu.externaltools.gnu-tools-for-stm32.12.3.rel1.win32_1.0.200.202406191623/tools/bin/../lib/gcc/arm-none-eabi/12.3.1/../../../../arm-none-eabi/lib/thumb/v7e-m/nofp\libc_nano.a(libc_a-signal.o)
                0x080047e2                _raise_r
 *fill*         0x08004832        0x2 
 .text.raise    0x08004834       0x10 D:/STM32CubeIDE_1.16.1/STM32CubeIDE/plugins/com.st.stm32cube.ide.mcu.externaltools.gnu-tools-for-stm32.12.3.rel1.win32_1.0.200.202406191623/tools/bin/../lib/gcc/arm-none-eabi/12.3.1/../../../../arm-none-eabi/lib/thumb/v7e-m/nofp\libc_nano.a(libc_a-signal.o)
                0x08004834                raise
 .text._kill_r  0x08004844       0x24 D:/STM32CubeIDE_1.16.1/STM32CubeIDE/plugins/com.st.stm32cube.ide.mcu.externaltools.gnu-tools-for-stm32.12.3.rel1.win32_1.0.200.202406191623/tools/bin/../lib/gcc/arm-none-eabi/12.3.1/../../../../arm-none-eabi/lib/thumb/v7e-m/nofp\libc_nano.a(libc_a-signalr.o)
                0x08004844                _kill_r
 .text._getpid_r
                0x08004868        0x4 D:/STM32CubeIDE_1.16.1/STM32CubeIDE/plugins/com.st.stm32cube.ide.mcu.externaltools.gnu-tools-for-stm32.12.3.rel1.win32_1.0.200.202406191623/tools/bin/../lib/gcc/arm-none-eabi/12.3.1/../../../../arm-none-eabi/lib/thumb/v7e-m/nofp\libc_nano.a(libc_a-signalr.o)
                0x08004868                _getpid_r
 *(.glue_7)
 .glue_7        0x0800486c        0x0 linker stubs
 *(.glue_7t)
 .glue_7t       0x0800486c        0x0 linker stubs
 *(.eh_frame)
 .eh_frame      0x0800486c        0x0 D:/STM32CubeIDE_1.16.1/STM32CubeIDE/plugins/com.st.stm32cube.ide.mcu.externaltools.gnu-tools-for-stm32.12.3.rel1.win32_1.0.200.202406191623/tools/bin/../lib/gcc/arm-none-eabi/12.3.1/thumb/v7e-m/nofp/crtbegin.o
 *(.init)
 .init          0x0800486c        0x4 D:/STM32CubeIDE_1.16.1/STM32CubeIDE/plugins/com.st.stm32cube.ide.mcu.externaltools.gnu-tools-for-stm32.12.3.rel1.win32_1.0.200.202406191623/tools/bin/../lib/gcc/arm-none-eabi/12.3.1/thumb/v7e-m/nofp/crti.o
                0x0800486c                _init
 .init          0x08004870        0x8 D:/STM32CubeIDE_1.16.1/STM32CubeIDE/plugins/com.st.stm32cube.ide.mcu.externaltools.gnu-tools-for-stm32.12.3.rel1.win32_1.0.200.202406191623/tools/bin/../lib/gcc/arm-none-eabi/12.3.1/thumb/v7e-m/nofp/crtn.o
 *(.fini)
 .fini          0x08004878        0x4 D:/STM32CubeIDE_1.16.1/STM32CubeIDE/plugins/com.st.stm32cube.ide.mcu.externaltools.gnu-tools-for-stm32.12.3.rel1.win32_1.0.200.202406191623/tools/bin/../lib/gcc/arm-none-eabi/12.3.1/thumb/v7e-m/nofp/crti.o
                0x08004878                _fini
 .fini          0x0800487c        0x8 D:/STM32CubeIDE_1.16.1/STM32CubeIDE/plugins/com.st.stm32cube.ide.mcu.externaltools.gnu-tools-for-stm32.12.3.rel1.win32_1.0.200.202406191623/tools/bin/../lib/gcc/arm-none-eabi/12.3.1/thumb/v7e-m/nofp/crtn.o
                0x08004884                        . = ALIGN (0x4)
                0x08004884                        _etext = .

.vfp11_veneer   0x08004884        0x0
 .vfp11_veneer  0x08004884        0x0 linker stubs

.v4_bx          0x08004884        0x0
 .v4_bx         0x08004884        0x0 linker stubs

.iplt           0x08004884        0x0
 .iplt          0x08004884        0x0 D:/STM32CubeIDE_1.16.1/STM32CubeIDE/plugins/com.st.stm32cube.ide.mcu.externaltools.gnu-tools-for-stm32.12.3.rel1.win32_1.0.200.202406191623/tools/bin/../lib/gcc/arm-none-eabi/12.3.1/thumb/v7e-m/nofp/crtbegin.o

.rodata         0x08004888      0x380
                0x08004888                        . = ALIGN (0x4)
 *(.rodata)
 .rodata        0x08004888       0x10 ./Src/007_SPI_Rx_Master_IT.o
 *(.rodata*)
 .rodata._printf_float.str1.1
                0x08004898       0x12 D:/STM32CubeIDE_1.16.1/STM32CubeIDE/plugins/com.st.stm32cube.ide.mcu.externaltools.gnu-tools-for-stm32.12.3.rel1.win32_1.0.200.202406191623/tools/bin/../lib/gcc/arm-none-eabi/12.3.1/../../../../arm-none-eabi/lib/thumb/v7e-m/nofp\libc_nano.a(libc_a-nano-vfprintf_float.o)
 .rodata._printf_i.str1.1
                0x080048aa       0x22 D:/STM32CubeIDE_1.16.1/STM32CubeIDE/plugins/com.st.stm32cube.ide.mcu.externaltools.gnu-tools-for-stm32.12.3.rel1.win32_1.0.200.202406191623/tools/bin/../lib/gcc/arm-none-eabi/12.3.1/../../../../arm-none-eabi/lib/thumb/v7e-m/nofp\libc_nano.a(libc_a-nano-vfprintf_i.o)
 .rodata._dtoa_r.str1.1
                0x080048cc       0x8d D:/STM32CubeIDE_1.16.1/STM32CubeIDE/plugins/com.st.stm32cube.ide.mcu.externaltools.gnu-tools-for-stm32.12.3.rel1.win32_1.0.200.202406191623/tools/bin/../lib/gcc/arm-none-eabi/12.3.1/../../../../arm-none-eabi/lib/thumb/v7e-m/nofp\libc_nano.a(libc_a-dtoa.o)
                                 0x8f (size before relaxing)
 .rodata._Balloc.str1.1
                0x08004959       0x59 D:/STM32CubeIDE_1.16.1/STM32CubeIDE/plugins/com.st.stm32cube.ide.mcu.externaltools.gnu-tools-for-stm32.12.3.rel1.win32_1.0.200.202406191623/tools/bin/../lib/gcc/arm-none-eabi/12.3.1/../../../../arm-none-eabi/lib/thumb/v7e-m/nofp\libc_nano.a(libc_a-mprec.o)
                                 0x70 (size before relaxing)
 .rodata.__multadd.str1.1
                0x080049b2       0x11 D:/STM32CubeIDE_1.16.1/STM32CubeIDE/plugins/com.st.stm32cube.ide.mcu.externaltools.gnu-tools-for-stm32.12.3.rel1.win32_1.0.200.202406191623/tools/bin/../lib/gcc/arm-none-eabi/12.3.1/../../../../arm-none-eabi/lib/thumb/v7e-m/nofp\libc_nano.a(libc_a-mprec.o)
 *fill*         0x080049b2        0x2 
 .rodata.p05.0  0x080049b4        0xc D:/STM32CubeIDE_1.16.1/STM32CubeIDE/plugins/com.st.stm32cube.ide.mcu.externaltools.gnu-tools-for-stm32.12.3.rel1.win32_1.0.200.202406191623/tools/bin/../lib/gcc/arm-none-eabi/12.3.1/../../../../arm-none-eabi/lib/thumb/v7e-m/nofp\libc_nano.a(libc_a-mprec.o)
 .rodata.__mprec_bigtens
                0x080049c0       0x28 D:/STM32CubeIDE_1.16.1/STM32CubeIDE/plugins/com.st.stm32cube.ide.mcu.externaltools.gnu-tools-for-stm32.12.3.rel1.win32_1.0.200.202406191623/tools/bin/../lib/gcc/arm-none-eabi/12.3.1/../../../../arm-none-eabi/lib/thumb/v7e-m/nofp\libc_nano.a(libc_a-mprec.o)
                0x080049c0                __mprec_bigtens
 .rodata.__mprec_tens
                0x080049e8       0xc8 D:/STM32CubeIDE_1.16.1/STM32CubeIDE/plugins/com.st.stm32cube.ide.mcu.externaltools.gnu-tools-for-stm32.12.3.rel1.win32_1.0.200.202406191623/tools/bin/../lib/gcc/arm-none-eabi/12.3.1/../../../../arm-none-eabi/lib/thumb/v7e-m/nofp\libc_nano.a(libc_a-mprec.o)
                0x080049e8                __mprec_tens
 .rodata._vfprintf_r.str1.1
                0x08004ab0       0x11 D:/STM32CubeIDE_1.16.1/STM32CubeIDE/plugins/com.st.stm32cube.ide.mcu.externaltools.gnu-tools-for-stm32.12.3.rel1.win32_1.0.200.202406191623/tools/bin/../lib/gcc/arm-none-eabi/12.3.1/../../../../arm-none-eabi/lib/thumb/v7e-m/nofp\libc_nano.a(libc_a-nano-vfprintf.o)
 .rodata._setlocale_r.str1.1
                0x08004ac1        0x8 D:/STM32CubeIDE_1.16.1/STM32CubeIDE/plugins/com.st.stm32cube.ide.mcu.externaltools.gnu-tools-for-stm32.12.3.rel1.win32_1.0.200.202406191623/tools/bin/../lib/gcc/arm-none-eabi/12.3.1/../../../../arm-none-eabi/lib/thumb/v7e-m/nofp\libc_nano.a(libc_a-locale.o)
                                  0x9 (size before relaxing)
 .rodata.str1.1
                0x08004ac9        0x2 D:/STM32CubeIDE_1.16.1/STM32CubeIDE/plugins/com.st.stm32cube.ide.mcu.externaltools.gnu-tools-for-stm32.12.3.rel1.win32_1.0.200.202406191623/tools/bin/../lib/gcc/arm-none-eabi/12.3.1/../../../../arm-none-eabi/lib/thumb/v7e-m/nofp\libc_nano.a(libc_a-locale.o)
 .rodata.__assert_func.str1.1
                0x08004acb       0x3c D:/STM32CubeIDE_1.16.1/STM32CubeIDE/plugins/com.st.stm32cube.ide.mcu.externaltools.gnu-tools-for-stm32.12.3.rel1.win32_1.0.200.202406191623/tools/bin/../lib/gcc/arm-none-eabi/12.3.1/../../../../arm-none-eabi/lib/thumb/v7e-m/nofp\libc_nano.a(libc_a-assert.o)
                                 0x3d (size before relaxing)
 .rodata._ctype_
                0x08004b07      0x101 D:/STM32CubeIDE_1.16.1/STM32CubeIDE/plugins/com.st.stm32cube.ide.mcu.externaltools.gnu-tools-for-stm32.12.3.rel1.win32_1.0.200.202406191623/tools/bin/../lib/gcc/arm-none-eabi/12.3.1/../../../../arm-none-eabi/lib/thumb/v7e-m/nofp\libc_nano.a(libc_a-ctype_.o)
                0x08004b07                _ctype_
                0x08004c08                        . = ALIGN (0x4)

.ARM.extab      0x08004c08        0x0
                0x08004c08                        . = ALIGN (0x4)
 *(.ARM.extab* .gnu.linkonce.armextab.*)
                0x08004c08                        . = ALIGN (0x4)

.ARM            0x08004c08        0x8
                0x08004c08                        . = ALIGN (0x4)
                0x08004c08                        __exidx_start = .
 *(.ARM.exidx*)
 .ARM.exidx     0x08004c08        0x8 D:/STM32CubeIDE_1.16.1/STM32CubeIDE/plugins/com.st.stm32cube.ide.mcu.externaltools.gnu-tools-for-stm32.12.3.rel1.win32_1.0.200.202406191623/tools/bin/../lib/gcc/arm-none-eabi/12.3.1/../../../../arm-none-eabi/lib/thumb/v7e-m/nofp\libc_nano.a(libc_a-memchr.o)
 .ARM.exidx     0x08004c10        0x0 D:/STM32CubeIDE_1.16.1/STM32CubeIDE/plugins/com.st.stm32cube.ide.mcu.externaltools.gnu-tools-for-stm32.12.3.rel1.win32_1.0.200.202406191623/tools/bin/../lib/gcc/arm-none-eabi/12.3.1/../../../../arm-none-eabi/lib/thumb/v7e-m/nofp\libc_nano.a(libc_a-strlen.o)
                                  0x8 (size before relaxing)
                0x08004c10                        __exidx_end = .
                0x08004c10                        . = ALIGN (0x4)

.preinit_array  0x08004c10        0x0
                0x08004c10                        . = ALIGN (0x4)
                0x08004c10                        PROVIDE (__preinit_array_start = .)
 *(.preinit_array*)
                0x08004c10                        PROVIDE (__preinit_array_end = .)
                0x08004c10                        . = ALIGN (0x4)

.init_array     0x08004c10        0x4
                0x08004c10                        . = ALIGN (0x4)
                0x08004c10                        PROVIDE (__init_array_start = .)
 *(SORT_BY_NAME(.init_array.*))
 *(.init_array*)
 .init_array    0x08004c10        0x4 D:/STM32CubeIDE_1.16.1/STM32CubeIDE/plugins/com.st.stm32cube.ide.mcu.externaltools.gnu-tools-for-stm32.12.3.rel1.win32_1.0.200.202406191623/tools/bin/../lib/gcc/arm-none-eabi/12.3.1/thumb/v7e-m/nofp/crtbegin.o
                0x08004c14                        PROVIDE (__init_array_end = .)
                0x08004c14                        . = ALIGN (0x4)

.fini_array     0x08004c14        0x4
                0x08004c14                        . = ALIGN (0x4)
                [!provide]                        PROVIDE (__fini_array_start = .)
 *(SORT_BY_NAME(.fini_array.*))
 *(.fini_array*)
 .fini_array    0x08004c14        0x4 D:/STM32CubeIDE_1.16.1/STM32CubeIDE/plugins/com.st.stm32cube.ide.mcu.externaltools.gnu-tools-for-stm32.12.3.rel1.win32_1.0.200.202406191623/tools/bin/../lib/gcc/arm-none-eabi/12.3.1/thumb/v7e-m/nofp/crtbegin.o
                [!provide]                        PROVIDE (__fini_array_end = .)
                0x08004c18                        . = ALIGN (0x4)
                0x08004c18                        _sidata = LOADADDR (.data)

.rel.dyn        0x08004c18        0x0
 .rel.iplt      0x08004c18        0x0 D:/STM32CubeIDE_1.16.1/STM32CubeIDE/plugins/com.st.stm32cube.ide.mcu.externaltools.gnu-tools-for-stm32.12.3.rel1.win32_1.0.200.202406191623/tools/bin/../lib/gcc/arm-none-eabi/12.3.1/thumb/v7e-m/nofp/crtbegin.o

.data           0x20000000      0x1c8 load address 0x08004c18
                0x20000000                        . = ALIGN (0x4)
                0x20000000                        _sdata = .
 *(.data)
 *(.data*)
 .data.__sglue  0x20000000        0xc D:/STM32CubeIDE_1.16.1/STM32CubeIDE/plugins/com.st.stm32cube.ide.mcu.externaltools.gnu-tools-for-stm32.12.3.rel1.win32_1.0.200.202406191623/tools/bin/../lib/gcc/arm-none-eabi/12.3.1/../../../../arm-none-eabi/lib/thumb/v7e-m/nofp\libc_nano.a(libc_a-findfp.o)
                0x20000000                __sglue
 .data._impure_ptr
                0x2000000c        0x4 D:/STM32CubeIDE_1.16.1/STM32CubeIDE/plugins/com.st.stm32cube.ide.mcu.externaltools.gnu-tools-for-stm32.12.3.rel1.win32_1.0.200.202406191623/tools/bin/../lib/gcc/arm-none-eabi/12.3.1/../../../../arm-none-eabi/lib/thumb/v7e-m/nofp\libc_nano.a(libc_a-impure.o)
                0x2000000c                _impure_ptr
 .data._impure_data
                0x20000010       0x4c D:/STM32CubeIDE_1.16.1/STM32CubeIDE/plugins/com.st.stm32cube.ide.mcu.externaltools.gnu-tools-for-stm32.12.3.rel1.win32_1.0.200.202406191623/tools/bin/../lib/gcc/arm-none-eabi/12.3.1/../../../../arm-none-eabi/lib/thumb/v7e-m/nofp\libc_nano.a(libc_a-impure.o)
                0x20000010                _impure_data
 .data.__global_locale
                0x2000005c      0x16c D:/STM32CubeIDE_1.16.1/STM32CubeIDE/plugins/com.st.stm32cube.ide.mcu.externaltools.gnu-tools-for-stm32.12.3.rel1.win32_1.0.200.202406191623/tools/bin/../lib/gcc/arm-none-eabi/12.3.1/../../../../arm-none-eabi/lib/thumb/v7e-m/nofp\libc_nano.a(libc_a-locale.o)
                0x2000005c                __global_locale
 *(.RamFunc)
 *(.RamFunc*)
                0x200001c8                        . = ALIGN (0x4)
                0x200001c8                        _edata = .

.igot.plt       0x200001c8        0x0 load address 0x08004de0
 .igot.plt      0x200001c8        0x0 D:/STM32CubeIDE_1.16.1/STM32CubeIDE/plugins/com.st.stm32cube.ide.mcu.externaltools.gnu-tools-for-stm32.12.3.rel1.win32_1.0.200.202406191623/tools/bin/../lib/gcc/arm-none-eabi/12.3.1/thumb/v7e-m/nofp/crtbegin.o
                0x200001c8                        . = ALIGN (0x4)

.bss            0x200001c8      0x384 load address 0x08004de0
                0x200001c8                        _sbss = .
                0x200001c8                        __bss_start__ = _sbss
 *(.bss)
 .bss           0x200001c8       0x1c D:/STM32CubeIDE_1.16.1/STM32CubeIDE/plugins/com.st.stm32cube.ide.mcu.externaltools.gnu-tools-for-stm32.12.3.rel1.win32_1.0.200.202406191623/tools/bin/../lib/gcc/arm-none-eabi/12.3.1/thumb/v7e-m/nofp/crtbegin.o
 *(.bss*)
 .bss.SPI2handle
                0x200001e4       0x20 ./Src/007_SPI_Rx_Master_IT.o
                0x200001e4                SPI2handle
 .bss.RcvBuff   0x20000204      0x1f4 ./Src/007_SPI_Rx_Master_IT.o
                0x20000204                RcvBuff
 .bss.ReadByte  0x200003f8        0x1 ./Src/007_SPI_Rx_Master_IT.o
                0x200003f8                ReadByte
 .bss.rcvStop   0x200003f9        0x1 ./Src/007_SPI_Rx_Master_IT.o
                0x200003f9                rcvStop
 .bss.dataAvailable
                0x200003fa        0x1 ./Src/007_SPI_Rx_Master_IT.o
                0x200003fa                dataAvailable
 *fill*         0x200003fb        0x1 
 .bss.__sbrk_heap_end
                0x200003fc        0x4 ./Src/sysmem.o
 .bss.__sf      0x20000400      0x138 D:/STM32CubeIDE_1.16.1/STM32CubeIDE/plugins/com.st.stm32cube.ide.mcu.externaltools.gnu-tools-for-stm32.12.3.rel1.win32_1.0.200.202406191623/tools/bin/../lib/gcc/arm-none-eabi/12.3.1/../../../../arm-none-eabi/lib/thumb/v7e-m/nofp\libc_nano.a(libc_a-findfp.o)
                0x20000400                __sf
 .bss.__stdio_exit_handler
                0x20000538        0x4 D:/STM32CubeIDE_1.16.1/STM32CubeIDE/plugins/com.st.stm32cube.ide.mcu.externaltools.gnu-tools-for-stm32.12.3.rel1.win32_1.0.200.202406191623/tools/bin/../lib/gcc/arm-none-eabi/12.3.1/../../../../arm-none-eabi/lib/thumb/v7e-m/nofp\libc_nano.a(libc_a-findfp.o)
                0x20000538                __stdio_exit_handler
 .bss.errno     0x2000053c        0x4 D:/STM32CubeIDE_1.16.1/STM32CubeIDE/plugins/com.st.stm32cube.ide.mcu.externaltools.gnu-tools-for-stm32.12.3.rel1.win32_1.0.200.202406191623/tools/bin/../lib/gcc/arm-none-eabi/12.3.1/../../../../arm-none-eabi/lib/thumb/v7e-m/nofp\libc_nano.a(libc_a-reent.o)
                0x2000053c                errno
 .bss.__lock___malloc_recursive_mutex
                0x20000540        0x1 D:/STM32CubeIDE_1.16.1/STM32CubeIDE/plugins/com.st.stm32cube.ide.mcu.externaltools.gnu-tools-for-stm32.12.3.rel1.win32_1.0.200.202406191623/tools/bin/../lib/gcc/arm-none-eabi/12.3.1/../../../../arm-none-eabi/lib/thumb/v7e-m/nofp\libc_nano.a(libc_a-lock.o)
                0x20000540                __lock___malloc_recursive_mutex
 .bss.__lock___sfp_recursive_mutex
                0x20000541        0x1 D:/STM32CubeIDE_1.16.1/STM32CubeIDE/plugins/com.st.stm32cube.ide.mcu.externaltools.gnu-tools-for-stm32.12.3.rel1.win32_1.0.200.202406191623/tools/bin/../lib/gcc/arm-none-eabi/12.3.1/../../../../arm-none-eabi/lib/thumb/v7e-m/nofp\libc_nano.a(libc_a-lock.o)
                0x20000541                __lock___sfp_recursive_mutex
 *fill*         0x20000542        0x2 
 .bss.__malloc_sbrk_start
                0x20000544        0x4 D:/STM32CubeIDE_1.16.1/STM32CubeIDE/plugins/com.st.stm32cube.ide.mcu.externaltools.gnu-tools-for-stm32.12.3.rel1.win32_1.0.200.202406191623/tools/bin/../lib/gcc/arm-none-eabi/12.3.1/../../../../arm-none-eabi/lib/thumb/v7e-m/nofp\libc_nano.a(libc_a-mallocr.o)
                0x20000544                __malloc_sbrk_start
 .bss.__malloc_free_list
                0x20000548        0x4 D:/STM32CubeIDE_1.16.1/STM32CubeIDE/plugins/com.st.stm32cube.ide.mcu.externaltools.gnu-tools-for-stm32.12.3.rel1.win32_1.0.200.202406191623/tools/bin/../lib/gcc/arm-none-eabi/12.3.1/../../../../arm-none-eabi/lib/thumb/v7e-m/nofp\libc_nano.a(libc_a-mallocr.o)
                0x20000548                __malloc_free_list
 *(COMMON)
                0x2000054c                        . = ALIGN (0x4)
                0x2000054c                        _ebss = .
                0x2000054c                        __bss_end__ = _ebss

._user_heap_stack
                0x2000054c      0x604 load address 0x08004de0
                0x20000550                        . = ALIGN (0x8)
 *fill*         0x2000054c        0x4 
                [!provide]                        PROVIDE (end = .)
                0x20000550                        PROVIDE (_end = .)
                0x20000750                        . = (. + _Min_Heap_Size)
 *fill*         0x20000550      0x200 
                0x20000b50                        . = (. + _Min_Stack_Size)
 *fill*         0x20000750      0x400 
                0x20000b50                        . = ALIGN (0x8)

/DISCARD/
 libc.a(*)
 libm.a(*)
 libgcc.a(*)

.ARM.attributes
                0x00000000       0x2a
 *(.ARM.attributes)
 .ARM.attributes
                0x00000000       0x1e D:/STM32CubeIDE_1.16.1/STM32CubeIDE/plugins/com.st.stm32cube.ide.mcu.externaltools.gnu-tools-for-stm32.12.3.rel1.win32_1.0.200.202406191623/tools/bin/../lib/gcc/arm-none-eabi/12.3.1/thumb/v7e-m/nofp/crti.o
 .ARM.attributes
                0x0000001e       0x2e D:/STM32CubeIDE_1.16.1/STM32CubeIDE/plugins/com.st.stm32cube.ide.mcu.externaltools.gnu-tools-for-stm32.12.3.rel1.win32_1.0.200.202406191623/tools/bin/../lib/gcc/arm-none-eabi/12.3.1/thumb/v7e-m/nofp/crtbegin.o
 .ARM.attributes
                0x0000004c       0x2e ./Src/007_SPI_Rx_Master_IT.o
 .ARM.attributes
                0x0000007a       0x2e ./Src/syscalls.o
 .ARM.attributes
                0x000000a8       0x2e ./Src/sysmem.o
 .ARM.attributes
                0x000000d6       0x21 ./Startup/startup_stm32f767zitx.o
 .ARM.attributes
                0x000000f7       0x2e ./drivers/Src/stm32f767xx_gpio_driver.o
 .ARM.attributes
                0x00000125       0x2e ./drivers/Src/stm32f767xx_spi_driver.o
 .ARM.attributes
                0x00000153       0x2e D:/STM32CubeIDE_1.16.1/STM32CubeIDE/plugins/com.st.stm32cube.ide.mcu.externaltools.gnu-tools-for-stm32.12.3.rel1.win32_1.0.200.202406191623/tools/bin/../lib/gcc/arm-none-eabi/12.3.1/../../../../arm-none-eabi/lib/thumb/v7e-m/nofp\libc_nano.a(libc_a-nano-vfprintf_float.o)
 .ARM.attributes
                0x00000181       0x2e D:/STM32CubeIDE_1.16.1/STM32CubeIDE/plugins/com.st.stm32cube.ide.mcu.externaltools.gnu-tools-for-stm32.12.3.rel1.win32_1.0.200.202406191623/tools/bin/../lib/gcc/arm-none-eabi/12.3.1/../../../../arm-none-eabi/lib/thumb/v7e-m/nofp\libc_nano.a(libc_a-nano-vfprintf_i.o)
 .ARM.attributes
                0x000001af       0x2e D:/STM32CubeIDE_1.16.1/STM32CubeIDE/plugins/com.st.stm32cube.ide.mcu.externaltools.gnu-tools-for-stm32.12.3.rel1.win32_1.0.200.202406191623/tools/bin/../lib/gcc/arm-none-eabi/12.3.1/../../../../arm-none-eabi/lib/thumb/v7e-m/nofp\libc_nano.a(libc_a-findfp.o)
 .ARM.attributes
                0x000001dd       0x2e D:/STM32CubeIDE_1.16.1/STM32CubeIDE/plugins/com.st.stm32cube.ide.mcu.externaltools.gnu-tools-for-stm32.12.3.rel1.win32_1.0.200.202406191623/tools/bin/../lib/gcc/arm-none-eabi/12.3.1/../../../../arm-none-eabi/lib/thumb/v7e-m/nofp\libc_nano.a(libc_a-fwalk.o)
 .ARM.attributes
                0x0000020b       0x2e D:/STM32CubeIDE_1.16.1/STM32CubeIDE/plugins/com.st.stm32cube.ide.mcu.externaltools.gnu-tools-for-stm32.12.3.rel1.win32_1.0.200.202406191623/tools/bin/../lib/gcc/arm-none-eabi/12.3.1/../../../../arm-none-eabi/lib/thumb/v7e-m/nofp\libc_nano.a(libc_a-printf.o)
 .ARM.attributes
                0x00000239       0x2e D:/STM32CubeIDE_1.16.1/STM32CubeIDE/plugins/com.st.stm32cube.ide.mcu.externaltools.gnu-tools-for-stm32.12.3.rel1.win32_1.0.200.202406191623/tools/bin/../lib/gcc/arm-none-eabi/12.3.1/../../../../arm-none-eabi/lib/thumb/v7e-m/nofp\libc_nano.a(libc_a-stdio.o)
 .ARM.attributes
                0x00000267       0x2e D:/STM32CubeIDE_1.16.1/STM32CubeIDE/plugins/com.st.stm32cube.ide.mcu.externaltools.gnu-tools-for-stm32.12.3.rel1.win32_1.0.200.202406191623/tools/bin/../lib/gcc/arm-none-eabi/12.3.1/../../../../arm-none-eabi/lib/thumb/v7e-m/nofp\libc_nano.a(libc_a-memset.o)
 .ARM.attributes
                0x00000295       0x2e D:/STM32CubeIDE_1.16.1/STM32CubeIDE/plugins/com.st.stm32cube.ide.mcu.externaltools.gnu-tools-for-stm32.12.3.rel1.win32_1.0.200.202406191623/tools/bin/../lib/gcc/arm-none-eabi/12.3.1/../../../../arm-none-eabi/lib/thumb/v7e-m/nofp\libc_nano.a(libc_a-localeconv.o)
 .ARM.attributes
                0x000002c3       0x2e D:/STM32CubeIDE_1.16.1/STM32CubeIDE/plugins/com.st.stm32cube.ide.mcu.externaltools.gnu-tools-for-stm32.12.3.rel1.win32_1.0.200.202406191623/tools/bin/../lib/gcc/arm-none-eabi/12.3.1/../../../../arm-none-eabi/lib/thumb/v7e-m/nofp\libc_nano.a(libc_a-closer.o)
 .ARM.attributes
                0x000002f1       0x2e D:/STM32CubeIDE_1.16.1/STM32CubeIDE/plugins/com.st.stm32cube.ide.mcu.externaltools.gnu-tools-for-stm32.12.3.rel1.win32_1.0.200.202406191623/tools/bin/../lib/gcc/arm-none-eabi/12.3.1/../../../../arm-none-eabi/lib/thumb/v7e-m/nofp\libc_nano.a(libc_a-reent.o)
 .ARM.attributes
                0x0000031f       0x2e D:/STM32CubeIDE_1.16.1/STM32CubeIDE/plugins/com.st.stm32cube.ide.mcu.externaltools.gnu-tools-for-stm32.12.3.rel1.win32_1.0.200.202406191623/tools/bin/../lib/gcc/arm-none-eabi/12.3.1/../../../../arm-none-eabi/lib/thumb/v7e-m/nofp\libc_nano.a(libc_a-impure.o)
 .ARM.attributes
                0x0000034d       0x2e D:/STM32CubeIDE_1.16.1/STM32CubeIDE/plugins/com.st.stm32cube.ide.mcu.externaltools.gnu-tools-for-stm32.12.3.rel1.win32_1.0.200.202406191623/tools/bin/../lib/gcc/arm-none-eabi/12.3.1/../../../../arm-none-eabi/lib/thumb/v7e-m/nofp\libc_nano.a(libc_a-lseekr.o)
 .ARM.attributes
                0x0000037b       0x2e D:/STM32CubeIDE_1.16.1/STM32CubeIDE/plugins/com.st.stm32cube.ide.mcu.externaltools.gnu-tools-for-stm32.12.3.rel1.win32_1.0.200.202406191623/tools/bin/../lib/gcc/arm-none-eabi/12.3.1/../../../../arm-none-eabi/lib/thumb/v7e-m/nofp\libc_nano.a(libc_a-readr.o)
 .ARM.attributes
                0x000003a9       0x2e D:/STM32CubeIDE_1.16.1/STM32CubeIDE/plugins/com.st.stm32cube.ide.mcu.externaltools.gnu-tools-for-stm32.12.3.rel1.win32_1.0.200.202406191623/tools/bin/../lib/gcc/arm-none-eabi/12.3.1/../../../../arm-none-eabi/lib/thumb/v7e-m/nofp\libc_nano.a(libc_a-writer.o)
 .ARM.attributes
                0x000003d7       0x2e D:/STM32CubeIDE_1.16.1/STM32CubeIDE/plugins/com.st.stm32cube.ide.mcu.externaltools.gnu-tools-for-stm32.12.3.rel1.win32_1.0.200.202406191623/tools/bin/../lib/gcc/arm-none-eabi/12.3.1/../../../../arm-none-eabi/lib/thumb/v7e-m/nofp\libc_nano.a(libc_a-errno.o)
 .ARM.attributes
                0x00000405       0x2e D:/STM32CubeIDE_1.16.1/STM32CubeIDE/plugins/com.st.stm32cube.ide.mcu.externaltools.gnu-tools-for-stm32.12.3.rel1.win32_1.0.200.202406191623/tools/bin/../lib/gcc/arm-none-eabi/12.3.1/../../../../arm-none-eabi/lib/thumb/v7e-m/nofp\libc_nano.a(libc_a-init.o)
 .ARM.attributes
                0x00000433       0x2e D:/STM32CubeIDE_1.16.1/STM32CubeIDE/plugins/com.st.stm32cube.ide.mcu.externaltools.gnu-tools-for-stm32.12.3.rel1.win32_1.0.200.202406191623/tools/bin/../lib/gcc/arm-none-eabi/12.3.1/../../../../arm-none-eabi/lib/thumb/v7e-m/nofp\libc_nano.a(libc_a-lock.o)
 .ARM.attributes
                0x00000461       0x1c D:/STM32CubeIDE_1.16.1/STM32CubeIDE/plugins/com.st.stm32cube.ide.mcu.externaltools.gnu-tools-for-stm32.12.3.rel1.win32_1.0.200.202406191623/tools/bin/../lib/gcc/arm-none-eabi/12.3.1/../../../../arm-none-eabi/lib/thumb/v7e-m/nofp\libc_nano.a(libc_a-memchr.o)
 .ARM.attributes
                0x0000047d       0x17 D:/STM32CubeIDE_1.16.1/STM32CubeIDE/plugins/com.st.stm32cube.ide.mcu.externaltools.gnu-tools-for-stm32.12.3.rel1.win32_1.0.200.202406191623/tools/bin/../lib/gcc/arm-none-eabi/12.3.1/../../../../arm-none-eabi/lib/thumb/v7e-m/nofp\libc_nano.a(libc_a-strlen.o)
 .ARM.attributes
                0x00000494       0x2e D:/STM32CubeIDE_1.16.1/STM32CubeIDE/plugins/com.st.stm32cube.ide.mcu.externaltools.gnu-tools-for-stm32.12.3.rel1.win32_1.0.200.202406191623/tools/bin/../lib/gcc/arm-none-eabi/12.3.1/../../../../arm-none-eabi/lib/thumb/v7e-m/nofp\libc_nano.a(libc_a-dtoa.o)
 .ARM.attributes
                0x000004c2       0x2e D:/STM32CubeIDE_1.16.1/STM32CubeIDE/plugins/com.st.stm32cube.ide.mcu.externaltools.gnu-tools-for-stm32.12.3.rel1.win32_1.0.200.202406191623/tools/bin/../lib/gcc/arm-none-eabi/12.3.1/../../../../arm-none-eabi/lib/thumb/v7e-m/nofp\libc_nano.a(libc_a-freer.o)
 .ARM.attributes
                0x000004f0       0x2e D:/STM32CubeIDE_1.16.1/STM32CubeIDE/plugins/com.st.stm32cube.ide.mcu.externaltools.gnu-tools-for-stm32.12.3.rel1.win32_1.0.200.202406191623/tools/bin/../lib/gcc/arm-none-eabi/12.3.1/../../../../arm-none-eabi/lib/thumb/v7e-m/nofp\libc_nano.a(libc_a-malloc.o)
 .ARM.attributes
                0x0000051e       0x2e D:/STM32CubeIDE_1.16.1/STM32CubeIDE/plugins/com.st.stm32cube.ide.mcu.externaltools.gnu-tools-for-stm32.12.3.rel1.win32_1.0.200.202406191623/tools/bin/../lib/gcc/arm-none-eabi/12.3.1/../../../../arm-none-eabi/lib/thumb/v7e-m/nofp\libc_nano.a(libc_a-mallocr.o)
 .ARM.attributes
                0x0000054c       0x2e D:/STM32CubeIDE_1.16.1/STM32CubeIDE/plugins/com.st.stm32cube.ide.mcu.externaltools.gnu-tools-for-stm32.12.3.rel1.win32_1.0.200.202406191623/tools/bin/../lib/gcc/arm-none-eabi/12.3.1/../../../../arm-none-eabi/lib/thumb/v7e-m/nofp\libc_nano.a(libc_a-mlock.o)
 .ARM.attributes
                0x0000057a       0x2e D:/STM32CubeIDE_1.16.1/STM32CubeIDE/plugins/com.st.stm32cube.ide.mcu.externaltools.gnu-tools-for-stm32.12.3.rel1.win32_1.0.200.202406191623/tools/bin/../lib/gcc/arm-none-eabi/12.3.1/../../../../arm-none-eabi/lib/thumb/v7e-m/nofp\libc_nano.a(libc_a-mprec.o)
 .ARM.attributes
                0x000005a8       0x2e D:/STM32CubeIDE_1.16.1/STM32CubeIDE/plugins/com.st.stm32cube.ide.mcu.externaltools.gnu-tools-for-stm32.12.3.rel1.win32_1.0.200.202406191623/tools/bin/../lib/gcc/arm-none-eabi/12.3.1/../../../../arm-none-eabi/lib/thumb/v7e-m/nofp\libc_nano.a(libc_a-nano-vfprintf.o)
 .ARM.attributes
                0x000005d6       0x2e D:/STM32CubeIDE_1.16.1/STM32CubeIDE/plugins/com.st.stm32cube.ide.mcu.externaltools.gnu-tools-for-stm32.12.3.rel1.win32_1.0.200.202406191623/tools/bin/../lib/gcc/arm-none-eabi/12.3.1/../../../../arm-none-eabi/lib/thumb/v7e-m/nofp\libc_nano.a(libc_a-fflush.o)
 .ARM.attributes
                0x00000604       0x2e D:/STM32CubeIDE_1.16.1/STM32CubeIDE/plugins/com.st.stm32cube.ide.mcu.externaltools.gnu-tools-for-stm32.12.3.rel1.win32_1.0.200.202406191623/tools/bin/../lib/gcc/arm-none-eabi/12.3.1/../../../../arm-none-eabi/lib/thumb/v7e-m/nofp\libc_nano.a(libc_a-wbuf.o)
 .ARM.attributes
                0x00000632       0x2e D:/STM32CubeIDE_1.16.1/STM32CubeIDE/plugins/com.st.stm32cube.ide.mcu.externaltools.gnu-tools-for-stm32.12.3.rel1.win32_1.0.200.202406191623/tools/bin/../lib/gcc/arm-none-eabi/12.3.1/../../../../arm-none-eabi/lib/thumb/v7e-m/nofp\libc_nano.a(libc_a-wsetup.o)
 .ARM.attributes
                0x00000660       0x2e D:/STM32CubeIDE_1.16.1/STM32CubeIDE/plugins/com.st.stm32cube.ide.mcu.externaltools.gnu-tools-for-stm32.12.3.rel1.win32_1.0.200.202406191623/tools/bin/../lib/gcc/arm-none-eabi/12.3.1/../../../../arm-none-eabi/lib/thumb/v7e-m/nofp\libc_nano.a(libc_a-locale.o)
 .ARM.attributes
                0x0000068e       0x2e D:/STM32CubeIDE_1.16.1/STM32CubeIDE/plugins/com.st.stm32cube.ide.mcu.externaltools.gnu-tools-for-stm32.12.3.rel1.win32_1.0.200.202406191623/tools/bin/../lib/gcc/arm-none-eabi/12.3.1/../../../../arm-none-eabi/lib/thumb/v7e-m/nofp\libc_nano.a(libc_a-sbrkr.o)
 .ARM.attributes
                0x000006bc       0x2e D:/STM32CubeIDE_1.16.1/STM32CubeIDE/plugins/com.st.stm32cube.ide.mcu.externaltools.gnu-tools-for-stm32.12.3.rel1.win32_1.0.200.202406191623/tools/bin/../lib/gcc/arm-none-eabi/12.3.1/../../../../arm-none-eabi/lib/thumb/v7e-m/nofp\libc_nano.a(libc_a-memcpy-stub.o)
 .ARM.attributes
                0x000006ea       0x2e D:/STM32CubeIDE_1.16.1/STM32CubeIDE/plugins/com.st.stm32cube.ide.mcu.externaltools.gnu-tools-for-stm32.12.3.rel1.win32_1.0.200.202406191623/tools/bin/../lib/gcc/arm-none-eabi/12.3.1/../../../../arm-none-eabi/lib/thumb/v7e-m/nofp\libc_nano.a(libc_a-assert.o)
 .ARM.attributes
                0x00000718       0x2e D:/STM32CubeIDE_1.16.1/STM32CubeIDE/plugins/com.st.stm32cube.ide.mcu.externaltools.gnu-tools-for-stm32.12.3.rel1.win32_1.0.200.202406191623/tools/bin/../lib/gcc/arm-none-eabi/12.3.1/../../../../arm-none-eabi/lib/thumb/v7e-m/nofp\libc_nano.a(libc_a-callocr.o)
 .ARM.attributes
                0x00000746       0x2e D:/STM32CubeIDE_1.16.1/STM32CubeIDE/plugins/com.st.stm32cube.ide.mcu.externaltools.gnu-tools-for-stm32.12.3.rel1.win32_1.0.200.202406191623/tools/bin/../lib/gcc/arm-none-eabi/12.3.1/../../../../arm-none-eabi/lib/thumb/v7e-m/nofp\libc_nano.a(libc_a-mbtowc_r.o)
 .ARM.attributes
                0x00000774       0x2e D:/STM32CubeIDE_1.16.1/STM32CubeIDE/plugins/com.st.stm32cube.ide.mcu.externaltools.gnu-tools-for-stm32.12.3.rel1.win32_1.0.200.202406191623/tools/bin/../lib/gcc/arm-none-eabi/12.3.1/../../../../arm-none-eabi/lib/thumb/v7e-m/nofp\libc_nano.a(libc_a-wctomb_r.o)
 .ARM.attributes
                0x000007a2       0x2e D:/STM32CubeIDE_1.16.1/STM32CubeIDE/plugins/com.st.stm32cube.ide.mcu.externaltools.gnu-tools-for-stm32.12.3.rel1.win32_1.0.200.202406191623/tools/bin/../lib/gcc/arm-none-eabi/12.3.1/../../../../arm-none-eabi/lib/thumb/v7e-m/nofp\libc_nano.a(libc_a-ctype_.o)
 .ARM.attributes
                0x000007d0       0x2e D:/STM32CubeIDE_1.16.1/STM32CubeIDE/plugins/com.st.stm32cube.ide.mcu.externaltools.gnu-tools-for-stm32.12.3.rel1.win32_1.0.200.202406191623/tools/bin/../lib/gcc/arm-none-eabi/12.3.1/../../../../arm-none-eabi/lib/thumb/v7e-m/nofp\libc_nano.a(libc_a-fprintf.o)
 .ARM.attributes
                0x000007fe       0x2e D:/STM32CubeIDE_1.16.1/STM32CubeIDE/plugins/com.st.stm32cube.ide.mcu.externaltools.gnu-tools-for-stm32.12.3.rel1.win32_1.0.200.202406191623/tools/bin/../lib/gcc/arm-none-eabi/12.3.1/../../../../arm-none-eabi/lib/thumb/v7e-m/nofp\libc_nano.a(libc_a-makebuf.o)
 .ARM.attributes
                0x0000082c       0x2e D:/STM32CubeIDE_1.16.1/STM32CubeIDE/plugins/com.st.stm32cube.ide.mcu.externaltools.gnu-tools-for-stm32.12.3.rel1.win32_1.0.200.202406191623/tools/bin/../lib/gcc/arm-none-eabi/12.3.1/../../../../arm-none-eabi/lib/thumb/v7e-m/nofp\libc_nano.a(libc_a-fstatr.o)
 .ARM.attributes
                0x0000085a       0x2e D:/STM32CubeIDE_1.16.1/STM32CubeIDE/plugins/com.st.stm32cube.ide.mcu.externaltools.gnu-tools-for-stm32.12.3.rel1.win32_1.0.200.202406191623/tools/bin/../lib/gcc/arm-none-eabi/12.3.1/../../../../arm-none-eabi/lib/thumb/v7e-m/nofp\libc_nano.a(libc_a-isattyr.o)
 .ARM.attributes
                0x00000888       0x2e D:/STM32CubeIDE_1.16.1/STM32CubeIDE/plugins/com.st.stm32cube.ide.mcu.externaltools.gnu-tools-for-stm32.12.3.rel1.win32_1.0.200.202406191623/tools/bin/../lib/gcc/arm-none-eabi/12.3.1/../../../../arm-none-eabi/lib/thumb/v7e-m/nofp\libc_nano.a(libc_a-abort.o)
 .ARM.attributes
                0x000008b6       0x2e D:/STM32CubeIDE_1.16.1/STM32CubeIDE/plugins/com.st.stm32cube.ide.mcu.externaltools.gnu-tools-for-stm32.12.3.rel1.win32_1.0.200.202406191623/tools/bin/../lib/gcc/arm-none-eabi/12.3.1/../../../../arm-none-eabi/lib/thumb/v7e-m/nofp\libc_nano.a(libc_a-signal.o)
 .ARM.attributes
                0x000008e4       0x2e D:/STM32CubeIDE_1.16.1/STM32CubeIDE/plugins/com.st.stm32cube.ide.mcu.externaltools.gnu-tools-for-stm32.12.3.rel1.win32_1.0.200.202406191623/tools/bin/../lib/gcc/arm-none-eabi/12.3.1/../../../../arm-none-eabi/lib/thumb/v7e-m/nofp\libc_nano.a(libc_a-signalr.o)
 .ARM.attributes
                0x00000912       0x1e D:/STM32CubeIDE_1.16.1/STM32CubeIDE/plugins/com.st.stm32cube.ide.mcu.externaltools.gnu-tools-for-stm32.12.3.rel1.win32_1.0.200.202406191623/tools/bin/../lib/gcc/arm-none-eabi/12.3.1/thumb/v7e-m/nofp\libgcc.a(_arm_addsubdf3.o)
 .ARM.attributes
                0x00000930       0x1e D:/STM32CubeIDE_1.16.1/STM32CubeIDE/plugins/com.st.stm32cube.ide.mcu.externaltools.gnu-tools-for-stm32.12.3.rel1.win32_1.0.200.202406191623/tools/bin/../lib/gcc/arm-none-eabi/12.3.1/thumb/v7e-m/nofp\libgcc.a(_arm_muldivdf3.o)
 .ARM.attributes
                0x0000094e       0x1e D:/STM32CubeIDE_1.16.1/STM32CubeIDE/plugins/com.st.stm32cube.ide.mcu.externaltools.gnu-tools-for-stm32.12.3.rel1.win32_1.0.200.202406191623/tools/bin/../lib/gcc/arm-none-eabi/12.3.1/thumb/v7e-m/nofp\libgcc.a(_arm_cmpdf2.o)
 .ARM.attributes
                0x0000096c       0x1e D:/STM32CubeIDE_1.16.1/STM32CubeIDE/plugins/com.st.stm32cube.ide.mcu.externaltools.gnu-tools-for-stm32.12.3.rel1.win32_1.0.200.202406191623/tools/bin/../lib/gcc/arm-none-eabi/12.3.1/thumb/v7e-m/nofp\libgcc.a(_arm_unorddf2.o)
 .ARM.attributes
                0x0000098a       0x1e D:/STM32CubeIDE_1.16.1/STM32CubeIDE/plugins/com.st.stm32cube.ide.mcu.externaltools.gnu-tools-for-stm32.12.3.rel1.win32_1.0.200.202406191623/tools/bin/../lib/gcc/arm-none-eabi/12.3.1/thumb/v7e-m/nofp\libgcc.a(_arm_fixdfsi.o)
 .ARM.attributes
                0x000009a8       0x1e D:/STM32CubeIDE_1.16.1/STM32CubeIDE/plugins/com.st.stm32cube.ide.mcu.externaltools.gnu-tools-for-stm32.12.3.rel1.win32_1.0.200.202406191623/tools/bin/../lib/gcc/arm-none-eabi/12.3.1/thumb/v7e-m/nofp/crtn.o
OUTPUT(STM32F767XX_drivers.elf elf32-littlearm)
LOAD linker stubs
LOAD D:/STM32CubeIDE_1.16.1/STM32CubeIDE/plugins/com.st.stm32cube.ide.mcu.externaltools.gnu-tools-for-stm32.12.3.rel1.win32_1.0.200.202406191623/tools/bin/../lib/gcc/arm-none-eabi/12.3.1/../../../../arm-none-eabi/lib/thumb/v7e-m/nofp\libc.a
LOAD D:/STM32CubeIDE_1.16.1/STM32CubeIDE/plugins/com.st.stm32cube.ide.mcu.externaltools.gnu-tools-for-stm32.12.3.rel1.win32_1.0.200.202406191623/tools/bin/../lib/gcc/arm-none-eabi/12.3.1/../../../../arm-none-eabi/lib/thumb/v7e-m/nofp\libm.a
LOAD D:/STM32CubeIDE_1.16.1/STM32CubeIDE/plugins/com.st.stm32cube.ide.mcu.externaltools.gnu-tools-for-stm32.12.3.rel1.win32_1.0.200.202406191623/tools/bin/../lib/gcc/arm-none-eabi/12.3.1/thumb/v7e-m/nofp\libgcc.a

.debug_info     0x00000000     0x1e33
 .debug_info    0x00000000      0x629 ./Src/007_SPI_Rx_Master_IT.o
 .debug_info    0x00000629      0x6d1 ./Src/syscalls.o
 .debug_info    0x00000cfa      0x168 ./Src/sysmem.o
 .debug_info    0x00000e62       0x30 ./Startup/startup_stm32f767zitx.o
 .debug_info    0x00000e92      0x73e ./drivers/Src/stm32f767xx_gpio_driver.o
 .debug_info    0x000015d0      0x863 ./drivers/Src/stm32f767xx_spi_driver.o

.debug_abbrev   0x00000000      0x79e
 .debug_abbrev  0x00000000      0x1b5 ./Src/007_SPI_Rx_Master_IT.o
 .debug_abbrev  0x000001b5      0x1b1 ./Src/syscalls.o
 .debug_abbrev  0x00000366       0xbc ./Src/sysmem.o
 .debug_abbrev  0x00000422       0x24 ./Startup/startup_stm32f767zitx.o
 .debug_abbrev  0x00000446      0x178 ./drivers/Src/stm32f767xx_gpio_driver.o
 .debug_abbrev  0x000005be      0x1e0 ./drivers/Src/stm32f767xx_spi_driver.o

.debug_aranges  0x00000000      0x278
 .debug_aranges
                0x00000000       0x58 ./Src/007_SPI_Rx_Master_IT.o
 .debug_aranges
                0x00000058       0xb0 ./Src/syscalls.o
 .debug_aranges
                0x00000108       0x20 ./Src/sysmem.o
 .debug_aranges
                0x00000128       0x28 ./Startup/startup_stm32f767zitx.o
 .debug_aranges
                0x00000150       0x70 ./drivers/Src/stm32f767xx_gpio_driver.o
 .debug_aranges
                0x000001c0       0xb8 ./drivers/Src/stm32f767xx_spi_driver.o

.debug_rnglists
                0x00000000      0x1d5
 .debug_rnglists
                0x00000000       0x3e ./Src/007_SPI_Rx_Master_IT.o
 .debug_rnglists
                0x0000003e       0x7f ./Src/syscalls.o
 .debug_rnglists
                0x000000bd       0x13 ./Src/sysmem.o
 .debug_rnglists
                0x000000d0       0x19 ./Startup/startup_stm32f767zitx.o
 .debug_rnglists
                0x000000e9       0x60 ./drivers/Src/stm32f767xx_gpio_driver.o
 .debug_rnglists
                0x00000149       0x8c ./drivers/Src/stm32f767xx_spi_driver.o

.debug_macro    0x00000000     0x352a
 .debug_macro   0x00000000      0x19f ./Src/007_SPI_Rx_Master_IT.o
 .debug_macro   0x0000019f      0xab4 ./Src/007_SPI_Rx_Master_IT.o
 .debug_macro   0x00000c53       0x22 ./Src/007_SPI_Rx_Master_IT.o
 .debug_macro   0x00000c75       0x5b ./Src/007_SPI_Rx_Master_IT.o
 .debug_macro   0x00000cd0       0x24 ./Src/007_SPI_Rx_Master_IT.o
 .debug_macro   0x00000cf4       0x94 ./Src/007_SPI_Rx_Master_IT.o
 .debug_macro   0x00000d88       0x43 ./Src/007_SPI_Rx_Master_IT.o
 .debug_macro   0x00000dcb       0x34 ./Src/007_SPI_Rx_Master_IT.o
 .debug_macro   0x00000dff       0x16 ./Src/007_SPI_Rx_Master_IT.o
 .debug_macro   0x00000e15       0x57 ./Src/007_SPI_Rx_Master_IT.o
 .debug_macro   0x00000e6c       0x9e ./Src/007_SPI_Rx_Master_IT.o
 .debug_macro   0x00000f0a      0x369 ./Src/007_SPI_Rx_Master_IT.o
 .debug_macro   0x00001273      0x10b ./Src/007_SPI_Rx_Master_IT.o
 .debug_macro   0x0000137e       0x10 ./Src/007_SPI_Rx_Master_IT.o
 .debug_macro   0x0000138e       0x16 ./Src/007_SPI_Rx_Master_IT.o
 .debug_macro   0x000013a4       0x43 ./Src/007_SPI_Rx_Master_IT.o
 .debug_macro   0x000013e7       0x34 ./Src/007_SPI_Rx_Master_IT.o
 .debug_macro   0x0000141b       0x10 ./Src/007_SPI_Rx_Master_IT.o
 .debug_macro   0x0000142b       0x58 ./Src/007_SPI_Rx_Master_IT.o
 .debug_macro   0x00001483       0x8e ./Src/007_SPI_Rx_Master_IT.o
 .debug_macro   0x00001511       0x1c ./Src/007_SPI_Rx_Master_IT.o
 .debug_macro   0x0000152d      0x177 ./Src/007_SPI_Rx_Master_IT.o
 .debug_macro   0x000016a4       0x16 ./Src/007_SPI_Rx_Master_IT.o
 .debug_macro   0x000016ba       0x16 ./Src/007_SPI_Rx_Master_IT.o
 .debug_macro   0x000016d0      0x146 ./Src/007_SPI_Rx_Master_IT.o
 .debug_macro   0x00001816       0x16 ./Src/007_SPI_Rx_Master_IT.o
 .debug_macro   0x0000182c       0x35 ./Src/007_SPI_Rx_Master_IT.o
 .debug_macro   0x00001861       0x20 ./Src/007_SPI_Rx_Master_IT.o
 .debug_macro   0x00001881      0x103 ./Src/007_SPI_Rx_Master_IT.o
 .debug_macro   0x00001984       0x6a ./Src/007_SPI_Rx_Master_IT.o
 .debug_macro   0x000019ee      0x1df ./Src/007_SPI_Rx_Master_IT.o
 .debug_macro   0x00001bcd      0x5b9 ./Src/007_SPI_Rx_Master_IT.o
 .debug_macro   0x00002186       0xc4 ./Src/007_SPI_Rx_Master_IT.o
 .debug_macro   0x0000224a       0xc4 ./Src/007_SPI_Rx_Master_IT.o
 .debug_macro   0x0000230e      0x286 ./Src/syscalls.o
 .debug_macro   0x00002594      0x189 ./Src/syscalls.o
 .debug_macro   0x0000271d       0x10 ./Src/syscalls.o
 .debug_macro   0x0000272d       0x10 ./Src/syscalls.o
 .debug_macro   0x0000273d       0x10 ./Src/syscalls.o
 .debug_macro   0x0000274d       0x10 ./Src/syscalls.o
 .debug_macro   0x0000275d       0x1c ./Src/syscalls.o
 .debug_macro   0x00002779       0x52 ./Src/syscalls.o
 .debug_macro   0x000027cb       0x22 ./Src/syscalls.o
 .debug_macro   0x000027ed       0x10 ./Src/syscalls.o
 .debug_macro   0x000027fd       0x52 ./Src/syscalls.o
 .debug_macro   0x0000284f       0xcf ./Src/syscalls.o
 .debug_macro   0x0000291e       0x1c ./Src/syscalls.o
 .debug_macro   0x0000293a       0x3d ./Src/syscalls.o
 .debug_macro   0x00002977       0x35 ./Src/syscalls.o
 .debug_macro   0x000029ac      0x12c ./Src/syscalls.o
 .debug_macro   0x00002ad8       0x16 ./Src/syscalls.o
 .debug_macro   0x00002aee       0x16 ./Src/syscalls.o
 .debug_macro   0x00002b04       0x29 ./Src/syscalls.o
 .debug_macro   0x00002b2d       0x10 ./Src/syscalls.o
 .debug_macro   0x00002b3d      0x242 ./Src/syscalls.o
 .debug_macro   0x00002d7f       0x1c ./Src/syscalls.o
 .debug_macro   0x00002d9b       0x10 ./Src/syscalls.o
 .debug_macro   0x00002dab      0x18a ./Src/syscalls.o
 .debug_macro   0x00002f35       0x16 ./Src/syscalls.o
 .debug_macro   0x00002f4b       0xce ./Src/syscalls.o
 .debug_macro   0x00003019       0xff ./Src/sysmem.o
 .debug_macro   0x00003118      0x23c ./Src/sysmem.o
 .debug_macro   0x00003354       0x8a ./drivers/Src/stm32f767xx_gpio_driver.o
 .debug_macro   0x000033de       0x8e ./drivers/Src/stm32f767xx_spi_driver.o
 .debug_macro   0x0000346c       0xbe ./drivers/Src/stm32f767xx_spi_driver.o

.debug_line     0x00000000     0x2c8f
 .debug_line    0x00000000      0x7b3 ./Src/007_SPI_Rx_Master_IT.o
 .debug_line    0x000007b3      0x8d9 ./Src/syscalls.o
 .debug_line    0x0000108c      0x56f ./Src/sysmem.o
 .debug_line    0x000015fb       0x7b ./Startup/startup_stm32f767zitx.o
 .debug_line    0x00001676      0xb7b ./drivers/Src/stm32f767xx_gpio_driver.o
 .debug_line    0x000021f1      0xa9e ./drivers/Src/stm32f767xx_spi_driver.o

.debug_str      0x00000000     0xc559
 .debug_str     0x00000000     0x9f76 ./Src/007_SPI_Rx_Master_IT.o
                               0xa183 (size before relaxing)
 .debug_str     0x00009f76     0x2148 ./Src/syscalls.o
                               0x991f (size before relaxing)
 .debug_str     0x0000c0be       0x66 ./Src/sysmem.o
                               0x6089 (size before relaxing)
 .debug_str     0x0000c124       0x3f ./Startup/startup_stm32f767zitx.o
                                 0x7b (size before relaxing)
 .debug_str     0x0000c163      0x2c9 ./drivers/Src/stm32f767xx_gpio_driver.o
                               0x67de (size before relaxing)
 .debug_str     0x0000c42c      0x12d ./drivers/Src/stm32f767xx_spi_driver.o
                               0x6898 (size before relaxing)

.comment        0x00000000       0x43
 .comment       0x00000000       0x43 ./Src/007_SPI_Rx_Master_IT.o
                                 0x44 (size before relaxing)
 .comment       0x00000043       0x44 ./Src/syscalls.o
 .comment       0x00000043       0x44 ./Src/sysmem.o
 .comment       0x00000043       0x44 ./drivers/Src/stm32f767xx_gpio_driver.o
 .comment       0x00000043       0x44 ./drivers/Src/stm32f767xx_spi_driver.o

.debug_frame    0x00000000     0x1998
 .debug_frame   0x00000000      0x11c ./Src/007_SPI_Rx_Master_IT.o
 .debug_frame   0x0000011c      0x2d4 ./Src/syscalls.o
 .debug_frame   0x000003f0       0x34 ./Src/sysmem.o
 .debug_frame   0x00000424      0x1c8 ./drivers/Src/stm32f767xx_gpio_driver.o
 .debug_frame   0x000005ec      0x314 ./drivers/Src/stm32f767xx_spi_driver.o
 .debug_frame   0x00000900       0x94 D:/STM32CubeIDE_1.16.1/STM32CubeIDE/plugins/com.st.stm32cube.ide.mcu.externaltools.gnu-tools-for-stm32.12.3.rel1.win32_1.0.200.202406191623/tools/bin/../lib/gcc/arm-none-eabi/12.3.1/../../../../arm-none-eabi/lib/thumb/v7e-m/nofp\libc_nano.a(libc_a-nano-vfprintf_float.o)
 .debug_frame   0x00000994       0x60 D:/STM32CubeIDE_1.16.1/STM32CubeIDE/plugins/com.st.stm32cube.ide.mcu.externaltools.gnu-tools-for-stm32.12.3.rel1.win32_1.0.200.202406191623/tools/bin/../lib/gcc/arm-none-eabi/12.3.1/../../../../arm-none-eabi/lib/thumb/v7e-m/nofp\libc_nano.a(libc_a-nano-vfprintf_i.o)
 .debug_frame   0x000009f4      0x144 D:/STM32CubeIDE_1.16.1/STM32CubeIDE/plugins/com.st.stm32cube.ide.mcu.externaltools.gnu-tools-for-stm32.12.3.rel1.win32_1.0.200.202406191623/tools/bin/../lib/gcc/arm-none-eabi/12.3.1/../../../../arm-none-eabi/lib/thumb/v7e-m/nofp\libc_nano.a(libc_a-findfp.o)
 .debug_frame   0x00000b38       0x34 D:/STM32CubeIDE_1.16.1/STM32CubeIDE/plugins/com.st.stm32cube.ide.mcu.externaltools.gnu-tools-for-stm32.12.3.rel1.win32_1.0.200.202406191623/tools/bin/../lib/gcc/arm-none-eabi/12.3.1/../../../../arm-none-eabi/lib/thumb/v7e-m/nofp\libc_nano.a(libc_a-fwalk.o)
 .debug_frame   0x00000b6c       0x6c D:/STM32CubeIDE_1.16.1/STM32CubeIDE/plugins/com.st.stm32cube.ide.mcu.externaltools.gnu-tools-for-stm32.12.3.rel1.win32_1.0.200.202406191623/tools/bin/../lib/gcc/arm-none-eabi/12.3.1/../../../../arm-none-eabi/lib/thumb/v7e-m/nofp\libc_nano.a(libc_a-printf.o)
 .debug_frame   0x00000bd8       0x88 D:/STM32CubeIDE_1.16.1/STM32CubeIDE/plugins/com.st.stm32cube.ide.mcu.externaltools.gnu-tools-for-stm32.12.3.rel1.win32_1.0.200.202406191623/tools/bin/../lib/gcc/arm-none-eabi/12.3.1/../../../../arm-none-eabi/lib/thumb/v7e-m/nofp\libc_nano.a(libc_a-stdio.o)
 .debug_frame   0x00000c60       0x20 D:/STM32CubeIDE_1.16.1/STM32CubeIDE/plugins/com.st.stm32cube.ide.mcu.externaltools.gnu-tools-for-stm32.12.3.rel1.win32_1.0.200.202406191623/tools/bin/../lib/gcc/arm-none-eabi/12.3.1/../../../../arm-none-eabi/lib/thumb/v7e-m/nofp\libc_nano.a(libc_a-memset.o)
 .debug_frame   0x00000c80       0x40 D:/STM32CubeIDE_1.16.1/STM32CubeIDE/plugins/com.st.stm32cube.ide.mcu.externaltools.gnu-tools-for-stm32.12.3.rel1.win32_1.0.200.202406191623/tools/bin/../lib/gcc/arm-none-eabi/12.3.1/../../../../arm-none-eabi/lib/thumb/v7e-m/nofp\libc_nano.a(libc_a-localeconv.o)
 .debug_frame   0x00000cc0       0x2c D:/STM32CubeIDE_1.16.1/STM32CubeIDE/plugins/com.st.stm32cube.ide.mcu.externaltools.gnu-tools-for-stm32.12.3.rel1.win32_1.0.200.202406191623/tools/bin/../lib/gcc/arm-none-eabi/12.3.1/../../../../arm-none-eabi/lib/thumb/v7e-m/nofp\libc_nano.a(libc_a-closer.o)
 .debug_frame   0x00000cec       0x38 D:/STM32CubeIDE_1.16.1/STM32CubeIDE/plugins/com.st.stm32cube.ide.mcu.externaltools.gnu-tools-for-stm32.12.3.rel1.win32_1.0.200.202406191623/tools/bin/../lib/gcc/arm-none-eabi/12.3.1/../../../../arm-none-eabi/lib/thumb/v7e-m/nofp\libc_nano.a(libc_a-reent.o)
 .debug_frame   0x00000d24       0x2c D:/STM32CubeIDE_1.16.1/STM32CubeIDE/plugins/com.st.stm32cube.ide.mcu.externaltools.gnu-tools-for-stm32.12.3.rel1.win32_1.0.200.202406191623/tools/bin/../lib/gcc/arm-none-eabi/12.3.1/../../../../arm-none-eabi/lib/thumb/v7e-m/nofp\libc_nano.a(libc_a-lseekr.o)
 .debug_frame   0x00000d50       0x2c D:/STM32CubeIDE_1.16.1/STM32CubeIDE/plugins/com.st.stm32cube.ide.mcu.externaltools.gnu-tools-for-stm32.12.3.rel1.win32_1.0.200.202406191623/tools/bin/../lib/gcc/arm-none-eabi/12.3.1/../../../../arm-none-eabi/lib/thumb/v7e-m/nofp\libc_nano.a(libc_a-readr.o)
 .debug_frame   0x00000d7c       0x2c D:/STM32CubeIDE_1.16.1/STM32CubeIDE/plugins/com.st.stm32cube.ide.mcu.externaltools.gnu-tools-for-stm32.12.3.rel1.win32_1.0.200.202406191623/tools/bin/../lib/gcc/arm-none-eabi/12.3.1/../../../../arm-none-eabi/lib/thumb/v7e-m/nofp\libc_nano.a(libc_a-writer.o)
 .debug_frame   0x00000da8       0x20 D:/STM32CubeIDE_1.16.1/STM32CubeIDE/plugins/com.st.stm32cube.ide.mcu.externaltools.gnu-tools-for-stm32.12.3.rel1.win32_1.0.200.202406191623/tools/bin/../lib/gcc/arm-none-eabi/12.3.1/../../../../arm-none-eabi/lib/thumb/v7e-m/nofp\libc_nano.a(libc_a-errno.o)
 .debug_frame   0x00000dc8       0x2c D:/STM32CubeIDE_1.16.1/STM32CubeIDE/plugins/com.st.stm32cube.ide.mcu.externaltools.gnu-tools-for-stm32.12.3.rel1.win32_1.0.200.202406191623/tools/bin/../lib/gcc/arm-none-eabi/12.3.1/../../../../arm-none-eabi/lib/thumb/v7e-m/nofp\libc_nano.a(libc_a-init.o)