19:51:56 **** Incremental Build of configuration Debug for project STM32C031XX_drivers ****
make -j8 all 
arm-none-eabi-gcc "../drivers/Src/main.c" -mcpu=cortex-m0plus -std=gnu11 -g3 -DDEBUG -DNUCLEO_C031C6 -DSTM32 -DSTM32C0 -DSTM32C031C6Tx -c -I../Inc -I"D:/Solomon/SelfLearning/Udemy/MCU/STM32C031XX_drivers/drivers/Inc" -O0 -ffunction-sections -fdata-sections -Wall -fstack-usage -fcyclomatic-complexity -MMD -MP -MF"drivers/Src/main.d" -MT"drivers/Src/main.o" --specs=nano.specs -mfloat-abi=soft -mthumb -o "drivers/Src/main.o"
arm-none-eabi-gcc "../drivers/Src/stm32c031xx_gpio_driver.c" -mcpu=cortex-m0plus -std=gnu11 -g3 -DDEBUG -DNUCLEO_C031C6 -DSTM32 -DSTM32C0 -DSTM32C031C6Tx -c -I../Inc -I"D:/Solomon/SelfLearning/Udemy/MCU/STM32C031XX_drivers/drivers/Inc" -O0 -ffunction-sections -fdata-sections -Wall -fstack-usage -fcyclomatic-complexity -MMD -MP -MF"drivers/Src/stm32c031xx_gpio_driver.d" -MT"drivers/Src/stm32c031xx_gpio_driver.o" --specs=nano.specs -mfloat-abi=soft -mthumb -o "drivers/Src/stm32c031xx_gpio_driver.o"
arm-none-eabi-gcc "../Src/003_Button_Interrupt.c" -mcpu=cortex-m0plus -std=gnu11 -g3 -DDEBUG -DNUCLEO_C031C6 -DSTM32 -DSTM32C0 -DSTM32C031C6Tx -c -I../Inc -I"D:/Solomon/SelfLearning/Udemy/MCU/STM32C031XX_drivers/drivers/Inc" -O0 -ffunction-sections -fdata-sections -Wall -fstack-usage -fcyclomatic-complexity -MMD -MP -MF"Src/003_Button_Interrupt.d" -MT"Src/003_Button_Interrupt.o" --specs=nano.specs -mfloat-abi=soft -mthumb -o "Src/003_Button_Interrupt.o"
arm-none-eabi-gcc -o "STM32C031XX_drivers.elf" @"objects.list"   -mcpu=cortex-m0plus -T"D:\Solomon\SelfLearning\Udemy\MCU\STM32C031XX_drivers\STM32C031C6TX_FLASH.ld" --specs=nosys.specs -Wl,-Map="STM32C031XX_drivers.map" -Wl,--gc-sections -static --specs=nano.specs -mfloat-abi=soft -mthumb -Wl,--start-group -lc -lm -Wl,--end-group
Finished building target: STM32C031XX_drivers.elf
 
arm-none-eabi-size  STM32C031XX_drivers.elf 
arm-none-eabi-objdump -h -S STM32C031XX_drivers.elf  > "STM32C031XX_drivers.list"
   text	   data	    bss	    dec	    hex	filename
   2048	      0	   1568	   3616	    e20	STM32C031XX_drivers.elf
Finished building: default.size.stdout
 
Finished building: STM32C031XX_drivers.list
 
19:52:04 **** Incremental Build of configuration Debug for project STM32C031XX_drivers ****
make -j8 all 
arm-none-eabi-size  STM32C031XX_drivers.elf 
   text	   data	    bss	    dec	    hex	filename
   2048	      0	   1568	   3616	    e20	STM32C031XX_drivers.elf
Finished building: default.size.stdout
 
19:55:00 **** Incremental Build of configuration Debug for project STM32C031XX_drivers ****
make -j8 all 
arm-none-eabi-size  STM32C031XX_drivers.elf 
   text	   data	    bss	    dec	    hex	filename
   2048	      0	   1568	   3616	    e20	STM32C031XX_drivers.elf
Finished building: default.size.stdout
 
19:56:24 **** Incremental Build of configuration Debug for project STM32C031XX_drivers ****
make -j8 all 
arm-none-eabi-size  STM32C031XX_drivers.elf 
   text	   data	    bss	    dec	    hex	filename
   2048	      0	   1568	   3616	    e20	STM32C031XX_drivers.elf
Finished building: default.size.stdout
 
20:01:30 **** Incremental Build of configuration Debug for project STM32C031XX_drivers ****
make -j8 all 
arm-none-eabi-gcc "../Src/003_Button_Interrupt.c" -mcpu=cortex-m0plus -std=gnu11 -g3 -DDEBUG -DNUCLEO_C031C6 -DSTM32 -DSTM32C0 -DSTM32C031C6Tx -c -I../Inc -I"D:/Solomon/SelfLearning/Udemy/MCU/STM32C031XX_drivers/drivers/Inc" -O0 -ffunction-sections -fdata-sections -Wall -fstack-usage -fcyclomatic-complexity -MMD -MP -MF"Src/003_Button_Interrupt.d" -MT"Src/003_Button_Interrupt.o" --specs=nano.specs -mfloat-abi=soft -mthumb -o "Src/003_Button_Interrupt.o"
arm-none-eabi-gcc -o "STM32C031XX_drivers.elf" @"objects.list"   -mcpu=cortex-m0plus -T"D:\Solomon\SelfLearning\Udemy\MCU\STM32C031XX_drivers\STM32C031C6TX_FLASH.ld" --specs=nosys.specs -Wl,-Map="STM32C031XX_drivers.map" -Wl,--gc-sections -static --specs=nano.specs -mfloat-abi=soft -mthumb -Wl,--start-group -lc -lm -Wl,--end-group
Finished building target: STM32C031XX_drivers.elf
 
arm-none-eabi-size  STM32C031XX_drivers.elf 
arm-none-eabi-objdump -h -S STM32C031XX_drivers.elf  > "STM32C031XX_drivers.list"
   text	   data	    bss	    dec	    hex	filename
   2044	      0	   1568	   3612	    e1c	STM32C031XX_drivers.elf
Finished building: default.size.stdout
 
Finished building: STM32C031XX_drivers.list
 
20:04:30 **** Incremental Build of configuration Debug for project STM32C031XX_drivers ****
make -j8 all 
arm-none-eabi-size  STM32C031XX_drivers.elf 
   text	   data	    bss	    dec	    hex	filename
   2044	      0	   1568	   3612	    e1c	STM32C031XX_drivers.elf
Finished building: default.size.stdout
 
20:44:06 **** Incremental Build of configuration Debug for project STM32C031XX_drivers ****
make -j8 all 
arm-none-eabi-size  STM32C031XX_drivers.elf 
   text	   data	    bss	    dec	    hex	filename
   2044	      0	   1568	   3612	    e1c	STM32C031XX_drivers.elf
Finished building: default.size.stdout
 
20:46:54 **** Incremental Build of configuration Debug for project STM32C031XX_drivers ****
make -j8 all 
arm-none-eabi-size  STM32C031XX_drivers.elf 
   text	   data	    bss	    dec	    hex	filename
   2044	      0	   1568	   3612	    e1c	STM32C031XX_drivers.elf
Finished building: default.size.stdout
 
20:53:26 **** Incremental Build of configuration Debug for project STM32C031XX_drivers ****
make -j8 all 
arm-none-eabi-gcc "../drivers/Src/stm32c031xx_gpio_driver.c" -mcpu=cortex-m0plus -std=gnu11 -g3 -DDEBUG -DNUCLEO_C031C6 -DSTM32 -DSTM32C0 -DSTM32C031C6Tx -c -I../Inc -I"D:/Solomon/SelfLearning/Udemy/MCU/STM32C031XX_drivers/drivers/Inc" -O0 -ffunction-sections -fdata-sections -Wall -fstack-usage -fcyclomatic-complexity -MMD -MP -MF"drivers/Src/stm32c031xx_gpio_driver.d" -MT"drivers/Src/stm32c031xx_gpio_driver.o" --specs=nano.specs -mfloat-abi=soft -mthumb -o "drivers/Src/stm32c031xx_gpio_driver.o"
arm-none-eabi-gcc -o "STM32C031XX_drivers.elf" @"objects.list"   -mcpu=cortex-m0plus -T"D:\Solomon\SelfLearning\Udemy\MCU\STM32C031XX_drivers\STM32C031C6TX_FLASH.ld" --specs=nosys.specs -Wl,-Map="STM32C031XX_drivers.map" -Wl,--gc-sections -static --specs=nano.specs -mfloat-abi=soft -mthumb -Wl,--start-group -lc -lm -Wl,--end-group
Finished building target: STM32C031XX_drivers.elf
 
arm-none-eabi-size  STM32C031XX_drivers.elf 
arm-none-eabi-objdump -h -S STM32C031XX_drivers.elf  > "STM32C031XX_drivers.list"
   text	   data	    bss	    dec	    hex	filename
   2044	      0	   1568	   3612	    e1c	STM32C031XX_drivers.elf
Finished building: default.size.stdout
 
Finished building: STM32C031XX_drivers.list
 
21:07:47 **** Incremental Build of configuration Debug for project STM32C031XX_drivers ****
make -j8 all 
arm-none-eabi-gcc "../Src/003_Button_Interrupt.c" -mcpu=cortex-m0plus -std=gnu11 -g3 -DDEBUG -DNUCLEO_C031C6 -DSTM32 -DSTM32C0 -DSTM32C031C6Tx -c -I../Inc -I"D:/Solomon/SelfLearning/Udemy/MCU/STM32C031XX_drivers/drivers/Inc" -O0 -ffunction-sections -fdata-sections -Wall -fstack-usage -fcyclomatic-complexity -MMD -MP -MF"Src/003_Button_Interrupt.d" -MT"Src/003_Button_Interrupt.o" --specs=nano.specs -mfloat-abi=soft -mthumb -o "Src/003_Button_Interrupt.o"
arm-none-eabi-gcc -o "STM32C031XX_drivers.elf" @"objects.list"   -mcpu=cortex-m0plus -T"D:\Solomon\SelfLearning\Udemy\MCU\STM32C031XX_drivers\STM32C031C6TX_FLASH.ld" --specs=nosys.specs -Wl,-Map="STM32C031XX_drivers.map" -Wl,--gc-sections -static --specs=nano.specs -mfloat-abi=soft -mthumb -Wl,--start-group -lc -lm -Wl,--end-group
Finished building target: STM32C031XX_drivers.elf
 
arm-none-eabi-size  STM32C031XX_drivers.elf 
arm-none-eabi-objdump -h -S STM32C031XX_drivers.elf  > "STM32C031XX_drivers.list"
   text	   data	    bss	    dec	    hex	filename
   2060	      0	   1568	   3628	    e2c	STM32C031XX_drivers.elf
Finished building: default.size.stdout
 
Finished building: STM32C031XX_drivers.list
 
21:20:18 **** Incremental Build of configuration Debug for project STM32C031XX_drivers ****
make -j8 all 
arm-none-eabi-gcc "../drivers/Src/main.c" -mcpu=cortex-m0plus -std=gnu11 -g3 -DDEBUG -DNUCLEO_C031C6 -DSTM32 -DSTM32C0 -DSTM32C031C6Tx -c -I../Inc -I"D:/Solomon/SelfLearning/Udemy/MCU/STM32C031XX_drivers/drivers/Inc" -O0 -ffunction-sections -fdata-sections -Wall -fstack-usage -fcyclomatic-complexity -MMD -MP -MF"drivers/Src/main.d" -MT"drivers/Src/main.o" --specs=nano.specs -mfloat-abi=soft -mthumb -o "drivers/Src/main.o"
arm-none-eabi-gcc "../drivers/Src/stm32c031xx_gpio_driver.c" -mcpu=cortex-m0plus -std=gnu11 -g3 -DDEBUG -DNUCLEO_C031C6 -DSTM32 -DSTM32C0 -DSTM32C031C6Tx -c -I../Inc -I"D:/Solomon/SelfLearning/Udemy/MCU/STM32C031XX_drivers/drivers/Inc" -O0 -ffunction-sections -fdata-sections -Wall -fstack-usage -fcyclomatic-complexity -MMD -MP -MF"drivers/Src/stm32c031xx_gpio_driver.d" -MT"drivers/Src/stm32c031xx_gpio_driver.o" --specs=nano.specs -mfloat-abi=soft -mthumb -o "drivers/Src/stm32c031xx_gpio_driver.o"
arm-none-eabi-gcc "../Src/003_Button_Interrupt.c" -mcpu=cortex-m0plus -std=gnu11 -g3 -DDEBUG -DNUCLEO_C031C6 -DSTM32 -DSTM32C0 -DSTM32C031C6Tx -c -I../Inc -I"D:/Solomon/SelfLearning/Udemy/MCU/STM32C031XX_drivers/drivers/Inc" -O0 -ffunction-sections -fdata-sections -Wall -fstack-usage -fcyclomatic-complexity -MMD -MP -MF"Src/003_Button_Interrupt.d" -MT"Src/003_Button_Interrupt.o" --specs=nano.specs -mfloat-abi=soft -mthumb -o "Src/003_Button_Interrupt.o"
arm-none-eabi-gcc -o "STM32C031XX_drivers.elf" @"objects.list"   -mcpu=cortex-m0plus -T"D:\Solomon\SelfLearning\Udemy\MCU\STM32C031XX_drivers\STM32C031C6TX_FLASH.ld" --specs=nosys.specs -Wl,-Map="STM32C031XX_drivers.map" -Wl,--gc-sections -static --specs=nano.specs -mfloat-abi=soft -mthumb -Wl,--start-group -lc -lm -Wl,--end-group
Finished building target: STM32C031XX_drivers.elf
 
arm-none-eabi-size  STM32C031XX_drivers.elf 
arm-none-eabi-objdump -h -S STM32C031XX_drivers.elf  > "STM32C031XX_drivers.list"
   text	   data	    bss	    dec	    hex	filename
   2060	      0	   1568	   3628	    e2c	STM32C031XX_drivers.elf
Finished building: default.size.stdout
 
Finished building: STM32C031XX_drivers.list
 
21:39:56 **** Incremental Build of configuration Debug for project STM32C031XX_drivers ****
make -j8 all 
arm-none-eabi-gcc "../drivers/Src/main.c" -mcpu=cortex-m0plus -std=gnu11 -g3 -DDEBUG -DNUCLEO_C031C6 -DSTM32 -DSTM32C0 -DSTM32C031C6Tx -c -I../Inc -I"D:/Solomon/SelfLearning/Udemy/MCU/STM32C031XX_drivers/drivers/Inc" -O0 -ffunction-sections -fdata-sections -Wall -fstack-usage -fcyclomatic-complexity -MMD -MP -MF"drivers/Src/main.d" -MT"drivers/Src/main.o" --specs=nano.specs -mfloat-abi=soft -mthumb -o "drivers/Src/main.o"
arm-none-eabi-gcc "../drivers/Src/stm32c031xx_gpio_driver.c" -mcpu=cortex-m0plus -std=gnu11 -g3 -DDEBUG -DNUCLEO_C031C6 -DSTM32 -DSTM32C0 -DSTM32C031C6Tx -c -I../Inc -I"D:/Solomon/SelfLearning/Udemy/MCU/STM32C031XX_drivers/drivers/Inc" -O0 -ffunction-sections -fdata-sections -Wall -fstack-usage -fcyclomatic-complexity -MMD -MP -MF"drivers/Src/stm32c031xx_gpio_driver.d" -MT"drivers/Src/stm32c031xx_gpio_driver.o" --specs=nano.specs -mfloat-abi=soft -mthumb -o "drivers/Src/stm32c031xx_gpio_driver.o"
arm-none-eabi-gcc "../Src/003_Button_Interrupt.c" -mcpu=cortex-m0plus -std=gnu11 -g3 -DDEBUG -DNUCLEO_C031C6 -DSTM32 -DSTM32C0 -DSTM32C031C6Tx -c -I../Inc -I"D:/Solomon/SelfLearning/Udemy/MCU/STM32C031XX_drivers/drivers/Inc" -O0 -ffunction-sections -fdata-sections -Wall -fstack-usage -fcyclomatic-complexity -MMD -MP -MF"Src/003_Button_Interrupt.d" -MT"Src/003_Button_Interrupt.o" --specs=nano.specs -mfloat-abi=soft -mthumb -o "Src/003_Button_Interrupt.o"
arm-none-eabi-gcc -o "STM32C031XX_drivers.elf" @"objects.list"   -mcpu=cortex-m0plus -T"D:\Solomon\SelfLearning\Udemy\MCU\STM32C031XX_drivers\STM32C031C6TX_FLASH.ld" --specs=nosys.specs -Wl,-Map="STM32C031XX_drivers.map" -Wl,--gc-sections -static --specs=nano.specs -mfloat-abi=soft -mthumb -Wl,--start-group -lc -lm -Wl,--end-group
Finished building target: STM32C031XX_drivers.elf
 
arm-none-eabi-size  STM32C031XX_drivers.elf 
arm-none-eabi-objdump -h -S STM32C031XX_drivers.elf  > "STM32C031XX_drivers.list"
   text	   data	    bss	    dec	    hex	filename
   2052	      0	   1568	   3620	    e24	STM32C031XX_drivers.elf
Finished building: default.size.stdout
 
Finished building: STM32C031XX_drivers.list
 
21:40:40 **** Incremental Build of configuration Debug for project STM32C031XX_drivers ****
make -j8 all 
arm-none-eabi-size  STM32C031XX_drivers.elf 
   text	   data	    bss	    dec	    hex	filename
   2052	      0	   1568	   3620	    e24	STM32C031XX_drivers.elf
Finished building: default.size.stdout
 
21:50:49 **** Incremental Build of configuration Debug for project STM32C031XX_drivers ****
make -j8 all 
arm-none-eabi-gcc "../drivers/Src/main.c" -mcpu=cortex-m0plus -std=gnu11 -g3 -DDEBUG -DNUCLEO_C031C6 -DSTM32 -DSTM32C0 -DSTM32C031C6Tx -c -I../Inc -I"D:/Solomon/SelfLearning/Udemy/MCU/STM32C031XX_drivers/drivers/Inc" -O0 -ffunction-sections -fdata-sections -Wall -fstack-usage -fcyclomatic-complexity -MMD -MP -MF"drivers/Src/main.d" -MT"drivers/Src/main.o" --specs=nano.specs -mfloat-abi=soft -mthumb -o "drivers/Src/main.o"
arm-none-eabi-gcc "../drivers/Src/stm32c031xx_gpio_driver.c" -mcpu=cortex-m0plus -std=gnu11 -g3 -DDEBUG -DNUCLEO_C031C6 -DSTM32 -DSTM32C0 -DSTM32C031C6Tx -c -I../Inc -I"D:/Solomon/SelfLearning/Udemy/MCU/STM32C031XX_drivers/drivers/Inc" -O0 -ffunction-sections -fdata-sections -Wall -fstack-usage -fcyclomatic-complexity -MMD -MP -MF"drivers/Src/stm32c031xx_gpio_driver.d" -MT"drivers/Src/stm32c031xx_gpio_driver.o" --specs=nano.specs -mfloat-abi=soft -mthumb -o "drivers/Src/stm32c031xx_gpio_driver.o"
arm-none-eabi-gcc "../Src/003_Button_Interrupt.c" -mcpu=cortex-m0plus -std=gnu11 -g3 -DDEBUG -DNUCLEO_C031C6 -DSTM32 -DSTM32C0 -DSTM32C031C6Tx -c -I../Inc -I"D:/Solomon/SelfLearning/Udemy/MCU/STM32C031XX_drivers/drivers/Inc" -O0 -ffunction-sections -fdata-sections -Wall -fstack-usage -fcyclomatic-complexity -MMD -MP -MF"Src/003_Button_Interrupt.d" -MT"Src/003_Button_Interrupt.o" --specs=nano.specs -mfloat-abi=soft -mthumb -o "Src/003_Button_Interrupt.o"
arm-none-eabi-gcc -o "STM32C031XX_drivers.elf" @"objects.list"   -mcpu=cortex-m0plus -T"D:\Solomon\SelfLearning\Udemy\MCU\STM32C031XX_drivers\STM32C031C6TX_FLASH.ld" --specs=nosys.specs -Wl,-Map="STM32C031XX_drivers.map" -Wl,--gc-sections -static --specs=nano.specs -mfloat-abi=soft -mthumb -Wl,--start-group -lc -lm -Wl,--end-group
Finished building target: STM32C031XX_drivers.elf
 
arm-none-eabi-size  STM32C031XX_drivers.elf 
arm-none-eabi-objdump -h -S STM32C031XX_drivers.elf  > "STM32C031XX_drivers.list"
   text	   data	    bss	    dec	    hex	filename
   2052	      0	   1568	   3620	    e24	STM32C031XX_drivers.elf
Finished building: default.size.stdout
 
Finished building: STM32C031XX_drivers.list
 
21:57:30 **** Incremental Build of configuration Debug for project STM32C031XX_drivers ****
make -j8 all 
arm-none-eabi-gcc "../drivers/Src/main.c" -mcpu=cortex-m0plus -std=gnu11 -g3 -DDEBUG -DNUCLEO_C031C6 -DSTM32 -DSTM32C0 -DSTM32C031C6Tx -c -I../Inc -I"D:/Solomon/SelfLearning/Udemy/MCU/STM32C031XX_drivers/drivers/Inc" -O0 -ffunction-sections -fdata-sections -Wall -fstack-usage -fcyclomatic-complexity -MMD -MP -MF"drivers/Src/main.d" -MT"drivers/Src/main.o" --specs=nano.specs -mfloat-abi=soft -mthumb -o "drivers/Src/main.o"
arm-none-eabi-gcc "../drivers/Src/stm32c031xx_gpio_driver.c" -mcpu=cortex-m0plus -std=gnu11 -g3 -DDEBUG -DNUCLEO_C031C6 -DSTM32 -DSTM32C0 -DSTM32C031C6Tx -c -I../Inc -I"D:/Solomon/SelfLearning/Udemy/MCU/STM32C031XX_drivers/drivers/Inc" -O0 -ffunction-sections -fdata-sections -Wall -fstack-usage -fcyclomatic-complexity -MMD -MP -MF"drivers/Src/stm32c031xx_gpio_driver.d" -MT"drivers/Src/stm32c031xx_gpio_driver.o" --specs=nano.specs -mfloat-abi=soft -mthumb -o "drivers/Src/stm32c031xx_gpio_driver.o"
arm-none-eabi-gcc "../Src/003_Button_Interrupt.c" -mcpu=cortex-m0plus -std=gnu11 -g3 -DDEBUG -DNUCLEO_C031C6 -DSTM32 -DSTM32C0 -DSTM32C031C6Tx -c -I../Inc -I"D:/Solomon/SelfLearning/Udemy/MCU/STM32C031XX_drivers/drivers/Inc" -O0 -ffunction-sections -fdata-sections -Wall -fstack-usage -fcyclomatic-complexity -MMD -MP -MF"Src/003_Button_Interrupt.d" -MT"Src/003_Button_Interrupt.o" --specs=nano.specs -mfloat-abi=soft -mthumb -o "Src/003_Button_Interrupt.o"
arm-none-eabi-gcc -o "STM32C031XX_drivers.elf" @"objects.list"   -mcpu=cortex-m0plus -T"D:\Solomon\SelfLearning\Udemy\MCU\STM32C031XX_drivers\STM32C031C6TX_FLASH.ld" --specs=nosys.specs -Wl,-Map="STM32C031XX_drivers.map" -Wl,--gc-sections -static --specs=nano.specs -mfloat-abi=soft -mthumb -Wl,--start-group -lc -lm -Wl,--end-group
Finished building target: STM32C031XX_drivers.elf
 
arm-none-eabi-size  STM32C031XX_drivers.elf 
arm-none-eabi-objdump -h -S STM32C031XX_drivers.elf  > "STM32C031XX_drivers.list"
   text	   data	    bss	    dec	    hex	filename
   2060	      0	   1568	   3628	    e2c	STM32C031XX_drivers.elf
Finished building: default.size.stdout
 
Finished building: STM32C031XX_drivers.list
 
22:01:01 **** Incremental Build of configuration Debug for project STM32C031XX_drivers ****
make -j8 all 
arm-none-eabi-size  STM32C031XX_drivers.elf 
   text	   data	    bss	    dec	    hex	filename
   2060	      0	   1568	   3628	    e2c	STM32C031XX_drivers.elf
Finished building: default.size.stdout
 
22:03:32 **** Incremental Build of configuration Debug for project STM32C031XX_drivers ****
make -j8 all 
arm-none-eabi-gcc "../drivers/Src/main.c" -mcpu=cortex-m0plus -std=gnu11 -g3 -DDEBUG -DNUCLEO_C031C6 -DSTM32 -DSTM32C0 -DSTM32C031C6Tx -c -I../Inc -I"D:/Solomon/SelfLearning/Udemy/MCU/STM32C031XX_drivers/drivers/Inc" -O0 -ffunction-sections -fdata-sections -Wall -fstack-usage -fcyclomatic-complexity -MMD -MP -MF"drivers/Src/main.d" -MT"drivers/Src/main.o" --specs=nano.specs -mfloat-abi=soft -mthumb -o "drivers/Src/main.o"
arm-none-eabi-gcc "../drivers/Src/stm32c031xx_gpio_driver.c" -mcpu=cortex-m0plus -std=gnu11 -g3 -DDEBUG -DNUCLEO_C031C6 -DSTM32 -DSTM32C0 -DSTM32C031C6Tx -c -I../Inc -I"D:/Solomon/SelfLearning/Udemy/MCU/STM32C031XX_drivers/drivers/Inc" -O0 -ffunction-sections -fdata-sections -Wall -fstack-usage -fcyclomatic-complexity -MMD -MP -MF"drivers/Src/stm32c031xx_gpio_driver.d" -MT"drivers/Src/stm32c031xx_gpio_driver.o" --specs=nano.specs -mfloat-abi=soft -mthumb -o "drivers/Src/stm32c031xx_gpio_driver.o"
arm-none-eabi-gcc "../Src/003_Button_Interrupt.c" -mcpu=cortex-m0plus -std=gnu11 -g3 -DDEBUG -DNUCLEO_C031C6 -DSTM32 -DSTM32C0 -DSTM32C031C6Tx -c -I../Inc -I"D:/Solomon/SelfLearning/Udemy/MCU/STM32C031XX_drivers/drivers/Inc" -O0 -ffunction-sections -fdata-sections -Wall -fstack-usage -fcyclomatic-complexity -MMD -MP -MF"Src/003_Button_Interrupt.d" -MT"Src/003_Button_Interrupt.o" --specs=nano.specs -mfloat-abi=soft -mthumb -o "Src/003_Button_Interrupt.o"
arm-none-eabi-gcc -o "STM32C031XX_drivers.elf" @"objects.list"   -mcpu=cortex-m0plus -T"D:\Solomon\SelfLearning\Udemy\MCU\STM32C031XX_drivers\STM32C031C6TX_FLASH.ld" --specs=nosys.specs -Wl,-Map="STM32C031XX_drivers.map" -Wl,--gc-sections -static --specs=nano.specs -mfloat-abi=soft -mthumb -Wl,--start-group -lc -lm -Wl,--end-group
Finished building target: STM32C031XX_drivers.elf
 
arm-none-eabi-size  STM32C031XX_drivers.elf 
arm-none-eabi-objdump -h -S STM32C031XX_drivers.elf  > "STM32C031XX_drivers.list"
   text	   data	    bss	    dec	    hex	filename
   2052	      0	   1568	   3620	    e24	STM32C031XX_drivers.elf
Finished building: default.size.stdout
 
Finished building: STM32C031XX_drivers.list
 
22:35:35 **** Incremental Build of configuration Debug for project STM32C031XX_drivers ****
make -j8 all 
arm-none-eabi-size  STM32C031XX_drivers.elf 
   text	   data	    bss	    dec	    hex	filename
   2052	      0	   1568	   3620	    e24	STM32C031XX_drivers.elf
Finished building: default.size.stdout
 
22:42:35 **** Incremental Build of configuration Debug for project STM32C031XX_drivers ****
make -j8 all 
arm-none-eabi-gcc "../drivers/Src/main.c" -mcpu=cortex-m0plus -std=gnu11 -g3 -DDEBUG -DNUCLEO_C031C6 -DSTM32 -DSTM32C0 -DSTM32C031C6Tx -c -I../Inc -I"D:/Solomon/SelfLearning/Udemy/MCU/STM32C031XX_drivers/drivers/Inc" -O0 -ffunction-sections -fdata-sections -Wall -fstack-usage -fcyclomatic-complexity -MMD -MP -MF"drivers/Src/main.d" -MT"drivers/Src/main.o" --specs=nano.specs -mfloat-abi=soft -mthumb -o "drivers/Src/main.o"
arm-none-eabi-gcc "../drivers/Src/stm32c031xx_gpio_driver.c" -mcpu=cortex-m0plus -std=gnu11 -g3 -DDEBUG -DNUCLEO_C031C6 -DSTM32 -DSTM32C0 -DSTM32C031C6Tx -c -I../Inc -I"D:/Solomon/SelfLearning/Udemy/MCU/STM32C031XX_drivers/drivers/Inc" -O0 -ffunction-sections -fdata-sections -Wall -fstack-usage -fcyclomatic-complexity -MMD -MP -MF"drivers/Src/stm32c031xx_gpio_driver.d" -MT"drivers/Src/stm32c031xx_gpio_driver.o" --specs=nano.specs -mfloat-abi=soft -mthumb -o "drivers/Src/stm32c031xx_gpio_driver.o"
arm-none-eabi-gcc "../Src/003_Button_Interrupt.c" -mcpu=cortex-m0plus -std=gnu11 -g3 -DDEBUG -DNUCLEO_C031C6 -DSTM32 -DSTM32C0 -DSTM32C031C6Tx -c -I../Inc -I"D:/Solomon/SelfLearning/Udemy/MCU/STM32C031XX_drivers/drivers/Inc" -O0 -ffunction-sections -fdata-sections -Wall -fstack-usage -fcyclomatic-complexity -MMD -MP -MF"Src/003_Button_Interrupt.d" -MT"Src/003_Button_Interrupt.o" --specs=nano.specs -mfloat-abi=soft -mthumb -o "Src/003_Button_Interrupt.o"
arm-none-eabi-gcc -o "STM32C031XX_drivers.elf" @"objects.list"   -mcpu=cortex-m0plus -T"D:\Solomon\SelfLearning\Udemy\MCU\STM32C031XX_drivers\STM32C031C6TX_FLASH.ld" --specs=nosys.specs -Wl,-Map="STM32C031XX_drivers.map" -Wl,--gc-sections -static --specs=nano.specs -mfloat-abi=soft -mthumb -Wl,--start-group -lc -lm -Wl,--end-group
Finished building target: STM32C031XX_drivers.elf
 
arm-none-eabi-size  STM32C031XX_drivers.elf 
arm-none-eabi-objdump -h -S STM32C031XX_drivers.elf  > "STM32C031XX_drivers.list"
   text	   data	    bss	    dec	    hex	filename
   2052	      0	   1568	   3620	    e24	STM32C031XX_drivers.elf
Finished building: default.size.stdout
 
Finished building: STM32C031XX_drivers.list
 
22:43:37 **** Incremental Build of configuration Debug for project STM32C031XX_drivers ****
make -j8 all 
arm-none-eabi-gcc "../Src/003_Button_Interrupt.c" -mcpu=cortex-m0plus -std=gnu11 -g3 -DDEBUG -DNUCLEO_C031C6 -DSTM32 -DSTM32C0 -DSTM32C031C6Tx -c -I../Inc -I"D:/Solomon/SelfLearning/Udemy/MCU/STM32C031XX_drivers/drivers/Inc" -O0 -ffunction-sections -fdata-sections -Wall -fstack-usage -fcyclomatic-complexity -MMD -MP -MF"Src/003_Button_Interrupt.d" -MT"Src/003_Button_Interrupt.o" --specs=nano.specs -mfloat-abi=soft -mthumb -o "Src/003_Button_Interrupt.o"
arm-none-eabi-gcc -o "STM32C031XX_drivers.elf" @"objects.list"   -mcpu=cortex-m0plus -T"D:\Solomon\SelfLearning\Udemy\MCU\STM32C031XX_drivers\STM32C031C6TX_FLASH.ld" --specs=nosys.specs -Wl,-Map="STM32C031XX_drivers.map" -Wl,--gc-sections -static --specs=nano.specs -mfloat-abi=soft -mthumb -Wl,--start-group -lc -lm -Wl,--end-group
Finished building target: STM32C031XX_drivers.elf
 
arm-none-eabi-size  STM32C031XX_drivers.elf 
arm-none-eabi-objdump -h -S STM32C031XX_drivers.elf  > "STM32C031XX_drivers.list"
   text	   data	    bss	    dec	    hex	filename
   2052	      0	   1568	   3620	    e24	STM32C031XX_drivers.elf
Finished building: default.size.stdout
 
Finished building: STM32C031XX_drivers.list
 
23:01:45 **** Incremental Build of configuration Debug for project STM32C031XX_drivers ****
make -j8 all 
arm-none-eabi-gcc "../Src/003_Button_Interrupt.c" -mcpu=cortex-m0plus -std=gnu11 -g3 -DDEBUG -DNUCLEO_C031C6 -DSTM32 -DSTM32C0 -DSTM32C031C6Tx -c -I../Inc -I"D:/Solomon/SelfLearning/Udemy/MCU/STM32C031XX_drivers/drivers/Inc" -O0 -ffunction-sections -fdata-sections -Wall -fstack-usage -fcyclomatic-complexity -MMD -MP -MF"Src/003_Button_Interrupt.d" -MT"Src/003_Button_Interrupt.o" --specs=nano.specs -mfloat-abi=soft -mthumb -o "Src/003_Button_Interrupt.o"
arm-none-eabi-gcc -o "STM32C031XX_drivers.elf" @"objects.list"   -mcpu=cortex-m0plus -T"D:\Solomon\SelfLearning\Udemy\MCU\STM32C031XX_drivers\STM32C031C6TX_FLASH.ld" --specs=nosys.specs -Wl,-Map="STM32C031XX_drivers.map" -Wl,--gc-sections -static --specs=nano.specs -mfloat-abi=soft -mthumb -Wl,--start-group -lc -lm -Wl,--end-group
Finished building target: STM32C031XX_drivers.elf
 
arm-none-eabi-size  STM32C031XX_drivers.elf 
arm-none-eabi-objdump -h -S STM32C031XX_drivers.elf  > "STM32C031XX_drivers.list"
   text	   data	    bss	    dec	    hex	filename
   2096	      0	   1568	   3664	    e50	STM32C031XX_drivers.elf
Finished building: default.size.stdout
 
Finished building: STM32C031XX_drivers.list
 
23:02:20 **** Incremental Build of configuration Debug for project STM32C031XX_drivers ****
make -j8 all 
arm-none-eabi-size  STM32C031XX_drivers.elf 
   text	   data	    bss	    dec	    hex	filename
   2096	      0	   1568	   3664	    e50	STM32C031XX_drivers.elf
Finished building: default.size.stdout
 
23:08:25 **** Incremental Build of configuration Debug for project STM32C031XX_drivers ****
make -j8 all 
arm-none-eabi-gcc "../drivers/Src/main.c" -mcpu=cortex-m0plus -std=gnu11 -g3 -DDEBUG -DNUCLEO_C031C6 -DSTM32 -DSTM32C0 -DSTM32C031C6Tx -c -I../Inc -I"D:/Solomon/SelfLearning/Udemy/MCU/STM32C031XX_drivers/drivers/Inc" -O0 -ffunction-sections -fdata-sections -Wall -fstack-usage -fcyclomatic-complexity -MMD -MP -MF"drivers/Src/main.d" -MT"drivers/Src/main.o" --specs=nano.specs -mfloat-abi=soft -mthumb -o "drivers/Src/main.o"
arm-none-eabi-gcc "../drivers/Src/stm32c031xx_gpio_driver.c" -mcpu=cortex-m0plus -std=gnu11 -g3 -DDEBUG -DNUCLEO_C031C6 -DSTM32 -DSTM32C0 -DSTM32C031C6Tx -c -I../Inc -I"D:/Solomon/SelfLearning/Udemy/MCU/STM32C031XX_drivers/drivers/Inc" -O0 -ffunction-sections -fdata-sections -Wall -fstack-usage -fcyclomatic-complexity -MMD -MP -MF"drivers/Src/stm32c031xx_gpio_driver.d" -MT"drivers/Src/stm32c031xx_gpio_driver.o" --specs=nano.specs -mfloat-abi=soft -mthumb -o "drivers/Src/stm32c031xx_gpio_driver.o"
arm-none-eabi-gcc "../Src/003_Button_Interrupt.c" -mcpu=cortex-m0plus -std=gnu11 -g3 -DDEBUG -DNUCLEO_C031C6 -DSTM32 -DSTM32C0 -DSTM32C031C6Tx -c -I../Inc -I"D:/Solomon/SelfLearning/Udemy/MCU/STM32C031XX_drivers/drivers/Inc" -O0 -ffunction-sections -fdata-sections -Wall -fstack-usage -fcyclomatic-complexity -MMD -MP -MF"Src/003_Button_Interrupt.d" -MT"Src/003_Button_Interrupt.o" --specs=nano.specs -mfloat-abi=soft -mthumb -o "Src/003_Button_Interrupt.o"
arm-none-eabi-gcc -o "STM32C031XX_drivers.elf" @"objects.list"   -mcpu=cortex-m0plus -T"D:\Solomon\SelfLearning\Udemy\MCU\STM32C031XX_drivers\STM32C031C6TX_FLASH.ld" --specs=nosys.specs -Wl,-Map="STM32C031XX_drivers.map" -Wl,--gc-sections -static --specs=nano.specs -mfloat-abi=soft -mthumb -Wl,--start-group -lc -lm -Wl,--end-group
Finished building target: STM32C031XX_drivers.elf
 
arm-none-eabi-size  STM32C031XX_drivers.elf 
arm-none-eabi-objdump -h -S STM32C031XX_drivers.elf  > "STM32C031XX_drivers.list"
   text	   data	    bss	    dec	    hex	filename
   2096	      0	   1568	   3664	    e50	STM32C031XX_drivers.elf
Finished building: default.size.stdout
 
Finished building: STM32C031XX_drivers.list
 
23:11:06 **** Incremental Build of configuration Debug for project STM32C031XX_drivers ****
make -j8 all 
arm-none-eabi-gcc "../Src/003_Button_Interrupt.c" -mcpu=cortex-m0plus -std=gnu11 -g3 -DDEBUG -DNUCLEO_C031C6 -DSTM32 -DSTM32C0 -DSTM32C031C6Tx -c -I../Inc -I"D:/Solomon/SelfLearning/Udemy/MCU/STM32C031XX_drivers/drivers/Inc" -O0 -ffunction-sections -fdata-sections -Wall -fstack-usage -fcyclomatic-complexity -MMD -MP -MF"Src/003_Button_Interrupt.d" -MT"Src/003_Button_Interrupt.o" --specs=nano.specs -mfloat-abi=soft -mthumb -o "Src/003_Button_Interrupt.o"
arm-none-eabi-gcc -o "STM32C031XX_drivers.elf" @"objects.list"   -mcpu=cortex-m0plus -T"D:\Solomon\SelfLearning\Udemy\MCU\STM32C031XX_drivers\STM32C031C6TX_FLASH.ld" --specs=nosys.specs -Wl,-Map="STM32C031XX_drivers.map" -Wl,--gc-sections -static --specs=nano.specs -mfloat-abi=soft -mthumb -Wl,--start-group -lc -lm -Wl,--end-group
Finished building target: STM32C031XX_drivers.elf
 
arm-none-eabi-size  STM32C031XX_drivers.elf 
arm-none-eabi-objdump -h -S STM32C031XX_drivers.elf  > "STM32C031XX_drivers.list"
   text	   data	    bss	    dec	    hex	filename
   2080	      0	   1568	   3648	    e40	STM32C031XX_drivers.elf
Finished building: default.size.stdout
 
Finished building: STM32C031XX_drivers.list
 
23:11:53 **** Incremental Build of configuration Debug for project STM32C031XX_drivers ****
make -j8 all 
arm-none-eabi-gcc "../Src/003_Button_Interrupt.c" -mcpu=cortex-m0plus -std=gnu11 -g3 -DDEBUG -DNUCLEO_C031C6 -DSTM32 -DSTM32C0 -DSTM32C031C6Tx -c -I../Inc -I"D:/Solomon/SelfLearning/Udemy/MCU/STM32C031XX_drivers/drivers/Inc" -O0 -ffunction-sections -fdata-sections -Wall -fstack-usage -fcyclomatic-complexity -MMD -MP -MF"Src/003_Button_Interrupt.d" -MT"Src/003_Button_Interrupt.o" --specs=nano.specs -mfloat-abi=soft -mthumb -o "Src/003_Button_Interrupt.o"
arm-none-eabi-gcc -o "STM32C031XX_drivers.elf" @"objects.list"   -mcpu=cortex-m0plus -T"D:\Solomon\SelfLearning\Udemy\MCU\STM32C031XX_drivers\STM32C031C6TX_FLASH.ld" --specs=nosys.specs -Wl,-Map="STM32C031XX_drivers.map" -Wl,--gc-sections -static --specs=nano.specs -mfloat-abi=soft -mthumb -Wl,--start-group -lc -lm -Wl,--end-group
Finished building target: STM32C031XX_drivers.elf
 
arm-none-eabi-size  STM32C031XX_drivers.elf 
arm-none-eabi-objdump -h -S STM32C031XX_drivers.elf  > "STM32C031XX_drivers.list"
   text	   data	    bss	    dec	    hex	filename
   2096	      0	   1568	   3664	    e50	STM32C031XX_drivers.elf
Finished building: default.size.stdout
 
Finished building: STM32C031XX_drivers.list
 
23:19:25 **** Incremental Build of configuration Debug for project STM32C031XX_drivers ****
make -j8 all 
arm-none-eabi-size  STM32C031XX_drivers.elf 
   text	   data	    bss	    dec	    hex	filename
   2096	      0	   1568	   3664	    e50	STM32C031XX_drivers.elf
Finished building: default.size.stdout
 
23:20:30 **** Incremental Build of configuration Debug for project STM32C031XX_drivers ****
make -j8 all 
arm-none-eabi-gcc "../Src/003_Button_Interrupt.c" -mcpu=cortex-m0plus -std=gnu11 -g3 -DDEBUG -DNUCLEO_C031C6 -DSTM32 -DSTM32C0 -DSTM32C031C6Tx -c -I../Inc -I"D:/Solomon/SelfLearning/Udemy/MCU/STM32C031XX_drivers/drivers/Inc" -O0 -ffunction-sections -fdata-sections -Wall -fstack-usage -fcyclomatic-complexity -MMD -MP -MF"Src/003_Button_Interrupt.d" -MT"Src/003_Button_Interrupt.o" --specs=nano.specs -mfloat-abi=soft -mthumb -o "Src/003_Button_Interrupt.o"
arm-none-eabi-gcc -o "STM32C031XX_drivers.elf" @"objects.list"   -mcpu=cortex-m0plus -T"D:\Solomon\SelfLearning\Udemy\MCU\STM32C031XX_drivers\STM32C031C6TX_FLASH.ld" --specs=nosys.specs -Wl,-Map="STM32C031XX_drivers.map" -Wl,--gc-sections -static --specs=nano.specs -mfloat-abi=soft -mthumb -Wl,--start-group -lc -lm -Wl,--end-group
Finished building target: STM32C031XX_drivers.elf
 
arm-none-eabi-size  STM32C031XX_drivers.elf 
arm-none-eabi-objdump -h -S STM32C031XX_drivers.elf  > "STM32C031XX_drivers.list"
   text	   data	    bss	    dec	    hex	filename
   2096	      0	   1568	   3664	    e50	STM32C031XX_drivers.elf
Finished building: default.size.stdout
 
Finished building: STM32C031XX_drivers.list
 
23:21:35 **** Incremental Build of configuration Debug for project STM32C031XX_drivers ****
make -j8 all 
arm-none-eabi-size  STM32C031XX_drivers.elf 
   text	   data	    bss	    dec	    hex	filename
   2096	      0	   1568	   3664	    e50	STM32C031XX_drivers.elf
Finished building: default.size.stdout
 
23:34:19 **** Incremental Build of configuration Debug for project STM32C031XX_drivers ****
make -j8 all 
arm-none-eabi-gcc "../drivers/Src/stm32c031xx_gpio_driver.c" -mcpu=cortex-m0plus -std=gnu11 -g3 -DDEBUG -DNUCLEO_C031C6 -DSTM32 -DSTM32C0 -DSTM32C031C6Tx -c -I../Inc -I"D:/Solomon/SelfLearning/Udemy/MCU/STM32C031XX_drivers/drivers/Inc" -O0 -ffunction-sections -fdata-sections -Wall -fstack-usage -fcyclomatic-complexity -MMD -MP -MF"drivers/Src/stm32c031xx_gpio_driver.d" -MT"drivers/Src/stm32c031xx_gpio_driver.o" --specs=nano.specs -mfloat-abi=soft -mthumb -o "drivers/Src/stm32c031xx_gpio_driver.o"
arm-none-eabi-gcc -o "STM32C031XX_drivers.elf" @"objects.list"   -mcpu=cortex-m0plus -T"D:\Solomon\SelfLearning\Udemy\MCU\STM32C031XX_drivers\STM32C031C6TX_FLASH.ld" --specs=nosys.specs -Wl,-Map="STM32C031XX_drivers.map" -Wl,--gc-sections -static --specs=nano.specs -mfloat-abi=soft -mthumb -Wl,--start-group -lc -lm -Wl,--end-group
Finished building target: STM32C031XX_drivers.elf
 
arm-none-eabi-size  STM32C031XX_drivers.elf 
arm-none-eabi-objdump -h -S STM32C031XX_drivers.elf  > "STM32C031XX_drivers.list"
   text	   data	    bss	    dec	    hex	filename
   2096	      0	   1568	   3664	    e50	STM32C031XX_drivers.elf
Finished building: default.size.stdout
 
Finished building: STM32C031XX_drivers.list
 
23:38:01 **** Incremental Build of configuration Debug for project STM32C031XX_drivers ****
make -j8 all 
arm-none-eabi-size  STM32C031XX_drivers.elf 
   text	   data	    bss	    dec	    hex	filename
   2096	      0	   1568	   3664	    e50	STM32C031XX_drivers.elf
Finished building: default.size.stdout
 
23:49:10 **** Incremental Build of configuration Debug for project STM32C031XX_drivers ****
make -j8 all 
arm-none-eabi-gcc "../drivers/Src/stm32c031xx_gpio_driver.c" -mcpu=cortex-m0plus -std=gnu11 -g3 -DDEBUG -DNUCLEO_C031C6 -DSTM32 -DSTM32C0 -DSTM32C031C6Tx -c -I../Inc -I"D:/Solomon/SelfLearning/Udemy/MCU/STM32C031XX_drivers/drivers/Inc" -O0 -ffunction-sections -fdata-sections -Wall -fstack-usage -fcyclomatic-complexity -MMD -MP -MF"drivers/Src/stm32c031xx_gpio_driver.d" -MT"drivers/Src/stm32c031xx_gpio_driver.o" --specs=nano.specs -mfloat-abi=soft -mthumb -o "drivers/Src/stm32c031xx_gpio_driver.o"
arm-none-eabi-gcc -o "STM32C031XX_drivers.elf" @"objects.list"   -mcpu=cortex-m0plus -T"D:\Solomon\SelfLearning\Udemy\MCU\STM32C031XX_drivers\STM32C031C6TX_FLASH.ld" --specs=nosys.specs -Wl,-Map="STM32C031XX_drivers.map" -Wl,--gc-sections -static --specs=nano.specs -mfloat-abi=soft -mthumb -Wl,--start-group -lc -lm -Wl,--end-group
Finished building target: STM32C031XX_drivers.elf
 
arm-none-eabi-size  STM32C031XX_drivers.elf 
arm-none-eabi-objdump -h -S STM32C031XX_drivers.elf  > "STM32C031XX_drivers.list"
   text	   data	    bss	    dec	    hex	filename
   2096	      0	   1568	   3664	    e50	STM32C031XX_drivers.elf
Finished building: default.size.stdout
 
Finished building: STM32C031XX_drivers.list
 
23:55:13 **** Incremental Build of configuration Debug for project STM32C031XX_drivers ****
make -j8 all 
arm-none-eabi-gcc "../drivers/Src/stm32c031xx_gpio_driver.c" -mcpu=cortex-m0plus -std=gnu11 -g3 -DDEBUG -DNUCLEO_C031C6 -DSTM32 -DSTM32C0 -DSTM32C031C6Tx -c -I../Inc -I"D:/Solomon/SelfLearning/Udemy/MCU/STM32C031XX_drivers/drivers/Inc" -O0 -ffunction-sections -fdata-sections -Wall -fstack-usage -fcyclomatic-complexity -MMD -MP -MF"drivers/Src/stm32c031xx_gpio_driver.d" -MT"drivers/Src/stm32c031xx_gpio_driver.o" --specs=nano.specs -mfloat-abi=soft -mthumb -o "drivers/Src/stm32c031xx_gpio_driver.o"
arm-none-eabi-gcc -o "STM32C031XX_drivers.elf" @"objects.list"   -mcpu=cortex-m0plus -T"D:\Solomon\SelfLearning\Udemy\MCU\STM32C031XX_drivers\STM32C031C6TX_FLASH.ld" --specs=nosys.specs -Wl,-Map="STM32C031XX_drivers.map" -Wl,--gc-sections -static --specs=nano.specs -mfloat-abi=soft -mthumb -Wl,--start-group -lc -lm -Wl,--end-group
Finished building target: STM32C031XX_drivers.elf
 
arm-none-eabi-size  STM32C031XX_drivers.elf 
arm-none-eabi-objdump -h -S STM32C031XX_drivers.elf  > "STM32C031XX_drivers.list"
   text	   data	    bss	    dec	    hex	filename
   2096	      0	   1568	   3664	    e50	STM32C031XX_drivers.elf
Finished building: default.size.stdout
 
Finished building: STM32C031XX_drivers.list
 
00:05:59 **** Incremental Build of configuration Debug for project STM32C031XX_drivers ****
make -j8 all 
arm-none-eabi-gcc "../drivers/Src/stm32c031xx_gpio_driver.c" -mcpu=cortex-m0plus -std=gnu11 -g3 -DDEBUG -DNUCLEO_C031C6 -DSTM32 -DSTM32C0 -DSTM32C031C6Tx -c -I../Inc -I"D:/Solomon/SelfLearning/Udemy/MCU/STM32C031XX_drivers/drivers/Inc" -O0 -ffunction-sections -fdata-sections -Wall -fstack-usage -fcyclomatic-complexity -MMD -MP -MF"drivers/Src/stm32c031xx_gpio_driver.d" -MT"drivers/Src/stm32c031xx_gpio_driver.o" --specs=nano.specs -mfloat-abi=soft -mthumb -o "drivers/Src/stm32c031xx_gpio_driver.o"
arm-none-eabi-gcc -o "STM32C031XX_drivers.elf" @"objects.list"   -mcpu=cortex-m0plus -T"D:\Solomon\SelfLearning\Udemy\MCU\STM32C031XX_drivers\STM32C031C6TX_FLASH.ld" --specs=nosys.specs -Wl,-Map="STM32C031XX_drivers.map" -Wl,--gc-sections -static --specs=nano.specs -mfloat-abi=soft -mthumb -Wl,--start-group -lc -lm -Wl,--end-group
Finished building target: STM32C031XX_drivers.elf
 
arm-none-eabi-size  STM32C031XX_drivers.elf 
arm-none-eabi-objdump -h -S STM32C031XX_drivers.elf  > "STM32C031XX_drivers.list"
   text	   data	    bss	    dec	    hex	filename
   2096	      0	   1568	   3664	    e50	STM32C031XX_drivers.elf
Finished building: default.size.stdout
 
Finished building: STM32C031XX_drivers.list
 
00:14:22 **** Incremental Build of configuration Debug for project STM32C031XX_drivers ****
make -j8 all 
arm-none-eabi-gcc "../Src/003_Button_Interrupt.c" -mcpu=cortex-m0plus -std=gnu11 -g3 -DDEBUG -DNUCLEO_C031C6 -DSTM32 -DSTM32C0 -DSTM32C031C6Tx -c -I../Inc -I"D:/Solomon/SelfLearning/Udemy/MCU/STM32C031XX_drivers/drivers/Inc" -O0 -ffunction-sections -fdata-sections -Wall -fstack-usage -fcyclomatic-complexity -MMD -MP -MF"Src/003_Button_Interrupt.d" -MT"Src/003_Button_Interrupt.o" --specs=nano.specs -mfloat-abi=soft -mthumb -o "Src/003_Button_Interrupt.o"
arm-none-eabi-gcc -o "STM32C031XX_drivers.elf" @"objects.list"   -mcpu=cortex-m0plus -T"D:\Solomon\SelfLearning\Udemy\MCU\STM32C031XX_drivers\STM32C031C6TX_FLASH.ld" --specs=nosys.specs -Wl,-Map="STM32C031XX_drivers.map" -Wl,--gc-sections -static --specs=nano.specs -mfloat-abi=soft -mthumb -Wl,--start-group -lc -lm -Wl,--end-group
Finished building target: STM32C031XX_drivers.elf
 
arm-none-eabi-size  STM32C031XX_drivers.elf 
arm-none-eabi-objdump -h -S STM32C031XX_drivers.elf  > "STM32C031XX_drivers.list"
   text	   data	    bss	    dec	    hex	filename
   2096	      0	   1568	   3664	    e50	STM32C031XX_drivers.elf
Finished building: default.size.stdout
 
Finished building: STM32C031XX_drivers.list
 
09:52:12 **** Incremental Build of configuration Debug for project STM32C031XX_drivers ****
make -j8 all 
arm-none-eabi-size  STM32C031XX_drivers.elf 
   text	   data	    bss	    dec	    hex	filename
   2096	      0	   1568	   3664	    e50	STM32C031XX_drivers.elf
Finished building: default.size.stdout
 
09:57:01 **** Incremental Build of configuration Debug for project STM32C031XX_drivers ****
make -j8 all 
arm-none-eabi-size  STM32C031XX_drivers.elf 
   text	   data	    bss	    dec	    hex	filename
   2096	      0	   1568	   3664	    e50	STM32C031XX_drivers.elf
Finished building: default.size.stdout
 
10:08:41 **** Incremental Build of configuration Debug for project STM32C031XX_drivers ****
make -j8 all 
arm-none-eabi-gcc "../drivers/Src/stm32c031xx_gpio_driver.c" -mcpu=cortex-m0plus -std=gnu11 -g3 -DDEBUG -DNUCLEO_C031C6 -DSTM32 -DSTM32C0 -DSTM32C031C6Tx -c -I../Inc -I"D:/Solomon/SelfLearning/Udemy/MCU/STM32C031XX_drivers/drivers/Inc" -O0 -ffunction-sections -fdata-sections -Wall -fstack-usage -fcyclomatic-complexity -MMD -MP -MF"drivers/Src/stm32c031xx_gpio_driver.d" -MT"drivers/Src/stm32c031xx_gpio_driver.o" --specs=nano.specs -mfloat-abi=soft -mthumb -o "drivers/Src/stm32c031xx_gpio_driver.o"
arm-none-eabi-gcc -o "STM32C031XX_drivers.elf" @"objects.list"   -mcpu=cortex-m0plus -T"D:\Solomon\SelfLearning\Udemy\MCU\STM32C031XX_drivers\STM32C031C6TX_FLASH.ld" --specs=nosys.specs -Wl,-Map="STM32C031XX_drivers.map" -Wl,--gc-sections -static --specs=nano.specs -mfloat-abi=soft -mthumb -Wl,--start-group -lc -lm -Wl,--end-group
Finished building target: STM32C031XX_drivers.elf
 
arm-none-eabi-size  STM32C031XX_drivers.elf 
arm-none-eabi-objdump -h -S STM32C031XX_drivers.elf  > "STM32C031XX_drivers.list"
   text	   data	    bss	    dec	    hex	filename
   2096	      0	   1568	   3664	    e50	STM32C031XX_drivers.elf
Finished building: default.size.stdout
 
Finished building: STM32C031XX_drivers.list
 
10:12:33 **** Incremental Build of configuration Debug for project STM32C031XX_drivers ****
make -j8 all 
arm-none-eabi-size  STM32C031XX_drivers.elf 
   text	   data	    bss	    dec	    hex	filename
   2096	      0	   1568	   3664	    e50	STM32C031XX_drivers.elf
Finished building: default.size.stdout
 
10:23:58 **** Incremental Build of configuration Debug for project STM32C031XX_drivers ****
make -j8 all 
arm-none-eabi-size  STM32C031XX_drivers.elf 
   text	   data	    bss	    dec	    hex	filename
   2096	      0	   1568	   3664	    e50	STM32C031XX_drivers.elf
Finished building: default.size.stdout
 
10:43:33 **** Incremental Build of configuration Debug for project STM32C031XX_drivers ****
make -j8 all 
arm-none-eabi-size  STM32C031XX_drivers.elf 
   text	   data	    bss	    dec	    hex	filename
   2096	      0	   1568	   3664	    e50	STM32C031XX_drivers.elf
Finished building: default.size.stdout
 
10:52:31 **** Incremental Build of configuration Debug for project STM32C031XX_drivers ****
make -j8 all 
arm-none-eabi-size  STM32C031XX_drivers.elf 
   text	   data	    bss	    dec	    hex	filename
   2096	      0	   1568	   3664	    e50	STM32C031XX_drivers.elf
Finished building: default.size.stdout
 
10:56:21 **** Incremental Build of configuration Debug for project STM32C031XX_drivers ****
make -j8 all 
arm-none-eabi-gcc "../Src/003_Button_Interrupt.c" -mcpu=cortex-m0plus -std=gnu11 -g3 -DDEBUG -DNUCLEO_C031C6 -DSTM32 -DSTM32C0 -DSTM32C031C6Tx -c -I../Inc -I"D:/Solomon/SelfLearning/Udemy/MCU/STM32C031XX_drivers/drivers/Inc" -O0 -ffunction-sections -fdata-sections -Wall -fstack-usage -fcyclomatic-complexity -MMD -MP -MF"Src/003_Button_Interrupt.d" -MT"Src/003_Button_Interrupt.o" --specs=nano.specs -mfloat-abi=soft -mthumb -o "Src/003_Button_Interrupt.o"
../Src/003_Button_Interrupt.c: In function 'main':
../Src/003_Button_Interrupt.c:46:9: warning: implicit declaration of function 'memset' [-Wimplicit-function-declaration]
   46 |         memset(&GpioButton,0,sizeof(GpioButton));
      |         ^~~~~~
../Src/003_Button_Interrupt.c:30:1: note: include '<string.h>' or provide a declaration of 'memset'
   29 | #include "stm32c031xx.h"
  +++ |+#include <string.h>
   30 | 
../Src/003_Button_Interrupt.c:46:9: warning: incompatible implicit declaration of built-in function 'memset' [-Wbuiltin-declaration-mismatch]
   46 |         memset(&GpioButton,0,sizeof(GpioButton));
      |         ^~~~~~
../Src/003_Button_Interrupt.c:46:9: note: include '<string.h>' or provide a declaration of 'memset'
arm-none-eabi-gcc -o "STM32C031XX_drivers.elf" @"objects.list"   -mcpu=cortex-m0plus -T"D:\Solomon\SelfLearning\Udemy\MCU\STM32C031XX_drivers\STM32C031C6TX_FLASH.ld" --specs=nosys.specs -Wl,-Map="STM32C031XX_drivers.map" -Wl,--gc-sections -static --specs=nano.specs -mfloat-abi=soft -mthumb -Wl,--start-group -lc -lm -Wl,--end-group
Finished building target: STM32C031XX_drivers.elf
 
arm-none-eabi-size  STM32C031XX_drivers.elf 
arm-none-eabi-objdump -h -S STM32C031XX_drivers.elf  > "STM32C031XX_drivers.list"
   text	   data	    bss	    dec	    hex	filename
   2124	      0	   1568	   3692	    e6c	STM32C031XX_drivers.elf
Finished building: default.size.stdout
 
Finished building: STM32C031XX_drivers.list
 
10:59:26 **** Incremental Build of configuration Debug for project STM32C031XX_drivers ****
make -j8 all 
arm-none-eabi-gcc "../Src/003_Button_Interrupt.c" -mcpu=cortex-m0plus -std=gnu11 -g3 -DDEBUG -DNUCLEO_C031C6 -DSTM32 -DSTM32C0 -DSTM32C031C6Tx -c -I../Inc -I"D:/Solomon/SelfLearning/Udemy/MCU/STM32C031XX_drivers/drivers/Inc" -O0 -ffunction-sections -fdata-sections -Wall -fstack-usage -fcyclomatic-complexity -MMD -MP -MF"Src/003_Button_Interrupt.d" -MT"Src/003_Button_Interrupt.o" --specs=nano.specs -mfloat-abi=soft -mthumb -o "Src/003_Button_Interrupt.o"
arm-none-eabi-gcc -o "STM32C031XX_drivers.elf" @"objects.list"   -mcpu=cortex-m0plus -T"D:\Solomon\SelfLearning\Udemy\MCU\STM32C031XX_drivers\STM32C031C6TX_FLASH.ld" --specs=nosys.specs -Wl,-Map="STM32C031XX_drivers.map" -Wl,--gc-sections -static --specs=nano.specs -mfloat-abi=soft -mthumb -Wl,--start-group -lc -lm -Wl,--end-group
Finished building target: STM32C031XX_drivers.elf
 
arm-none-eabi-size  STM32C031XX_drivers.elf 
arm-none-eabi-objdump -h -S STM32C031XX_drivers.elf  > "STM32C031XX_drivers.list"
   text	   data	    bss	    dec	    hex	filename
   2124	      0	   1568	   3692	    e6c	STM32C031XX_drivers.elf
Finished building: default.size.stdout
 
Finished building: STM32C031XX_drivers.list
 
11:04:41 **** Incremental Build of configuration Debug for project STM32C031XX_drivers ****
make -j8 all 
arm-none-eabi-gcc "../Src/003_Button_Interrupt.c" -mcpu=cortex-m0plus -std=gnu11 -g3 -DDEBUG -DNUCLEO_C031C6 -DSTM32 -DSTM32C0 -DSTM32C031C6Tx -c -I../Inc -I"D:/Solomon/SelfLearning/Udemy/MCU/STM32C031XX_drivers/drivers/Inc" -O0 -ffunction-sections -fdata-sections -Wall -fstack-usage -fcyclomatic-complexity -MMD -MP -MF"Src/003_Button_Interrupt.d" -MT"Src/003_Button_Interrupt.o" --specs=nano.specs -mfloat-abi=soft -mthumb -o "Src/003_Button_Interrupt.o"
arm-none-eabi-gcc -o "STM32C031XX_drivers.elf" @"objects.list"   -mcpu=cortex-m0plus -T"D:\Solomon\SelfLearning\Udemy\MCU\STM32C031XX_drivers\STM32C031C6TX_FLASH.ld" --specs=nosys.specs -Wl,-Map="STM32C031XX_drivers.map" -Wl,--gc-sections -static --specs=nano.specs -mfloat-abi=soft -mthumb -Wl,--start-group -lc -lm -Wl,--end-group
Finished building target: STM32C031XX_drivers.elf
 
arm-none-eabi-size  STM32C031XX_drivers.elf 
arm-none-eabi-objdump -h -S STM32C031XX_drivers.elf  > "STM32C031XX_drivers.list"
   text	   data	    bss	    dec	    hex	filename
   2136	      0	   1568	   3704	    e78	STM32C031XX_drivers.elf
Finished building: default.size.stdout
 
Finished building: STM32C031XX_drivers.list
 
11:25:26 **** Incremental Build of configuration Debug for project STM32C031XX_drivers ****
make -j8 all 
arm-none-eabi-gcc "../drivers/Src/stm32c031xx_gpio_driver.c" -mcpu=cortex-m0plus -std=gnu11 -g3 -DDEBUG -DNUCLEO_C031C6 -DSTM32 -DSTM32C0 -DSTM32C031C6Tx -c -I../Inc -I"D:/Solomon/SelfLearning/Udemy/MCU/STM32C031XX_drivers/drivers/Inc" -O0 -ffunction-sections -fdata-sections -Wall -fstack-usage -fcyclomatic-complexity -MMD -MP -MF"drivers/Src/stm32c031xx_gpio_driver.d" -MT"drivers/Src/stm32c031xx_gpio_driver.o" --specs=nano.specs -mfloat-abi=soft -mthumb -o "drivers/Src/stm32c031xx_gpio_driver.o"
arm-none-eabi-gcc -o "STM32C031XX_drivers.elf" @"objects.list"   -mcpu=cortex-m0plus -T"D:\Solomon\SelfLearning\Udemy\MCU\STM32C031XX_drivers\STM32C031C6TX_FLASH.ld" --specs=nosys.specs -Wl,-Map="STM32C031XX_drivers.map" -Wl,--gc-sections -static --specs=nano.specs -mfloat-abi=soft -mthumb -Wl,--start-group -lc -lm -Wl,--end-group
Finished building target: STM32C031XX_drivers.elf
 
arm-none-eabi-size  STM32C031XX_drivers.elf 
arm-none-eabi-objdump -h -S STM32C031XX_drivers.elf  > "STM32C031XX_drivers.list"
   text	   data	    bss	    dec	    hex	filename
   2196	      0	   1568	   3764	    eb4	STM32C031XX_drivers.elf
Finished building: default.size.stdout
 
Finished building: STM32C031XX_drivers.list
 
11:26:30 **** Incremental Build of configuration Debug for project STM32C031XX_drivers ****
make -j8 all 
arm-none-eabi-size  STM32C031XX_drivers.elf 
   text	   data	    bss	    dec	    hex	filename
   2196	      0	   1568	   3764	    eb4	STM32C031XX_drivers.elf
Finished building: default.size.stdout
 
11:32:46 **** Incremental Build of configuration Debug for project STM32C031XX_drivers ****
make -j8 all 
arm-none-eabi-size  STM32C031XX_drivers.elf 
   text	   data	    bss	    dec	    hex	filename
   2196	      0	   1568	   3764	    eb4	STM32C031XX_drivers.elf
Finished building: default.size.stdout
 
11:35:54 **** Incremental Build of configuration Debug for project STM32C031XX_drivers ****
make -j8 all 
arm-none-eabi-gcc "../drivers/Src/stm32c031xx_gpio_driver.c" -mcpu=cortex-m0plus -std=gnu11 -g3 -DDEBUG -DNUCLEO_C031C6 -DSTM32 -DSTM32C0 -DSTM32C031C6Tx -c -I../Inc -I"D:/Solomon/SelfLearning/Udemy/MCU/STM32C031XX_drivers/drivers/Inc" -O0 -ffunction-sections -fdata-sections -Wall -fstack-usage -fcyclomatic-complexity -MMD -MP -MF"drivers/Src/stm32c031xx_gpio_driver.d" -MT"drivers/Src/stm32c031xx_gpio_driver.o" --specs=nano.specs -mfloat-abi=soft -mthumb -o "drivers/Src/stm32c031xx_gpio_driver.o"
arm-none-eabi-gcc -o "STM32C031XX_drivers.elf" @"objects.list"   -mcpu=cortex-m0plus -T"D:\Solomon\SelfLearning\Udemy\MCU\STM32C031XX_drivers\STM32C031C6TX_FLASH.ld" --specs=nosys.specs -Wl,-Map="STM32C031XX_drivers.map" -Wl,--gc-sections -static --specs=nano.specs -mfloat-abi=soft -mthumb -Wl,--start-group -lc -lm -Wl,--end-group
Finished building target: STM32C031XX_drivers.elf
 
arm-none-eabi-size  STM32C031XX_drivers.elf 
arm-none-eabi-objdump -h -S STM32C031XX_drivers.elf  > "STM32C031XX_drivers.list"
   text	   data	    bss	    dec	    hex	filename
   2196	      0	   1568	   3764	    eb4	STM32C031XX_drivers.elf
Finished building: default.size.stdout
 
Finished building: STM32C031XX_drivers.list
 
11:39:46 **** Incremental Build of configuration Debug for project STM32C031XX_drivers ****
make -j8 all 
arm-none-eabi-gcc "../drivers/Src/stm32c031xx_gpio_driver.c" -mcpu=cortex-m0plus -std=gnu11 -g3 -DDEBUG -DNUCLEO_C031C6 -DSTM32 -DSTM32C0 -DSTM32C031C6Tx -c -I../Inc -I"D:/Solomon/SelfLearning/Udemy/MCU/STM32C031XX_drivers/drivers/Inc" -O0 -ffunction-sections -fdata-sections -Wall -fstack-usage -fcyclomatic-complexity -MMD -MP -MF"drivers/Src/stm32c031xx_gpio_driver.d" -MT"drivers/Src/stm32c031xx_gpio_driver.o" --specs=nano.specs -mfloat-abi=soft -mthumb -o "drivers/Src/stm32c031xx_gpio_driver.o"
arm-none-eabi-gcc -o "STM32C031XX_drivers.elf" @"objects.list"   -mcpu=cortex-m0plus -T"D:\Solomon\SelfLearning\Udemy\MCU\STM32C031XX_drivers\STM32C031C6TX_FLASH.ld" --specs=nosys.specs -Wl,-Map="STM32C031XX_drivers.map" -Wl,--gc-sections -static --specs=nano.specs -mfloat-abi=soft -mthumb -Wl,--start-group -lc -lm -Wl,--end-group
Finished building target: STM32C031XX_drivers.elf
 
arm-none-eabi-size  STM32C031XX_drivers.elf 
arm-none-eabi-objdump -h -S STM32C031XX_drivers.elf  > "STM32C031XX_drivers.list"
   text	   data	    bss	    dec	    hex	filename
   2180	      0	   1568	   3748	    ea4	STM32C031XX_drivers.elf
Finished building: default.size.stdout
 
Finished building: STM32C031XX_drivers.list
 
11:42:31 **** Incremental Build of configuration Debug for project STM32C031XX_drivers ****
make -j8 all 
arm-none-eabi-size  STM32C031XX_drivers.elf 
   text	   data	    bss	    dec	    hex	filename
   2180	      0	   1568	   3748	    ea4	STM32C031XX_drivers.elf
Finished building: default.size.stdout
 
11:59:26 **** Incremental Build of configuration Debug for project STM32C031XX_drivers ****
make -j8 all 
arm-none-eabi-gcc "../drivers/Src/stm32c031xx_gpio_driver.c" -mcpu=cortex-m0plus -std=gnu11 -g3 -DDEBUG -DNUCLEO_C031C6 -DSTM32 -DSTM32C0 -DSTM32C031C6Tx -c -I../Inc -I"D:/Solomon/SelfLearning/Udemy/MCU/STM32C031XX_drivers/drivers/Inc" -O0 -ffunction-sections -fdata-sections -Wall -fstack-usage -fcyclomatic-complexity -MMD -MP -MF"drivers/Src/stm32c031xx_gpio_driver.d" -MT"drivers/Src/stm32c031xx_gpio_driver.o" --specs=nano.specs -mfloat-abi=soft -mthumb -o "drivers/Src/stm32c031xx_gpio_driver.o"
arm-none-eabi-gcc -o "STM32C031XX_drivers.elf" @"objects.list"   -mcpu=cortex-m0plus -T"D:\Solomon\SelfLearning\Udemy\MCU\STM32C031XX_drivers\STM32C031C6TX_FLASH.ld" --specs=nosys.specs -Wl,-Map="STM32C031XX_drivers.map" -Wl,--gc-sections -static --specs=nano.specs -mfloat-abi=soft -mthumb -Wl,--start-group -lc -lm -Wl,--end-group
Finished building target: STM32C031XX_drivers.elf
 
arm-none-eabi-size  STM32C031XX_drivers.elf 
arm-none-eabi-objdump -h -S STM32C031XX_drivers.elf  > "STM32C031XX_drivers.list"
   text	   data	    bss	    dec	    hex	filename
   2168	      0	   1568	   3736	    e98	STM32C031XX_drivers.elf
Finished building: default.size.stdout
 
Finished building: STM32C031XX_drivers.list
 
12:01:58 **** Incremental Build of configuration Debug for project STM32C031XX_drivers ****
make -j8 all 
arm-none-eabi-gcc "../Src/003_Button_Interrupt.c" -mcpu=cortex-m0plus -std=gnu11 -g3 -DDEBUG -DNUCLEO_C031C6 -DSTM32 -DSTM32C0 -DSTM32C031C6Tx -c -I../Inc -I"D:/Solomon/SelfLearning/Udemy/MCU/STM32C031XX_drivers/drivers/Inc" -O0 -ffunction-sections -fdata-sections -Wall -fstack-usage -fcyclomatic-complexity -MMD -MP -MF"Src/003_Button_Interrupt.d" -MT"Src/003_Button_Interrupt.o" --specs=nano.specs -mfloat-abi=soft -mthumb -o "Src/003_Button_Interrupt.o"
arm-none-eabi-gcc -o "STM32C031XX_drivers.elf" @"objects.list"   -mcpu=cortex-m0plus -T"D:\Solomon\SelfLearning\Udemy\MCU\STM32C031XX_drivers\STM32C031C6TX_FLASH.ld" --specs=nosys.specs -Wl,-Map="STM32C031XX_drivers.map" -Wl,--gc-sections -static --specs=nano.specs -mfloat-abi=soft -mthumb -Wl,--start-group -lc -lm -Wl,--end-group
Finished building target: STM32C031XX_drivers.elf
 
arm-none-eabi-size  STM32C031XX_drivers.elf 
arm-none-eabi-objdump -h -S STM32C031XX_drivers.elf  > "STM32C031XX_drivers.list"
   text	   data	    bss	    dec	    hex	filename
   2168	      0	   1568	   3736	    e98	STM32C031XX_drivers.elf
Finished building: default.size.stdout
 
Finished building: STM32C031XX_drivers.list
 
12:13:24 **** Incremental Build of configuration Debug for project STM32C031XX_drivers ****
make -j8 all 
arm-none-eabi-gcc "../drivers/Src/stm32c031xx_gpio_driver.c" -mcpu=cortex-m0plus -std=gnu11 -g3 -DDEBUG -DNUCLEO_C031C6 -DSTM32 -DSTM32C0 -DSTM32C031C6Tx -c -I../Inc -I"D:/Solomon/SelfLearning/Udemy/MCU/STM32C031XX_drivers/drivers/Inc" -O0 -ffunction-sections -fdata-sections -Wall -fstack-usage -fcyclomatic-complexity -MMD -MP -MF"drivers/Src/stm32c031xx_gpio_driver.d" -MT"drivers/Src/stm32c031xx_gpio_driver.o" --specs=nano.specs -mfloat-abi=soft -mthumb -o "drivers/Src/stm32c031xx_gpio_driver.o"
arm-none-eabi-gcc "../Src/003_Button_Interrupt.c" -mcpu=cortex-m0plus -std=gnu11 -g3 -DDEBUG -DNUCLEO_C031C6 -DSTM32 -DSTM32C0 -DSTM32C031C6Tx -c -I../Inc -I"D:/Solomon/SelfLearning/Udemy/MCU/STM32C031XX_drivers/drivers/Inc" -O0 -ffunction-sections -fdata-sections -Wall -fstack-usage -fcyclomatic-complexity -MMD -MP -MF"Src/003_Button_Interrupt.d" -MT"Src/003_Button_Interrupt.o" --specs=nano.specs -mfloat-abi=soft -mthumb -o "Src/003_Button_Interrupt.o"
../Src/003_Button_Interrupt.c: In function 'main':
../Src/003_Button_Interrupt.c:83:9: warning: implicit declaration of function 'SYSCFG_PeriClkControl'; did you mean 'GPIO_PeriClkControl'? [-Wimplicit-function-declaration]
   83 |         SYSCFG_PeriClkControl(ENABLE);
      |         ^~~~~~~~~~~~~~~~~~~~~
      |         GPIO_PeriClkControl
arm-none-eabi-gcc -o "STM32C031XX_drivers.elf" @"objects.list"   -mcpu=cortex-m0plus -T"D:\Solomon\SelfLearning\Udemy\MCU\STM32C031XX_drivers\STM32C031C6TX_FLASH.ld" --specs=nosys.specs -Wl,-Map="STM32C031XX_drivers.map" -Wl,--gc-sections -static --specs=nano.specs -mfloat-abi=soft -mthumb -Wl,--start-group -lc -lm -Wl,--end-group
Finished building target: STM32C031XX_drivers.elf
 
arm-none-eabi-size  STM32C031XX_drivers.elf 
arm-none-eabi-objdump -h -S STM32C031XX_drivers.elf  > "STM32C031XX_drivers.list"
   text	   data	    bss	    dec	    hex	filename
   2220	      0	   1568	   3788	    ecc	STM32C031XX_drivers.elf
Finished building: default.size.stdout
 
Finished building: STM32C031XX_drivers.list
 
12:14:50 **** Incremental Build of configuration Debug for project STM32C031XX_drivers ****
make -j8 all 
arm-none-eabi-gcc "../drivers/Src/stm32c031xx_gpio_driver.c" -mcpu=cortex-m0plus -std=gnu11 -g3 -DDEBUG -DNUCLEO_C031C6 -DSTM32 -DSTM32C0 -DSTM32C031C6Tx -c -I../Inc -I"D:/Solomon/SelfLearning/Udemy/MCU/STM32C031XX_drivers/drivers/Inc" -O0 -ffunction-sections -fdata-sections -Wall -fstack-usage -fcyclomatic-complexity -MMD -MP -MF"drivers/Src/stm32c031xx_gpio_driver.d" -MT"drivers/Src/stm32c031xx_gpio_driver.o" --specs=nano.specs -mfloat-abi=soft -mthumb -o "drivers/Src/stm32c031xx_gpio_driver.o"
arm-none-eabi-gcc "../Src/003_Button_Interrupt.c" -mcpu=cortex-m0plus -std=gnu11 -g3 -DDEBUG -DNUCLEO_C031C6 -DSTM32 -DSTM32C0 -DSTM32C031C6Tx -c -I../Inc -I"D:/Solomon/SelfLearning/Udemy/MCU/STM32C031XX_drivers/drivers/Inc" -O0 -ffunction-sections -fdata-sections -Wall -fstack-usage -fcyclomatic-complexity -MMD -MP -MF"Src/003_Button_Interrupt.d" -MT"Src/003_Button_Interrupt.o" --specs=nano.specs -mfloat-abi=soft -mthumb -o "Src/003_Button_Interrupt.o"
arm-none-eabi-gcc -o "STM32C031XX_drivers.elf" @"objects.list"   -mcpu=cortex-m0plus -T"D:\Solomon\SelfLearning\Udemy\MCU\STM32C031XX_drivers\STM32C031C6TX_FLASH.ld" --specs=nosys.specs -Wl,-Map="STM32C031XX_drivers.map" -Wl,--gc-sections -static --specs=nano.specs -mfloat-abi=soft -mthumb -Wl,--start-group -lc -lm -Wl,--end-group
Finished building target: STM32C031XX_drivers.elf
 
arm-none-eabi-size  STM32C031XX_drivers.elf 
arm-none-eabi-objdump -h -S STM32C031XX_drivers.elf  > "STM32C031XX_drivers.list"
   text	   data	    bss	    dec	    hex	filename
   2220	      0	   1568	   3788	    ecc	STM32C031XX_drivers.elf
Finished building: default.size.stdout
 
Finished building: STM32C031XX_drivers.list
 
