17:38:12 **** Incremental Build of configuration Debug for project STM32F767XX_drivers ****
make -j8 all 
arm-none-eabi-gcc "../Src/001_LED_Toggle.c" -mcpu=cortex-m7 -std=gnu11 -g3 -DDEBUG -DSTM32 -DNUCLEO_F767ZI -DSTM32F7 -DSTM32F767ZITx -c -I../Inc -I"D:/Solomon/SelfLearning/Udemy/MCU/STM32F767XX_drivers/drivers/Inc" -O0 -ffunction-sections -fdata-sections -Wall -fstack-usage -fcyclomatic-complexity -MMD -MP -MF"Src/001_LED_Toggle.d" -MT"Src/001_LED_Toggle.o" --specs=nano.specs -mfloat-abi=soft -mthumb -o "Src/001_LED_Toggle.o"
arm-none-eabi-gcc -o "STM32F767XX_drivers.elf" @"objects.list"   -mcpu=cortex-m7 -T"D:\Solomon\SelfLearning\Udemy\MCU\STM32F767XX_drivers\STM32F767ZITX_FLASH.ld" --specs=nosys.specs -Wl,-Map="STM32F767XX_drivers.map" -Wl,--gc-sections -static --specs=nano.specs -mfloat-abi=soft -mthumb -Wl,--start-group -lc -lm -Wl,--end-group
Finished building target: STM32F767XX_drivers.elf
 
arm-none-eabi-size  STM32F767XX_drivers.elf 
arm-none-eabi-objdump -h -S STM32F767XX_drivers.elf  > "STM32F767XX_drivers.list"
   text	   data	    bss	    dec	    hex	filename
   5128	     92	   1900	   7120	   1bd0	STM32F767XX_drivers.elf
Finished building: default.size.stdout
 
Finished building: STM32F767XX_drivers.list
 
17:38:29 **** Incremental Build of configuration Debug for project STM32F767XX_drivers ****
make -j8 all 
arm-none-eabi-size  STM32F767XX_drivers.elf 
   text	   data	    bss	    dec	    hex	filename
   5128	     92	   1900	   7120	   1bd0	STM32F767XX_drivers.elf
Finished building: default.size.stdout
 
17:42:02 **** Incremental Build of configuration Debug for project STM32F767XX_drivers ****
make -j8 all 
arm-none-eabi-size  STM32F767XX_drivers.elf 
   text	   data	    bss	    dec	    hex	filename
   5128	     92	   1900	   7120	   1bd0	STM32F767XX_drivers.elf
Finished building: default.size.stdout
 
